Archive member included to satisfy reference by file (symbol)

c:/st/stm32cubeide_1.6.1/stm32cubeide/plugins/com.st.stm32cube.ide.mcu.externaltools.gnu-tools-for-stm32.9-2020-q2-update.win32_1.5.0.202011040924/tools/bin/../lib/gcc/arm-none-eabi/9.3.1/../../../../arm-none-eabi/lib/thumb/v7e-m+fp/hard\libc_nano.a(lib_a-exit.o)
                              c:/st/stm32cubeide_1.6.1/stm32cubeide/plugins/com.st.stm32cube.ide.mcu.externaltools.gnu-tools-for-stm32.9-2020-q2-update.win32_1.5.0.202011040924/tools/bin/../lib/gcc/arm-none-eabi/9.3.1/../../../../arm-none-eabi/lib/thumb/v7e-m+fp/hard/crt0.o (exit)
c:/st/stm32cubeide_1.6.1/stm32cubeide/plugins/com.st.stm32cube.ide.mcu.externaltools.gnu-tools-for-stm32.9-2020-q2-update.win32_1.5.0.202011040924/tools/bin/../lib/gcc/arm-none-eabi/9.3.1/../../../../arm-none-eabi/lib/thumb/v7e-m+fp/hard\libc_nano.a(lib_a-impure.o)
                              c:/st/stm32cubeide_1.6.1/stm32cubeide/plugins/com.st.stm32cube.ide.mcu.externaltools.gnu-tools-for-stm32.9-2020-q2-update.win32_1.5.0.202011040924/tools/bin/../lib/gcc/arm-none-eabi/9.3.1/../../../../arm-none-eabi/lib/thumb/v7e-m+fp/hard\libc_nano.a(lib_a-exit.o) (_global_impure_ptr)
c:/st/stm32cubeide_1.6.1/stm32cubeide/plugins/com.st.stm32cube.ide.mcu.externaltools.gnu-tools-for-stm32.9-2020-q2-update.win32_1.5.0.202011040924/tools/bin/../lib/gcc/arm-none-eabi/9.3.1/../../../../arm-none-eabi/lib/thumb/v7e-m+fp/hard\libc_nano.a(lib_a-init.o)
                              c:/st/stm32cubeide_1.6.1/stm32cubeide/plugins/com.st.stm32cube.ide.mcu.externaltools.gnu-tools-for-stm32.9-2020-q2-update.win32_1.5.0.202011040924/tools/bin/../lib/gcc/arm-none-eabi/9.3.1/../../../../arm-none-eabi/lib/thumb/v7e-m+fp/hard/crt0.o (__libc_init_array)
c:/st/stm32cubeide_1.6.1/stm32cubeide/plugins/com.st.stm32cube.ide.mcu.externaltools.gnu-tools-for-stm32.9-2020-q2-update.win32_1.5.0.202011040924/tools/bin/../lib/gcc/arm-none-eabi/9.3.1/../../../../arm-none-eabi/lib/thumb/v7e-m+fp/hard\libc_nano.a(lib_a-memcpy-stub.o)
                              Core/BSP/Src/bsp_imu.o (memcpy)
c:/st/stm32cubeide_1.6.1/stm32cubeide/plugins/com.st.stm32cube.ide.mcu.externaltools.gnu-tools-for-stm32.9-2020-q2-update.win32_1.5.0.202011040924/tools/bin/../lib/gcc/arm-none-eabi/9.3.1/../../../../arm-none-eabi/lib/thumb/v7e-m+fp/hard\libc_nano.a(lib_a-memset.o)
                              c:/st/stm32cubeide_1.6.1/stm32cubeide/plugins/com.st.stm32cube.ide.mcu.externaltools.gnu-tools-for-stm32.9-2020-q2-update.win32_1.5.0.202011040924/tools/bin/../lib/gcc/arm-none-eabi/9.3.1/../../../../arm-none-eabi/lib/thumb/v7e-m+fp/hard/crt0.o (memset)
c:/st/stm32cubeide_1.6.1/stm32cubeide/plugins/com.st.stm32cube.ide.mcu.externaltools.gnu-tools-for-stm32.9-2020-q2-update.win32_1.5.0.202011040924/tools/bin/../lib/gcc/arm-none-eabi/9.3.1/../../../../arm-none-eabi/lib/thumb/v7e-m+fp/hard\libc_nano.a(lib_a-rand.o)
                              Core/Tasks/Src/movement_control_task.o (rand)
c:/st/stm32cubeide_1.6.1/stm32cubeide/plugins/com.st.stm32cube.ide.mcu.externaltools.gnu-tools-for-stm32.9-2020-q2-update.win32_1.5.0.202011040924/tools/bin/../lib/gcc/arm-none-eabi/9.3.1/../../../../arm-none-eabi/lib/thumb/v7e-m+fp/hard\libc_nano.a(lib_a-vsprintf.o)
                              Core/BSP/Src/bsp_oled.o (vsprintf)
c:/st/stm32cubeide_1.6.1/stm32cubeide/plugins/com.st.stm32cube.ide.mcu.externaltools.gnu-tools-for-stm32.9-2020-q2-update.win32_1.5.0.202011040924/tools/bin/../lib/gcc/arm-none-eabi/9.3.1/../../../../arm-none-eabi/lib/thumb/v7e-m+fp/hard\libc_nano.a(lib_a-assert.o)
                              c:/st/stm32cubeide_1.6.1/stm32cubeide/plugins/com.st.stm32cube.ide.mcu.externaltools.gnu-tools-for-stm32.9-2020-q2-update.win32_1.5.0.202011040924/tools/bin/../lib/gcc/arm-none-eabi/9.3.1/../../../../arm-none-eabi/lib/thumb/v7e-m+fp/hard\libc_nano.a(lib_a-rand.o) (__assert_func)
c:/st/stm32cubeide_1.6.1/stm32cubeide/plugins/com.st.stm32cube.ide.mcu.externaltools.gnu-tools-for-stm32.9-2020-q2-update.win32_1.5.0.202011040924/tools/bin/../lib/gcc/arm-none-eabi/9.3.1/../../../../arm-none-eabi/lib/thumb/v7e-m+fp/hard\libc_nano.a(lib_a-fprintf.o)
                              c:/st/stm32cubeide_1.6.1/stm32cubeide/plugins/com.st.stm32cube.ide.mcu.externaltools.gnu-tools-for-stm32.9-2020-q2-update.win32_1.5.0.202011040924/tools/bin/../lib/gcc/arm-none-eabi/9.3.1/../../../../arm-none-eabi/lib/thumb/v7e-m+fp/hard\libc_nano.a(lib_a-assert.o) (fiprintf)
c:/st/stm32cubeide_1.6.1/stm32cubeide/plugins/com.st.stm32cube.ide.mcu.externaltools.gnu-tools-for-stm32.9-2020-q2-update.win32_1.5.0.202011040924/tools/bin/../lib/gcc/arm-none-eabi/9.3.1/../../../../arm-none-eabi/lib/thumb/v7e-m+fp/hard\libc_nano.a(lib_a-malloc.o)
[...]
Memory Configuration

Name             Origin             Length             Attributes
CCMRAM           0x0000000010000000 0x0000000000010000 xrw
RAM              0x0000000020000000 0x0000000000030000 xrw
FLASH            0x0000000008000000 0x0000000000200000 xr
*default*        0x0000000000000000 0xffffffffffffffff

Linker script and memory map

LOAD c:/st/stm32cubeide_1.6.1/stm32cubeide/plugins/com.st.stm32cube.ide.mcu.externaltools.gnu-tools-for-stm32.9-2020-q2-update.win32_1.5.0.202011040924/tools/bin/../lib/gcc/arm-none-eabi/9.3.1/thumb/v7e-m+fp/hard/crti.o
LOAD c:/st/stm32cubeide_1.6.1/stm32cubeide/plugins/com.st.stm32cube.ide.mcu.externaltools.gnu-tools-for-stm32.9-2020-q2-update.win32_1.5.0.202011040924/tools/bin/../lib/gcc/arm-none-eabi/9.3.1/thumb/v7e-m+fp/hard/crtbegin.o
LOAD c:/st/stm32cubeide_1.6.1/stm32cubeide/plugins/com.st.stm32cube.ide.mcu.externaltools.gnu-tools-for-stm32.9-2020-q2-update.win32_1.5.0.202011040924/tools/bin/../lib/gcc/arm-none-eabi/9.3.1/../../../../arm-none-eabi/lib/thumb/v7e-m+fp/hard/crt0.o
LOAD Core/BSP/Src/bsp_buzzer.o
LOAD Core/BSP/Src/bsp_can.o
LOAD Core/BSP/Src/bsp_dbus_input.o
LOAD Core/BSP/Src/bsp_imu.o
LOAD Core/BSP/Src/bsp_led.o
LOAD Core/BSP/Src/bsp_oled.o
LOAD Core/BSP/Src/bsp_usart.o
LOAD Core/Src/can.o
LOAD Core/Src/dma.o
LOAD Core/Src/freertos.o
LOAD Core/Src/gpio.o
LOAD Core/Src/main.o
LOAD Core/Src/spi.o
LOAD Core/Src/stm32f4xx_hal_msp.o
LOAD Core/Src/stm32f4xx_hal_timebase_tim.o
LOAD Core/Src/stm32f4xx_it.o
LOAD Core/Src/system_stm32f4xx.o
LOAD Core/Src/tim.o
LOAD Core/Src/usart.o
LOAD Core/Startup/startup_stm32f427iihx.o
LOAD Core/Tasks/Src/actuator_feedback.o
LOAD Core/Tasks/Src/gimbal_control_task.o
LOAD Core/Tasks/Src/gun_control_task.o
LOAD Core/Tasks/Src/motor_control.o
LOAD Core/Tasks/Src/movement_control_task.o
LOAD Core/Tasks/Src/rc_input.o
LOAD Core/Tasks/Src/startup_task.o
LOAD Drivers/STM32F4xx_HAL_Driver/Src/stm32f4xx_hal.o
LOAD Drivers/STM32F4xx_HAL_Driver/Src/stm32f4xx_hal_can.o
LOAD Drivers/STM32F4xx_HAL_Driver/Src/stm32f4xx_hal_cortex.o
LOAD Drivers/STM32F4xx_HAL_Driver/Src/stm32f4xx_hal_dma.o
LOAD Drivers/STM32F4xx_HAL_Driver/Src/stm32f4xx_hal_dma_ex.o
LOAD Drivers/STM32F4xx_HAL_Driver/Src/stm32f4xx_hal_exti.o
LOAD Drivers/STM32F4xx_HAL_Driver/Src/stm32f4xx_hal_flash.o
LOAD Drivers/STM32F4xx_HAL_Driver/Src/stm32f4xx_hal_flash_ex.o
LOAD Drivers/STM32F4xx_HAL_Driver/Src/stm32f4xx_hal_flash_ramfunc.o
LOAD Drivers/STM32F4xx_HAL_Driver/Src/stm32f4xx_hal_gpio.o
LOAD Drivers/STM32F4xx_HAL_Driver/Src/stm32f4xx_hal_pwr.o
LOAD Drivers/STM32F4xx_HAL_Driver/Src/stm32f4xx_hal_pwr_ex.o
LOAD Drivers/STM32F4xx_HAL_Driver/Src/stm32f4xx_hal_rcc.o
LOAD Drivers/STM32F4xx_HAL_Driver/Src/stm32f4xx_hal_rcc_ex.o
LOAD Drivers/STM32F4xx_HAL_Driver/Src/stm32f4xx_hal_spi.o
LOAD Drivers/STM32F4xx_HAL_Driver/Src/stm32f4xx_hal_tim.o
LOAD Drivers/STM32F4xx_HAL_Driver/Src/stm32f4xx_hal_tim_ex.o
LOAD Drivers/STM32F4xx_HAL_Driver/Src/stm32f4xx_hal_uart.o
LOAD Middlewares/Third_Party/FreeRTOS/Source/CMSIS_RTOS_V2/cmsis_os2.o
LOAD Middlewares/Third_Party/FreeRTOS/Source/croutine.o
LOAD Middlewares/Third_Party/FreeRTOS/Source/event_groups.o
LOAD Middlewares/Third_Party/FreeRTOS/Source/list.o
LOAD Middlewares/Third_Party/FreeRTOS/Source/queue.o
LOAD Middlewares/Third_Party/FreeRTOS/Source/stream_buffer.o
LOAD Middlewares/Third_Party/FreeRTOS/Source/tasks.o
LOAD Middlewares/Third_Party/FreeRTOS/Source/timers.o
LOAD Middlewares/Third_Party/FreeRTOS/Source/portable/GCC/ARM_CM4F/port.o
LOAD Middlewares/Third_Party/FreeRTOS/Source/portable/MemMang/heap_4.o
START GROUP
LOAD c:/st/stm32cubeide_1.6.1/stm32cubeide/plugins/com.st.stm32cube.ide.mcu.externaltools.gnu-tools-for-stm32.9-2020-q2-update.win32_1.5.0.202011040924/tools/bin/../lib/gcc/arm-none-eabi/9.3.1/../../../../arm-none-eabi/lib/thumb/v7e-m+fp/hard\libc_nano.a
LOAD c:/st/stm32cubeide_1.6.1/stm32cubeide/plugins/com.st.stm32cube.ide.mcu.externaltools.gnu-tools-for-stm32.9-2020-q2-update.win32_1.5.0.202011040924/tools/bin/../lib/gcc/arm-none-eabi/9.3.1/../../../../arm-none-eabi/lib/thumb/v7e-m+fp/hard\libm.a
END GROUP
START GROUP
LOAD c:/st/stm32cubeide_1.6.1/stm32cubeide/plugins/com.st.stm32cube.ide.mcu.externaltools.gnu-tools-for-stm32.9-2020-q2-update.win32_1.5.0.202011040924/tools/bin/../lib/gcc/arm-none-eabi/9.3.1/thumb/v7e-m+fp/hard\libgcc.a
LOAD c:/st/stm32cubeide_1.6.1/stm32cubeide/plugins/com.st.stm32cube.ide.mcu.externaltools.gnu-tools-for-stm32.9-2020-q2-update.win32_1.5.0.202011040924/tools/bin/../lib/gcc/arm-none-eabi/9.3.1/../../../../arm-none-eabi/lib/thumb/v7e-m+fp/hard\libc_nano.a
END GROUP
START GROUP
LOAD c:/st/stm32cubeide_1.6.1/stm32cubeide/plugins/com.st.stm32cube.ide.mcu.externaltools.gnu-tools-for-stm32.9-2020-q2-update.win32_1.5.0.202011040924/tools/bin/../lib/gcc/arm-none-eabi/9.3.1/thumb/v7e-m+fp/hard\libgcc.a
LOAD c:/st/stm32cubeide_1.6.1/stm32cubeide/plugins/com.st.stm32cube.ide.mcu.externaltools.gnu-tools-for-stm32.9-2020-q2-update.win32_1.5.0.202011040924/tools/bin/../lib/gcc/arm-none-eabi/9.3.1/../../../../arm-none-eabi/lib/thumb/v7e-m+fp/hard\libc_nano.a
LOAD c:/st/stm32cubeide_1.6.1/stm32cubeide/plugins/com.st.stm32cube.ide.mcu.externaltools.gnu-tools-for-stm32.9-2020-q2-update.win32_1.5.0.202011040924/tools/bin/../lib/gcc/arm-none-eabi/9.3.1/../../../../arm-none-eabi/lib/thumb/v7e-m+fp/hard\libnosys.a
END GROUP
START GROUP
LOAD c:/st/stm32cubeide_1.6.1/stm32cubeide/plugins/com.st.stm32cube.ide.mcu.externaltools.gnu-tools-for-stm32.9-2020-q2-update.win32_1.5.0.202011040924/tools/bin/../lib/gcc/arm-none-eabi/9.3.1/thumb/v7e-m+fp/hard\libgcc.a
LOAD c:/st/stm32cubeide_1.6.1/stm32cubeide/plugins/com.st.stm32cube.ide.mcu.externaltools.gnu-tools-for-stm32.9-2020-q2-update.win32_1.5.0.202011040924/tools/bin/../lib/gcc/arm-none-eabi/9.3.1/../../../../arm-none-eabi/lib/thumb/v7e-m+fp/hard\libc_nano.a
LOAD c:/st/stm32cubeide_1.6.1/stm32cubeide/plugins/com.st.stm32cube.ide.mcu.externaltools.gnu-tools-for-stm32.9-2020-q2-update.win32_1.5.0.202011040924/tools/bin/../lib/gcc/arm-none-eabi/9.3.1/../../../../arm-none-eabi/lib/thumb/v7e-m+fp/hard\libnosys.a
END GROUP
LOAD c:/st/stm32cubeide_1.6.1/stm32cubeide/plugins/com.st.stm32cube.ide.mcu.externaltools.gnu-tools-for-stm32.9-2020-q2-update.win32_1.5.0.202011040924/tools/bin/../lib/gcc/arm-none-eabi/9.3.1/thumb/v7e-m+fp/hard/crtend.o
LOAD c:/st/stm32cubeide_1.6.1/stm32cubeide/plugins/com.st.stm32cube.ide.mcu.externaltools.gnu-tools-for-stm32.9-2020-q2-update.win32_1.5.0.202011040924/tools/bin/../lib/gcc/arm-none-eabi/9.3.1/thumb/v7e-m+fp/hard/crtn.o
                0x0000000020030000                _estack = (ORIGIN (RAM) + LENGTH (RAM))
                0x0000000000000200                _Min_Heap_Size = 0x200
                0x0000000000000400                _Min_Stack_Size = 0x400

.isr_vector     0x0000000008000000      0x1ac
                0x0000000008000000                . = ALIGN (0x4)
 *(.isr_vector)
 .isr_vector    0x0000000008000000      0x1ac Core/Startup/startup_stm32f427iihx.o
                0x0000000008000000                g_pfnVectors
                0x00000000080001ac                . = ALIGN (0x4)

.text           0x00000000080001b0     0xcbac
                0x00000000080001b0                . = ALIGN (0x4)
 *(.text)
 .text          0x00000000080001b0       0x40 c:/st/stm32cubeide_1.6.1/stm32cubeide/plugins/com.st.stm32cube.ide.mcu.externaltools.gnu-tools-for-stm32.9-2020-q2-update.win32_1.5.0.202011040924/tools/bin/../lib/gcc/arm-none-eabi/9.3.1/thumb/v7e-m+fp/hard/crtbegin.o
 .text          0x00000000080001f0       0xa0 c:/st/stm32cubeide_1.6.1/stm32cubeide/plugins/com.st.stm32cube.ide.mcu.externaltools.gnu-tools-for-stm32.9-2020-q2-update.win32_1.5.0.202011040924/tools/bin/../lib/gcc/arm-none-eabi/9.3.1/../../../../arm-none-eabi/lib/thumb/v7e-m+fp/hard\libc_nano.a(lib_a-memchr.o)
                0x00000000080001f0                memchr
 .text          0x0000000008000290      0x378 c:/st/stm32cubeide_1.6.1/stm32cubeide/plugins/com.st.stm32cube.ide.mcu.externaltools.gnu-tools-for-stm32.9-2020-q2-update.win32_1.5.0.202011040924/tools/bin/../lib/gcc/arm-none-eabi/9.3.1/thumb/v7e-m+fp/hard\libgcc.a(_arm_addsubdf3.o)
                0x0000000008000290                __aeabi_drsub
                0x0000000008000298                __aeabi_dsub
                0x0000000008000298                __subdf3
                0x000000000800029c                __aeabi_dadd
                0x000000000800029c                __adddf3
                0x0000000008000514                __floatunsidf
                0x0000000008000514                __aeabi_ui2d
                0x0000000008000534                __floatsidf
                0x0000000008000534                __aeabi_i2d
                0x0000000008000558                __aeabi_f2d
                0x0000000008000558                __extendsfdf2
                0x000000000800059c                __floatundidf
                0x000000000800059c                __aeabi_ul2d
                0x00000000080005ac                __floatdidf
                0x00000000080005ac                __aeabi_l2d
 .text          0x0000000008000608      0x424 c:/st/stm32cubeide_1.6.1/stm32cubeide/plugins/com.st.stm32cube.ide.mcu.externaltools.gnu-tools-for-stm32.9-2020-q2-update.win32_1.5.0.202011040924/tools/bin/../lib/gcc/arm-none-eabi/9.3.1/thumb/v7e-m+fp/hard\libgcc.a(_arm_muldivdf3.o)
                0x0000000008000608                __aeabi_dmul
                0x0000000008000608                __muldf3
                0x000000000800085c                __divdf3
                0x000000000800085c                __aeabi_ddiv
 .text          0x0000000008000a2c      0x110 c:/st/stm32cubeide_1.6.1/stm32cubeide/plugins/com.st.stm32cube.ide.mcu.externaltools.gnu-tools-for-stm32.9-2020-q2-update.win32_1.5.0.202011040924/tools/bin/../lib/gcc/arm-none-eabi/9.3.1/thumb/v7e-m+fp/hard\libgcc.a(_arm_cmpdf2.o)
                0x0000000008000a2c                __gtdf2
                0x0000000008000a2c                __gedf2
                0x0000000008000a34                __ltdf2
                0x0000000008000a34                __ledf2
                0x0000000008000a3c                __nedf2
                0x0000000008000a3c                __eqdf2
                0x0000000008000a3c                __cmpdf2
                0x0000000008000ab8                __aeabi_cdrcmple
                0x0000000008000ac8                __aeabi_cdcmpeq
                0x0000000008000ac8                __aeabi_cdcmple
                0x0000000008000ad8                __aeabi_dcmpeq
                0x0000000008000aec                __aeabi_dcmplt
                0x0000000008000b00                __aeabi_dcmple
                0x0000000008000b14                __aeabi_dcmpge
                0x0000000008000b28                __aeabi_dcmpgt
 .text          0x0000000008000b3c       0x50 c:/st/stm32cubeide_1.6.1/stm32cubeide/plugins/com.st.stm32cube.ide.mcu.externaltools.gnu-tools-for-stm32.9-2020-q2-update.win32_1.5.0.202011040924/tools/bin/../lib/gcc/arm-none-eabi/9.3.1/thumb/v7e-m+fp/hard\libgcc.a(_arm_fixdfsi.o)
                0x0000000008000b3c                __aeabi_d2iz
                0x0000000008000b3c                __fixdfsi
 .text          0x0000000008000b8c       0xa0 c:/st/stm32cubeide_1.6.1/stm32cubeide/plugins/com.st.stm32cube.ide.mcu.externaltools.gnu-tools-for-stm32.9-2020-q2-update.win32_1.5.0.202011040924/tools/bin/../lib/gcc/arm-none-eabi/9.3.1/thumb/v7e-m+fp/hard\libgcc.a(_arm_truncdfsf2.o)
                0x0000000008000b8c                __truncdfsf2
                0x0000000008000b8c                __aeabi_d2f
 .text          0x0000000008000c2c       0x30 c:/st/stm32cubeide_1.6.1/stm32cubeide/plugins/com.st.stm32cube.ide.mcu.externaltools.gnu-tools-for-stm32.9-2020-q2-update.win32_1.5.0.202011040924/tools/bin/../lib/gcc/arm-none-eabi/9.3.1/thumb/v7e-m+fp/hard\libgcc.a(_aeabi_uldivmod.o)
                0x0000000008000c2c                __aeabi_uldivmod
 .text          0x0000000008000c5c      0x2c4 c:/st/stm32cubeide_1.6.1/stm32cubeide/plugins/com.st.stm32cube.ide.mcu.externaltools.gnu-tools-for-stm32.9-2020-q2-update.win32_1.5.0.202011040924/tools/bin/../lib/gcc/arm-none-eabi/9.3.1/thumb/v7e-m+fp/hard\libgcc.a(_udivmoddi4.o)
                0x0000000008000c5c                __udivmoddi4
 .text          0x0000000008000f20        0x4 c:/st/stm32cubeide_1.6.1/stm32cubeide/plugins/com.st.stm32cube.ide.mcu.externaltools.gnu-tools-for-stm32.9-2020-q2-update.win32_1.5.0.202011040924/tools/bin/../lib/gcc/arm-none-eabi/9.3.1/thumb/v7e-m+fp/hard\libgcc.a(_dvmd_tls.o)
                0x0000000008000f20                __aeabi_idiv0
                0x0000000008000f20                __aeabi_ldiv0
 *(.text*)
 .text.buzzer   0x0000000008000f24       0x44 Core/BSP/Src/bsp_buzzer.o
                0x0000000008000f24                buzzer
 .text.buzzer_init
                0x0000000008000f68       0x1c Core/BSP/Src/bsp_buzzer.o
                0x0000000008000f68                buzzer_init
 .text.HAL_CAN_RxFifo0MsgPendingCallback
                0x0000000008000f84       0x16 Core/BSP/Src/bsp_can.o
                0x0000000008000f84                HAL_CAN_RxFifo0MsgPendingCallback
 .text.can_get_msg
                0x0000000008000f9a       0x22 Core/BSP/Src/bsp_can.o
                0x0000000008000f9a                can_get_msg
 .text.can_start
                0x0000000008000fbc       0x84 Core/BSP/Src/bsp_can.o
                0x0000000008000fbc                can_start
 .text.dbus_remote_start
                0x0000000008001040       0xe0 Core/BSP/Src/bsp_dbus_input.o
                0x0000000008001040                dbus_remote_start
 .text.GPIO_ToggleBits
                0x0000000008001120       0x24 Core/BSP/Src/bsp_led.o
                0x0000000008001120                GPIO_ToggleBits
 .text.led_green_off
                0x0000000008001144       0x18 Core/BSP/Src/bsp_led.o
                0x0000000008001144                led_green_off
 .text.led_on   0x000000000800115c       0x28 Core/BSP/Src/bsp_led.o
                0x000000000800115c                led_on
 .text.led_toggle
                0x0000000008001184       0x24 Core/BSP/Src/bsp_led.o
                0x0000000008001184                led_toggle
 .text.HAL_UART_RxCpltCallback
                0x00000000080011a8       0x16 Core/BSP/Src/bsp_usart.o
                0x00000000080011a8                HAL_UART_RxCpltCallback
 *fill*         0x00000000080011be        0x2 
 .text.MX_CAN1_Init
                0x00000000080011c0       0x6c Core/Src/can.o
                0x00000000080011c0                MX_CAN1_Init
 .text.MX_CAN2_Init
                0x000000000800122c       0x6c Core/Src/can.o
                0x000000000800122c                MX_CAN2_Init
 .text.HAL_CAN_MspInit
                0x0000000008001298      0x160 Core/Src/can.o
                0x0000000008001298                HAL_CAN_MspInit
 .text.MX_DMA_Init
                0x00000000080013f8       0x9c Core/Src/dma.o
                0x00000000080013f8                MX_DMA_Init
 .text.MX_FREERTOS_Init
                0x0000000008001494       0xdc Core/Src/freertos.o
                0x0000000008001494                MX_FREERTOS_Init
 .text.StartDefaultTask
                0x0000000008001570       0x10 Core/Src/freertos.o
                0x0000000008001570                StartDefaultTask
 .text.MX_GPIO_Init
                0x0000000008001580      0x208 Core/Src/gpio.o
                0x0000000008001580                MX_GPIO_Init
 .text.main     0x0000000008001788       0x46 Core/Src/main.o
                0x0000000008001788                main
 *fill*         0x00000000080017ce        0x2 
 .text.SystemClock_Config
                0x00000000080017d0       0xd4 Core/Src/main.o
                0x00000000080017d0                SystemClock_Config
 .text.HAL_TIM_PeriodElapsedCallback
                0x00000000080018a4       0x24 Core/Src/main.o
                0x00000000080018a4                HAL_TIM_PeriodElapsedCallback
 .text.Error_Handler
                0x00000000080018c8        0xa Core/Src/main.o
                0x00000000080018c8                Error_Handler
 *fill*         0x00000000080018d2        0x2 
 .text.MX_SPI5_Init
                0x00000000080018d4       0x6c Core/Src/spi.o
                0x00000000080018d4                MX_SPI5_Init
 .text.HAL_SPI_MspInit
                0x0000000008001940      0x170 Core/Src/spi.o
                0x0000000008001940                HAL_SPI_MspInit
 .text.HAL_MspInit
                0x0000000008001ab0       0x94 Core/Src/stm32f4xx_hal_msp.o
                0x0000000008001ab0                HAL_MspInit
 .text.HAL_InitTick
                0x0000000008001b44       0xb4 Core/Src/stm32f4xx_hal_timebase_tim.o
                0x0000000008001b44                HAL_InitTick
 .text.NMI_Handler
                0x0000000008001bf8        0x6 Core/Src/stm32f4xx_it.o
                0x0000000008001bf8                NMI_Handler
 .text.HardFault_Handler
                0x0000000008001bfe        0x6 Core/Src/stm32f4xx_it.o
                0x0000000008001bfe                HardFault_Handler
 .text.MemManage_Handler
                0x0000000008001c04        0x6 Core/Src/stm32f4xx_it.o
                0x0000000008001c04                MemManage_Handler
 .text.BusFault_Handler
                0x0000000008001c0a        0x6 Core/Src/stm32f4xx_it.o
                0x0000000008001c0a                BusFault_Handler
 .text.UsageFault_Handler
                0x0000000008001c10        0x6 Core/Src/stm32f4xx_it.o
                0x0000000008001c10                UsageFault_Handler
 .text.DebugMon_Handler
                0x0000000008001c16        0xe Core/Src/stm32f4xx_it.o
                0x0000000008001c16                DebugMon_Handler
 .text.EXTI3_IRQHandler
                0x0000000008001c24        0xe Core/Src/stm32f4xx_it.o
                0x0000000008001c24                EXTI3_IRQHandler
 *fill*         0x0000000008001c32        0x2 
 .text.DMA1_Stream3_IRQHandler
                0x0000000008001c34       0x14 Core/Src/stm32f4xx_it.o
                0x0000000008001c34                DMA1_Stream3_IRQHandler
 .text.CAN1_RX0_IRQHandler
                0x0000000008001c48       0x14 Core/Src/stm32f4xx_it.o
                0x0000000008001c48                CAN1_RX0_IRQHandler
 .text.EXTI9_5_IRQHandler
                0x0000000008001c5c       0x10 Core/Src/stm32f4xx_it.o
                0x0000000008001c5c                EXTI9_5_IRQHandler
 .text.TIM3_IRQHandler
                0x0000000008001c6c       0x14 Core/Src/stm32f4xx_it.o
                0x0000000008001c6c                TIM3_IRQHandler
 .text.DMA2_Stream1_IRQHandler
                0x0000000008001c80       0x14 Core/Src/stm32f4xx_it.o
                0x0000000008001c80                DMA2_Stream1_IRQHandler
 .text.DMA2_Stream2_IRQHandler
                0x0000000008001c94       0x14 Core/Src/stm32f4xx_it.o
                0x0000000008001c94                DMA2_Stream2_IRQHandler
 .text.DMA2_Stream3_IRQHandler
                0x0000000008001ca8       0x14 Core/Src/stm32f4xx_it.o
                0x0000000008001ca8                DMA2_Stream3_IRQHandler
 .text.DMA2_Stream4_IRQHandler
                0x0000000008001cbc       0x14 Core/Src/stm32f4xx_it.o
                0x0000000008001cbc                DMA2_Stream4_IRQHandler
 .text.CAN2_RX0_IRQHandler
                0x0000000008001cd0       0x14 Core/Src/stm32f4xx_it.o
                0x0000000008001cd0                CAN2_RX0_IRQHandler
 .text.USART6_IRQHandler
                0x0000000008001ce4       0x14 Core/Src/stm32f4xx_it.o
                0x0000000008001ce4                USART6_IRQHandler
 .text.UART7_IRQHandler
                0x0000000008001cf8       0x14 Core/Src/stm32f4xx_it.o
                0x0000000008001cf8                UART7_IRQHandler
 .text.SystemInit
                0x0000000008001d0c       0x2c Core/Src/system_stm32f4xx.o
                0x0000000008001d0c                SystemInit
 .text.MX_TIM4_Init
                0x0000000008001d38       0xf4 Core/Src/tim.o
                0x0000000008001d38                MX_TIM4_Init
 .text.MX_TIM12_Init
                0x0000000008001e2c       0xc4 Core/Src/tim.o
                0x0000000008001e2c                MX_TIM12_Init
 .text.HAL_TIM_PWM_MspInit
                0x0000000008001ef0       0x44 Core/Src/tim.o
                0x0000000008001ef0                HAL_TIM_PWM_MspInit
 .text.HAL_TIM_Base_MspInit
                0x0000000008001f34       0x44 Core/Src/tim.o
                0x0000000008001f34                HAL_TIM_Base_MspInit
 .text.HAL_TIM_MspPostInit
                0x0000000008001f78       0xc4 Core/Src/tim.o
                0x0000000008001f78                HAL_TIM_MspPostInit
 .text.MX_UART7_Init
                0x000000000800203c       0x54 Core/Src/usart.o
                0x000000000800203c                MX_UART7_Init
 .text.MX_USART1_UART_Init
                0x0000000008002090       0x58 Core/Src/usart.o
                0x0000000008002090                MX_USART1_UART_Init
 .text.MX_USART6_UART_Init
                0x00000000080020e8       0x54 Core/Src/usart.o
                0x00000000080020e8                MX_USART6_UART_Init
 .text.HAL_UART_MspInit
                0x000000000800213c      0x308 Core/Src/usart.o
                0x000000000800213c                HAL_UART_MspInit
 .text.Reset_Handler
                0x0000000008002444       0x50 Core/Startup/startup_stm32f427iihx.o
                0x0000000008002444                Reset_Handler
 .text.Default_Handler
                0x0000000008002494        0x2 Core/Startup/startup_stm32f427iihx.o
                0x0000000008002494                RTC_Alarm_IRQHandler
                0x0000000008002494                HASH_RNG_IRQHandler
                0x0000000008002494                EXTI2_IRQHandler
                0x0000000008002494                TIM8_CC_IRQHandler
                0x0000000008002494                UART8_IRQHandler
                0x0000000008002494                SPI4_IRQHandler
                0x0000000008002494                TIM1_CC_IRQHandler
                0x0000000008002494                DMA2_Stream5_IRQHandler
                0x0000000008002494                DMA1_Stream5_IRQHandler
                0x0000000008002494                PVD_IRQHandler
                0x0000000008002494                SDIO_IRQHandler
                0x0000000008002494                TAMP_STAMP_IRQHandler
                0x0000000008002494                CAN2_RX1_IRQHandler
                0x0000000008002494                TIM8_TRG_COM_TIM14_IRQHandler
                0x0000000008002494                TIM1_UP_TIM10_IRQHandler
                0x0000000008002494                TIM8_UP_TIM13_IRQHandler
                0x0000000008002494                I2C3_ER_IRQHandler
                0x0000000008002494                EXTI0_IRQHandler
                0x0000000008002494                I2C2_EV_IRQHandler
                0x0000000008002494                DMA1_Stream2_IRQHandler
                0x0000000008002494                FPU_IRQHandler
                0x0000000008002494                OTG_HS_WKUP_IRQHandler
                0x0000000008002494                CAN2_SCE_IRQHandler
                0x0000000008002494                SPI1_IRQHandler
                0x0000000008002494                TIM6_DAC_IRQHandler
                0x0000000008002494                TIM1_BRK_TIM9_IRQHandler
                0x0000000008002494                DCMI_IRQHandler
                0x0000000008002494                USART3_IRQHandler
                0x0000000008002494                CAN1_RX1_IRQHandler
                0x0000000008002494                UART5_IRQHandler
                0x0000000008002494                DMA2_Stream0_IRQHandler
                0x0000000008002494                TIM4_IRQHandler
                0x0000000008002494                I2C1_EV_IRQHandler
                0x0000000008002494                DMA1_Stream6_IRQHandler
                0x0000000008002494                DMA1_Stream1_IRQHandler
                0x0000000008002494                UART4_IRQHandler
                0x0000000008002494                RCC_IRQHandler
                0x0000000008002494                TIM8_BRK_TIM12_IRQHandler
                0x0000000008002494                Default_Handler
                0x0000000008002494                EXTI15_10_IRQHandler
                0x0000000008002494                ADC_IRQHandler
                0x0000000008002494                DMA1_Stream7_IRQHandler
                0x0000000008002494                SPI5_IRQHandler
                0x0000000008002494                TIM7_IRQHandler
                0x0000000008002494                CAN2_TX_IRQHandler
                0x0000000008002494                TIM5_IRQHandler
                0x0000000008002494                DMA2_Stream7_IRQHandler
                0x0000000008002494                I2C3_EV_IRQHandler
                0x0000000008002494                RTC_WKUP_IRQHandler
                0x0000000008002494                ETH_WKUP_IRQHandler
                0x0000000008002494                SPI2_IRQHandler
                0x0000000008002494                OTG_HS_EP1_IN_IRQHandler
                0x0000000008002494                DMA1_Stream0_IRQHandler
                0x0000000008002494                CAN1_TX_IRQHandler
                0x0000000008002494                EXTI4_IRQHandler
                0x0000000008002494                ETH_IRQHandler
                0x0000000008002494                OTG_HS_EP1_OUT_IRQHandler
                0x0000000008002494                WWDG_IRQHandler
                0x0000000008002494                SPI6_IRQHandler
                0x0000000008002494                TIM2_IRQHandler
                0x0000000008002494                OTG_FS_WKUP_IRQHandler
                0x0000000008002494                TIM1_TRG_COM_TIM11_IRQHandler
                0x0000000008002494                OTG_HS_IRQHandler
                0x0000000008002494                DMA2D_IRQHandler
                0x0000000008002494                EXTI1_IRQHandler
                0x0000000008002494                USART2_IRQHandler
                0x0000000008002494                I2C2_ER_IRQHandler
                0x0000000008002494                CAN1_SCE_IRQHandler
                0x0000000008002494                FLASH_IRQHandler
                0x0000000008002494                USART1_IRQHandler
                0x0000000008002494                OTG_FS_IRQHandler
                0x0000000008002494                SPI3_IRQHandler
                0x0000000008002494                DMA1_Stream4_IRQHandler
                0x0000000008002494                I2C1_ER_IRQHandler
                0x0000000008002494                FMC_IRQHandler
                0x0000000008002494                DMA2_Stream6_IRQHandler
                0x0000000008002494                SAI1_IRQHandler
 *fill*         0x0000000008002496        0x2 
 .text.can_ISR  0x0000000008002498       0xec Core/Tasks/Src/actuator_feedback.o
                0x0000000008002498                can_ISR
 .text.convert_raw_can_data
                0x0000000008002584      0x284 Core/Tasks/Src/actuator_feedback.o
                0x0000000008002584                convert_raw_can_data
 .text.gimbal_offset
                0x0000000008002808       0xb0 Core/Tasks/Src/actuator_feedback.o
                0x0000000008002808                gimbal_offset
 .text.usart_ISR
                0x00000000080028b8       0xa0 Core/Tasks/Src/gimbal_control_task.o
                0x00000000080028b8                usart_ISR
 .text.gimbal_control_task
                0x0000000008002958       0x34 Core/Tasks/Src/gimbal_control_task.o
                0x0000000008002958                gimbal_control_task
 *fill*         0x000000000800298c        0x4 
 .text.gimbalsweep
                0x0000000008002990      0x180 Core/Tasks/Src/gimbal_control_task.o
                0x0000000008002990                gimbalsweep
 .text.gimbal_angle_control
                0x0000000008002b10      0x2c0 Core/Tasks/Src/gimbal_control_task.o
                0x0000000008002b10                gimbal_angle_control
 .text.home_gimbal
                0x0000000008002dd0       0x70 Core/Tasks/Src/gimbal_control_task.o
                0x0000000008002dd0                home_gimbal
 .text.gun_control_task
                0x0000000008002e40      0x12c Core/Tasks/Src/gun_control_task.o
                0x0000000008002e40                gun_control_task
 *fill*         0x0000000008002f6c        0x4 
 .text.launcher_control
                0x0000000008002f70      0x218 Core/Tasks/Src/gun_control_task.o
                0x0000000008002f70                launcher_control
 .text.pwm_output
                0x0000000008003188       0x70 Core/Tasks/Src/gun_control_task.o
                0x0000000008003188                pwm_output
 .text.speed_pid
                0x00000000080031f8      0x16a Core/Tasks/Src/motor_control.o
                0x00000000080031f8                speed_pid
 *fill*         0x0000000008003362        0x6 
 .text.angle_pid
                0x0000000008003368       0xfc Core/Tasks/Src/motor_control.o
                0x0000000008003368                angle_pid
 .text.CANone_cmd
                0x0000000008003464       0x94 Core/Tasks/Src/motor_control.o
                0x0000000008003464                CANone_cmd
 .text.CANtwo_cmd
                0x00000000080034f8       0xb0 Core/Tasks/Src/motor_control.o
                0x00000000080034f8                CANtwo_cmd
 .text.int_limit
                0x00000000080035a8       0x4c Core/Tasks/Src/motor_control.o
                0x00000000080035a8                int_limit
 *fill*         0x00000000080035f4        0x4 
 .text.movement_control_task
                0x00000000080035f8       0xe8 Core/Tasks/Src/movement_control_task.o
                0x00000000080035f8                movement_control_task
 .text.update_current_position
                0x00000000080036e0      0x104 Core/Tasks/Src/movement_control_task.o
                0x00000000080036e0                update_current_position
 *fill*         0x00000000080037e4        0x4 
 .text.rpm_to_speed
                0x00000000080037e8       0x54 Core/Tasks/Src/movement_control_task.o
                0x00000000080037e8                rpm_to_speed
 *fill*         0x000000000800383c        0x4 
 .text.chassis_motion_control
                0x0000000008003840      0x114 Core/Tasks/Src/movement_control_task.o
                0x0000000008003840                chassis_motion_control
 *fill*         0x0000000008003954        0x4 
 .text.chassis_sweep
                0x0000000008003958      0x194 Core/Tasks/Src/movement_control_task.o
                0x0000000008003958                chassis_sweep
 *fill*         0x0000000008003aec        0x4 
 .text.generate_goal_position
                0x0000000008003af0       0x84 Core/Tasks/Src/movement_control_task.o
                0x0000000008003af0                generate_goal_position
 *fill*         0x0000000008003b74        0x4 
 .text.homing_sequence
                0x0000000008003b78      0x10c Core/Tasks/Src/movement_control_task.o
                0x0000000008003b78                homing_sequence
 .text.dbus_remote_ISR
                0x0000000008003c84      0x1e0 Core/Tasks/Src/rc_input.o
                0x0000000008003c84                dbus_remote_ISR
 .text.dbus_reset
                0x0000000008003e64       0x7c Core/Tasks/Src/rc_input.o
                0x0000000008003e64                dbus_reset
 .text.startup_task
                0x0000000008003ee0      0x248 Core/Tasks/Src/startup_task.o
                0x0000000008003ee0                startup_task
 .text.err_buzzer
                0x0000000008004128       0x86 Core/Tasks/Src/startup_task.o
                0x0000000008004128                err_buzzer
 .text.ok_buzzer
                0x00000000080041ae       0x86 Core/Tasks/Src/startup_task.o
                0x00000000080041ae                ok_buzzer
 .text.HAL_Init
                0x0000000008004234       0x44 Drivers/STM32F4xx_HAL_Driver/Src/stm32f4xx_hal.o
                0x0000000008004234                HAL_Init
 .text.HAL_IncTick
                0x0000000008004278       0x28 Drivers/STM32F4xx_HAL_Driver/Src/stm32f4xx_hal.o
                0x0000000008004278                HAL_IncTick
 .text.HAL_GetTick
                0x00000000080042a0       0x18 Drivers/STM32F4xx_HAL_Driver/Src/stm32f4xx_hal.o
                0x00000000080042a0                HAL_GetTick
 .text.HAL_Delay
                0x00000000080042b8       0x48 Drivers/STM32F4xx_HAL_Driver/Src/stm32f4xx_hal.o
                0x00000000080042b8                HAL_Delay
 .text.HAL_CAN_Init
                0x0000000008004300      0x1f6 Drivers/STM32F4xx_HAL_Driver/Src/stm32f4xx_hal_can.o
                0x0000000008004300                HAL_CAN_Init
 *fill*         0x00000000080044f6        0x2 
 .text.HAL_CAN_ConfigFilter
                0x00000000080044f8      0x1c0 Drivers/STM32F4xx_HAL_Driver/Src/stm32f4xx_hal_can.o
                0x00000000080044f8                HAL_CAN_ConfigFilter
 .text.HAL_CAN_Start
                0x00000000080046b8       0x88 Drivers/STM32F4xx_HAL_Driver/Src/stm32f4xx_hal_can.o
                0x00000000080046b8                HAL_CAN_Start
 .text.HAL_CAN_AddTxMessage
                0x0000000008004740      0x1b6 Drivers/STM32F4xx_HAL_Driver/Src/stm32f4xx_hal_can.o
                0x0000000008004740                HAL_CAN_AddTxMessage
 .text.HAL_CAN_GetRxMessage
                0x00000000080048f6      0x224 Drivers/STM32F4xx_HAL_Driver/Src/stm32f4xx_hal_can.o
                0x00000000080048f6                HAL_CAN_GetRxMessage
 .text.HAL_CAN_ActivateNotification
                0x0000000008004b1a       0x4c Drivers/STM32F4xx_HAL_Driver/Src/stm32f4xx_hal_can.o
                0x0000000008004b1a                HAL_CAN_ActivateNotification
 .text.HAL_CAN_DeactivateNotification
                0x0000000008004b66       0x4e Drivers/STM32F4xx_HAL_Driver/Src/stm32f4xx_hal_can.o
                0x0000000008004b66                HAL_CAN_DeactivateNotification
 .text.HAL_CAN_IRQHandler
                0x0000000008004bb4      0x36e Drivers/STM32F4xx_HAL_Driver/Src/stm32f4xx_hal_can.o
                0x0000000008004bb4                HAL_CAN_IRQHandler
 .text.HAL_CAN_TxMailbox0CompleteCallback
                0x0000000008004f22       0x14 Drivers/STM32F4xx_HAL_Driver/Src/stm32f4xx_hal_can.o
                0x0000000008004f22                HAL_CAN_TxMailbox0CompleteCallback
 .text.HAL_CAN_TxMailbox1CompleteCallback
                0x0000000008004f36       0x14 Drivers/STM32F4xx_HAL_Driver/Src/stm32f4xx_hal_can.o
                0x0000000008004f36                HAL_CAN_TxMailbox1CompleteCallback
 .text.HAL_CAN_TxMailbox2CompleteCallback
                0x0000000008004f4a       0x14 Drivers/STM32F4xx_HAL_Driver/Src/stm32f4xx_hal_can.o
                0x0000000008004f4a                HAL_CAN_TxMailbox2CompleteCallback
 .text.HAL_CAN_TxMailbox0AbortCallback
                0x0000000008004f5e       0x14 Drivers/STM32F4xx_HAL_Driver/Src/stm32f4xx_hal_can.o
                0x0000000008004f5e                HAL_CAN_TxMailbox0AbortCallback
 .text.HAL_CAN_TxMailbox1AbortCallback
                0x0000000008004f72       0x14 Drivers/STM32F4xx_HAL_Driver/Src/stm32f4xx_hal_can.o
                0x0000000008004f72                HAL_CAN_TxMailbox1AbortCallback
 .text.HAL_CAN_TxMailbox2AbortCallback
                0x0000000008004f86       0x14 Drivers/STM32F4xx_HAL_Driver/Src/stm32f4xx_hal_can.o
                0x0000000008004f86                HAL_CAN_TxMailbox2AbortCallback
 .text.HAL_CAN_RxFifo0FullCallback
                0x0000000008004f9a       0x14 Drivers/STM32F4xx_HAL_Driver/Src/stm32f4xx_hal_can.o
                0x0000000008004f9a                HAL_CAN_RxFifo0FullCallback
 .text.HAL_CAN_RxFifo1MsgPendingCallback
                0x0000000008004fae       0x14 Drivers/STM32F4xx_HAL_Driver/Src/stm32f4xx_hal_can.o
                0x0000000008004fae                HAL_CAN_RxFifo1MsgPendingCallback
 .text.HAL_CAN_RxFifo1FullCallback
                0x0000000008004fc2       0x14 Drivers/STM32F4xx_HAL_Driver/Src/stm32f4xx_hal_can.o
                0x0000000008004fc2                HAL_CAN_RxFifo1FullCallback
 .text.HAL_CAN_SleepCallback
                0x0000000008004fd6       0x14 Drivers/STM32F4xx_HAL_Driver/Src/stm32f4xx_hal_can.o
                0x0000000008004fd6                HAL_CAN_SleepCallback
 .text.HAL_CAN_WakeUpFromRxMsgCallback
                0x0000000008004fea       0x14 Drivers/STM32F4xx_HAL_Driver/Src/stm32f4xx_hal_can.o
                0x0000000008004fea                HAL_CAN_WakeUpFromRxMsgCallback
 .text.HAL_CAN_ErrorCallback
                0x0000000008004ffe       0x14 Drivers/STM32F4xx_HAL_Driver/Src/stm32f4xx_hal_can.o
                0x0000000008004ffe                HAL_CAN_ErrorCallback
 *fill*         0x0000000008005012        0x2 
 .text.__NVIC_SetPriorityGrouping
                0x0000000008005014       0x48 Drivers/STM32F4xx_HAL_Driver/Src/stm32f4xx_hal_cortex.o
 .text.__NVIC_GetPriorityGrouping
                0x000000000800505c       0x1c Drivers/STM32F4xx_HAL_Driver/Src/stm32f4xx_hal_cortex.o
 .text.__NVIC_EnableIRQ
                0x0000000008005078       0x3c Drivers/STM32F4xx_HAL_Driver/Src/stm32f4xx_hal_cortex.o
 .text.__NVIC_SetPriority
                0x00000000080050b4       0x54 Drivers/STM32F4xx_HAL_Driver/Src/stm32f4xx_hal_cortex.o
 .text.NVIC_EncodePriority
                0x0000000008005108       0x66 Drivers/STM32F4xx_HAL_Driver/Src/stm32f4xx_hal_cortex.o
 .text.HAL_NVIC_SetPriorityGrouping
                0x000000000800516e       0x16 Drivers/STM32F4xx_HAL_Driver/Src/stm32f4xx_hal_cortex.o
                0x000000000800516e                HAL_NVIC_SetPriorityGrouping
 .text.HAL_NVIC_SetPriority
                0x0000000008005184       0x38 Drivers/STM32F4xx_HAL_Driver/Src/stm32f4xx_hal_cortex.o
                0x0000000008005184                HAL_NVIC_SetPriority
 .text.HAL_NVIC_EnableIRQ
                0x00000000080051bc       0x1c Drivers/STM32F4xx_HAL_Driver/Src/stm32f4xx_hal_cortex.o
                0x00000000080051bc                HAL_NVIC_EnableIRQ
 .text.HAL_DMA_Init
                0x00000000080051d8      0x15c Drivers/STM32F4xx_HAL_Driver/Src/stm32f4xx_hal_dma.o
                0x00000000080051d8                HAL_DMA_Init
 .text.HAL_DMA_Start_IT
                0x0000000008005334       0xb0 Drivers/STM32F4xx_HAL_Driver/Src/stm32f4xx_hal_dma.o
                0x0000000008005334                HAL_DMA_Start_IT
 .text.HAL_DMA_Abort_IT
                0x00000000080053e4       0x44 Drivers/STM32F4xx_HAL_Driver/Src/stm32f4xx_hal_dma.o
                0x00000000080053e4                HAL_DMA_Abort_IT
 .text.HAL_DMA_IRQHandler
                0x0000000008005428      0x314 Drivers/STM32F4xx_HAL_Driver/Src/stm32f4xx_hal_dma.o
                0x0000000008005428                HAL_DMA_IRQHandler
 .text.DMA_SetConfig
                0x000000000800573c       0x5c Drivers/STM32F4xx_HAL_Driver/Src/stm32f4xx_hal_dma.o
 .text.DMA_CalcBaseAndBitshift
                0x0000000008005798       0x6c Drivers/STM32F4xx_HAL_Driver/Src/stm32f4xx_hal_dma.o
 .text.DMA_CheckFifoParam
                0x0000000008005804       0xf8 Drivers/STM32F4xx_HAL_Driver/Src/stm32f4xx_hal_dma.o
 .text.HAL_GPIO_Init
                0x00000000080058fc      0x358 Drivers/STM32F4xx_HAL_Driver/Src/stm32f4xx_hal_gpio.o
                0x00000000080058fc                HAL_GPIO_Init
 .text.HAL_GPIO_WritePin
                0x0000000008005c54       0x32 Drivers/STM32F4xx_HAL_Driver/Src/stm32f4xx_hal_gpio.o
                0x0000000008005c54                HAL_GPIO_WritePin
 *fill*         0x0000000008005c86        0x2 
 .text.HAL_GPIO_EXTI_IRQHandler
                0x0000000008005c88       0x30 Drivers/STM32F4xx_HAL_Driver/Src/stm32f4xx_hal_gpio.o
                0x0000000008005c88                HAL_GPIO_EXTI_IRQHandler
 .text.HAL_GPIO_EXTI_Callback
                0x0000000008005cb8       0x16 Drivers/STM32F4xx_HAL_Driver/Src/stm32f4xx_hal_gpio.o
                0x0000000008005cb8                HAL_GPIO_EXTI_Callback
 *fill*         0x0000000008005cce        0x2 
 .text.HAL_RCC_OscConfig
                0x0000000008005cd0      0x4e0 Drivers/STM32F4xx_HAL_Driver/Src/stm32f4xx_hal_rcc.o
                0x0000000008005cd0                HAL_RCC_OscConfig
 .text.HAL_RCC_ClockConfig
                0x00000000080061b0      0x1cc Drivers/STM32F4xx_HAL_Driver/Src/stm32f4xx_hal_rcc.o
                0x00000000080061b0                HAL_RCC_ClockConfig
 .text.HAL_RCC_GetSysClockFreq
                0x000000000800637c      0x16c Drivers/STM32F4xx_HAL_Driver/Src/stm32f4xx_hal_rcc.o
                0x000000000800637c                HAL_RCC_GetSysClockFreq
 .text.HAL_RCC_GetHCLKFreq
                0x00000000080064e8       0x18 Drivers/STM32F4xx_HAL_Driver/Src/stm32f4xx_hal_rcc.o
                0x00000000080064e8                HAL_RCC_GetHCLKFreq
 .text.HAL_RCC_GetPCLK1Freq
                0x0000000008006500       0x28 Drivers/STM32F4xx_HAL_Driver/Src/stm32f4xx_hal_rcc.o
                0x0000000008006500                HAL_RCC_GetPCLK1Freq
 .text.HAL_RCC_GetPCLK2Freq
                0x0000000008006528       0x28 Drivers/STM32F4xx_HAL_Driver/Src/stm32f4xx_hal_rcc.o
                0x0000000008006528                HAL_RCC_GetPCLK2Freq
 .text.HAL_RCC_GetClockConfig
                0x0000000008006550       0x64 Drivers/STM32F4xx_HAL_Driver/Src/stm32f4xx_hal_rcc.o
                0x0000000008006550                HAL_RCC_GetClockConfig
 .text.HAL_SPI_Init
                0x00000000080065b4       0xc8 Drivers/STM32F4xx_HAL_Driver/Src/stm32f4xx_hal_spi.o
                0x00000000080065b4                HAL_SPI_Init
 .text.HAL_TIM_Base_Init
                0x000000000800667c       0x56 Drivers/STM32F4xx_HAL_Driver/Src/stm32f4xx_hal_tim.o
                0x000000000800667c                HAL_TIM_Base_Init
 .text.HAL_TIM_Base_Start_IT
                0x00000000080066d2       0x48 Drivers/STM32F4xx_HAL_Driver/Src/stm32f4xx_hal_tim.o
                0x00000000080066d2                HAL_TIM_Base_Start_IT
 .text.HAL_TIM_PWM_Init
                0x000000000800671a       0x56 Drivers/STM32F4xx_HAL_Driver/Src/stm32f4xx_hal_tim.o
                0x000000000800671a                HAL_TIM_PWM_Init
 .text.HAL_TIM_PWM_Start
                0x0000000008006770       0x7c Drivers/STM32F4xx_HAL_Driver/Src/stm32f4xx_hal_tim.o
                0x0000000008006770                HAL_TIM_PWM_Start
 .text.HAL_TIM_IRQHandler
                0x00000000080067ec      0x210 Drivers/STM32F4xx_HAL_Driver/Src/stm32f4xx_hal_tim.o
                0x00000000080067ec                HAL_TIM_IRQHandler
 .text.HAL_TIM_PWM_ConfigChannel
                0x00000000080069fc      0x18c Drivers/STM32F4xx_HAL_Driver/Src/stm32f4xx_hal_tim.o
                0x00000000080069fc                HAL_TIM_PWM_ConfigChannel
 .text.HAL_TIM_ConfigClockSource
                0x0000000008006b88      0x188 Drivers/STM32F4xx_HAL_Driver/Src/stm32f4xx_hal_tim.o
                0x0000000008006b88                HAL_TIM_ConfigClockSource
 .text.HAL_TIM_OC_DelayElapsedCallback
                0x0000000008006d10       0x14 Drivers/STM32F4xx_HAL_Driver/Src/stm32f4xx_hal_tim.o
                0x0000000008006d10                HAL_TIM_OC_DelayElapsedCallback
 .text.HAL_TIM_IC_CaptureCallback
                0x0000000008006d24       0x14 Drivers/STM32F4xx_HAL_Driver/Src/stm32f4xx_hal_tim.o
                0x0000000008006d24                HAL_TIM_IC_CaptureCallback
 .text.HAL_TIM_PWM_PulseFinishedCallback
                0x0000000008006d38       0x14 Drivers/STM32F4xx_HAL_Driver/Src/stm32f4xx_hal_tim.o
                0x0000000008006d38                HAL_TIM_PWM_PulseFinishedCallback
 .text.HAL_TIM_TriggerCallback
                0x0000000008006d4c       0x14 Drivers/STM32F4xx_HAL_Driver/Src/stm32f4xx_hal_tim.o
                0x0000000008006d4c                HAL_TIM_TriggerCallback
 .text.TIM_Base_SetConfig
                0x0000000008006d60      0x140 Drivers/STM32F4xx_HAL_Driver/Src/stm32f4xx_hal_tim.o
                0x0000000008006d60                TIM_Base_SetConfig
 .text.TIM_OC1_SetConfig
                0x0000000008006ea0       0xe0 Drivers/STM32F4xx_HAL_Driver/Src/stm32f4xx_hal_tim.o
 .text.TIM_OC2_SetConfig
                0x0000000008006f80       0xec Drivers/STM32F4xx_HAL_Driver/Src/stm32f4xx_hal_tim.o
                0x0000000008006f80                TIM_OC2_SetConfig
 .text.TIM_OC3_SetConfig
                0x000000000800706c       0xe8 Drivers/STM32F4xx_HAL_Driver/Src/stm32f4xx_hal_tim.o
 .text.TIM_OC4_SetConfig
                0x0000000008007154       0xac Drivers/STM32F4xx_HAL_Driver/Src/stm32f4xx_hal_tim.o
 .text.TIM_TI1_ConfigInputStage
                0x0000000008007200       0x5e Drivers/STM32F4xx_HAL_Driver/Src/stm32f4xx_hal_tim.o
 .text.TIM_TI2_ConfigInputStage
                0x000000000800725e       0x60 Drivers/STM32F4xx_HAL_Driver/Src/stm32f4xx_hal_tim.o
 .text.TIM_ITRx_SetConfig
                0x00000000080072be       0x36 Drivers/STM32F4xx_HAL_Driver/Src/stm32f4xx_hal_tim.o
 .text.TIM_ETR_SetConfig
                0x00000000080072f4       0x40 Drivers/STM32F4xx_HAL_Driver/Src/stm32f4xx_hal_tim.o
                0x00000000080072f4                TIM_ETR_SetConfig
 .text.TIM_CCxChannelCmd
                0x0000000008007334       0x4a Drivers/STM32F4xx_HAL_Driver/Src/stm32f4xx_hal_tim.o
                0x0000000008007334                TIM_CCxChannelCmd
 *fill*         0x000000000800737e        0x2 
 .text.HAL_TIMEx_MasterConfigSynchronization
                0x0000000008007380       0xf8 Drivers/STM32F4xx_HAL_Driver/Src/stm32f4xx_hal_tim_ex.o
                0x0000000008007380                HAL_TIMEx_MasterConfigSynchronization
 .text.HAL_TIMEx_CommutCallback
                0x0000000008007478       0x14 Drivers/STM32F4xx_HAL_Driver/Src/stm32f4xx_hal_tim_ex.o
                0x0000000008007478                HAL_TIMEx_CommutCallback
 .text.HAL_TIMEx_BreakCallback
                0x000000000800748c       0x14 Drivers/STM32F4xx_HAL_Driver/Src/stm32f4xx_hal_tim_ex.o
                0x000000000800748c                HAL_TIMEx_BreakCallback
 .text.HAL_UART_Init
                0x00000000080074a0       0x9a Drivers/STM32F4xx_HAL_Driver/Src/stm32f4xx_hal_uart.o
                0x00000000080074a0                HAL_UART_Init
 *fill*         0x000000000800753a        0x2 
 .text.HAL_UART_Receive_DMA
                0x000000000800753c      0x100 Drivers/STM32F4xx_HAL_Driver/Src/stm32f4xx_hal_uart.o
                0x000000000800753c                HAL_UART_Receive_DMA
 .text.HAL_UART_DMAPause
                0x000000000800763c       0xc8 Drivers/STM32F4xx_HAL_Driver/Src/stm32f4xx_hal_uart.o
                0x000000000800763c                HAL_UART_DMAPause
 .text.HAL_UART_DMAResume
                0x0000000008007704       0xa2 Drivers/STM32F4xx_HAL_Driver/Src/stm32f4xx_hal_uart.o
                0x0000000008007704                HAL_UART_DMAResume
 *fill*         0x00000000080077a6        0x2 
 .text.HAL_UART_IRQHandler
                0x00000000080077a8      0x200 Drivers/STM32F4xx_HAL_Driver/Src/stm32f4xx_hal_uart.o
                0x00000000080077a8                HAL_UART_IRQHandler
 .text.HAL_UART_TxCpltCallback
                0x00000000080079a8       0x14 Drivers/STM32F4xx_HAL_Driver/Src/stm32f4xx_hal_uart.o
                0x00000000080079a8                HAL_UART_TxCpltCallback
 .text.HAL_UART_RxHalfCpltCallback
                0x00000000080079bc       0x14 Drivers/STM32F4xx_HAL_Driver/Src/stm32f4xx_hal_uart.o
                0x00000000080079bc                HAL_UART_RxHalfCpltCallback
 .text.HAL_UART_ErrorCallback
                0x00000000080079d0       0x14 Drivers/STM32F4xx_HAL_Driver/Src/stm32f4xx_hal_uart.o
                0x00000000080079d0                HAL_UART_ErrorCallback
 .text.UART_DMAReceiveCplt
                0x00000000080079e4       0x68 Drivers/STM32F4xx_HAL_Driver/Src/stm32f4xx_hal_uart.o
 .text.UART_DMARxHalfCplt
                0x0000000008007a4c       0x1c Drivers/STM32F4xx_HAL_Driver/Src/stm32f4xx_hal_uart.o
 .text.UART_DMAError
                0x0000000008007a68       0x94 Drivers/STM32F4xx_HAL_Driver/Src/stm32f4xx_hal_uart.o
 .text.UART_EndTxTransfer
                0x0000000008007afc       0x2c Drivers/STM32F4xx_HAL_Driver/Src/stm32f4xx_hal_uart.o
 .text.UART_EndRxTransfer
                0x0000000008007b28       0x3c Drivers/STM32F4xx_HAL_Driver/Src/stm32f4xx_hal_uart.o
 .text.UART_DMAAbortOnError
                0x0000000008007b64       0x28 Drivers/STM32F4xx_HAL_Driver/Src/stm32f4xx_hal_uart.o
 .text.UART_Transmit_IT
                0x0000000008007b8c       0xac Drivers/STM32F4xx_HAL_Driver/Src/stm32f4xx_hal_uart.o
 .text.UART_EndTransmit_IT
                0x0000000008007c38       0x30 Drivers/STM32F4xx_HAL_Driver/Src/stm32f4xx_hal_uart.o
 .text.UART_Receive_IT
                0x0000000008007c68      0x102 Drivers/STM32F4xx_HAL_Driver/Src/stm32f4xx_hal_uart.o
 *fill*         0x0000000008007d6a        0x2 
 .text.UART_SetConfig
                0x0000000008007d6c      0x738 Drivers/STM32F4xx_HAL_Driver/Src/stm32f4xx_hal_uart.o
 .text.SVC_Setup
                0x00000000080084a4        0xe Middlewares/Third_Party/FreeRTOS/Source/CMSIS_RTOS_V2/cmsis_os2.o
 *fill*         0x00000000080084b2        0x2 
 .text.osKernelInitialize
                0x00000000080084b4       0x68 Middlewares/Third_Party/FreeRTOS/Source/CMSIS_RTOS_V2/cmsis_os2.o
                0x00000000080084b4                osKernelInitialize
 .text.osKernelStart
                0x000000000800851c       0x6c Middlewares/Third_Party/FreeRTOS/Source/CMSIS_RTOS_V2/cmsis_os2.o
                0x000000000800851c                osKernelStart
 .text.osThreadNew
                0x0000000008008588      0x14c Middlewares/Third_Party/FreeRTOS/Source/CMSIS_RTOS_V2/cmsis_os2.o
                0x0000000008008588                osThreadNew
 .text.osDelay  0x00000000080086d4       0x5c Middlewares/Third_Party/FreeRTOS/Source/CMSIS_RTOS_V2/cmsis_os2.o
                0x00000000080086d4                osDelay
 .text.osEventFlagsNew
                0x0000000008008730       0xa4 Middlewares/Third_Party/FreeRTOS/Source/CMSIS_RTOS_V2/cmsis_os2.o
                0x0000000008008730                osEventFlagsNew
 .text.osEventFlagsSet
                0x00000000080087d4       0xb0 Middlewares/Third_Party/FreeRTOS/Source/CMSIS_RTOS_V2/cmsis_os2.o
                0x00000000080087d4                osEventFlagsSet
 .text.osEventFlagsClear
                0x0000000008008884       0x88 Middlewares/Third_Party/FreeRTOS/Source/CMSIS_RTOS_V2/cmsis_os2.o
                0x0000000008008884                osEventFlagsClear
 .text.osEventFlagsWait
                0x000000000800890c       0xec Middlewares/Third_Party/FreeRTOS/Source/CMSIS_RTOS_V2/cmsis_os2.o
                0x000000000800890c                osEventFlagsWait
 .text.osSemaphoreNew
                0x00000000080089f8      0x138 Middlewares/Third_Party/FreeRTOS/Source/CMSIS_RTOS_V2/cmsis_os2.o
                0x00000000080089f8                osSemaphoreNew
 .text.vApplicationGetIdleTaskMemory
                0x0000000008008b30       0x34 Middlewares/Third_Party/FreeRTOS/Source/CMSIS_RTOS_V2/cmsis_os2.o
                0x0000000008008b30                vApplicationGetIdleTaskMemory
 .text.vApplicationGetTimerTaskMemory
                0x0000000008008b64       0x34 Middlewares/Third_Party/FreeRTOS/Source/CMSIS_RTOS_V2/cmsis_os2.o
                0x0000000008008b64                vApplicationGetTimerTaskMemory
 .text.xEventGroupCreateStatic
                0x0000000008008b98       0x6e Middlewares/Third_Party/FreeRTOS/Source/event_groups.o
                0x0000000008008b98                xEventGroupCreateStatic
 .text.xEventGroupCreate
                0x0000000008008c06       0x34 Middlewares/Third_Party/FreeRTOS/Source/event_groups.o
                0x0000000008008c06                xEventGroupCreate
 *fill*         0x0000000008008c3a        0x2 
 .text.xEventGroupWaitBits
                0x0000000008008c3c      0x19c Middlewares/Third_Party/FreeRTOS/Source/event_groups.o
                0x0000000008008c3c                xEventGroupWaitBits
 .text.xEventGroupClearBits
                0x0000000008008dd8       0x70 Middlewares/Third_Party/FreeRTOS/Source/event_groups.o
                0x0000000008008dd8                xEventGroupClearBits
 .text.xEventGroupClearBitsFromISR
                0x0000000008008e48       0x28 Middlewares/Third_Party/FreeRTOS/Source/event_groups.o
                0x0000000008008e48                xEventGroupClearBitsFromISR
 .text.xEventGroupGetBitsFromISR
                0x0000000008008e70       0x48 Middlewares/Third_Party/FreeRTOS/Source/event_groups.o
                0x0000000008008e70                xEventGroupGetBitsFromISR
 .text.xEventGroupSetBits
                0x0000000008008eb8      0x116 Middlewares/Third_Party/FreeRTOS/Source/event_groups.o
                0x0000000008008eb8                xEventGroupSetBits
 .text.vEventGroupSetBitsCallback
                0x0000000008008fce       0x1a Middlewares/Third_Party/FreeRTOS/Source/event_groups.o
                0x0000000008008fce                vEventGroupSetBitsCallback
 .text.vEventGroupClearBitsCallback
                0x0000000008008fe8       0x1a Middlewares/Third_Party/FreeRTOS/Source/event_groups.o
                0x0000000008008fe8                vEventGroupClearBitsCallback
 .text.prvTestWaitCondition
                0x0000000008009002       0x44 Middlewares/Third_Party/FreeRTOS/Source/event_groups.o
 *fill*         0x0000000008009046        0x2 
 .text.xEventGroupSetBitsFromISR
                0x0000000008009048       0x28 Middlewares/Third_Party/FreeRTOS/Source/event_groups.o
                0x0000000008009048                xEventGroupSetBitsFromISR
 .text.vListInitialise
                0x0000000008009070       0x40 Middlewares/Third_Party/FreeRTOS/Source/list.o
                0x0000000008009070                vListInitialise
 .text.vListInitialiseItem
                0x00000000080090b0       0x1a Middlewares/Third_Party/FreeRTOS/Source/list.o
                0x00000000080090b0                vListInitialiseItem
 .text.vListInsertEnd
                0x00000000080090ca       0x48 Middlewares/Third_Party/FreeRTOS/Source/list.o
                0x00000000080090ca                vListInsertEnd
 .text.vListInsert
                0x0000000008009112       0x72 Middlewares/Third_Party/FreeRTOS/Source/list.o
                0x0000000008009112                vListInsert
 .text.uxListRemove
                0x0000000008009184       0x54 Middlewares/Third_Party/FreeRTOS/Source/list.o
                0x0000000008009184                uxListRemove
 .text.xQueueGenericReset
                0x00000000080091d8       0xd0 Middlewares/Third_Party/FreeRTOS/Source/queue.o
                0x00000000080091d8                xQueueGenericReset
 .text.xQueueGenericCreateStatic
                0x00000000080092a8       0xf0 Middlewares/Third_Party/FreeRTOS/Source/queue.o
                0x00000000080092a8                xQueueGenericCreateStatic
 .text.xQueueGenericCreate
                0x0000000008009398       0x80 Middlewares/Third_Party/FreeRTOS/Source/queue.o
                0x0000000008009398                xQueueGenericCreate
 .text.prvInitialiseNewQueue
                0x0000000008009418       0x46 Middlewares/Third_Party/FreeRTOS/Source/queue.o
 .text.xQueueCreateCountingSemaphoreStatic
                0x000000000800945e       0x6e Middlewares/Third_Party/FreeRTOS/Source/queue.o
                0x000000000800945e                xQueueCreateCountingSemaphoreStatic
 .text.xQueueCreateCountingSemaphore
                0x00000000080094cc       0x66 Middlewares/Third_Party/FreeRTOS/Source/queue.o
                0x00000000080094cc                xQueueCreateCountingSemaphore
 *fill*         0x0000000008009532        0x2 
 .text.xQueueGenericSend
                0x0000000008009534      0x1fc Middlewares/Third_Party/FreeRTOS/Source/queue.o
                0x0000000008009534                xQueueGenericSend
 .text.xQueueGenericSendFromISR
                0x0000000008009730      0x130 Middlewares/Third_Party/FreeRTOS/Source/queue.o
                0x0000000008009730                xQueueGenericSendFromISR
 .text.xQueueReceive
                0x0000000008009860      0x1c0 Middlewares/Third_Party/FreeRTOS/Source/queue.o
                0x0000000008009860                xQueueReceive
 .text.vQueueDelete
                0x0000000008009a20       0x46 Middlewares/Third_Party/FreeRTOS/Source/queue.o
                0x0000000008009a20                vQueueDelete
 .text.prvCopyDataToQueue
                0x0000000008009a66       0xd4 Middlewares/Third_Party/FreeRTOS/Source/queue.o
 .text.prvCopyDataFromQueue
                0x0000000008009b3a       0x4c Middlewares/Third_Party/FreeRTOS/Source/queue.o
 .text.prvUnlockQueue
                0x0000000008009b86       0xa4 Middlewares/Third_Party/FreeRTOS/Source/queue.o
 .text.prvIsQueueEmpty
                0x0000000008009c2a       0x2c Middlewares/Third_Party/FreeRTOS/Source/queue.o
 .text.prvIsQueueFull
                0x0000000008009c56       0x30 Middlewares/Third_Party/FreeRTOS/Source/queue.o
 *fill*         0x0000000008009c86        0x2 
 .text.vQueueAddToRegistry
                0x0000000008009c88       0x54 Middlewares/Third_Party/FreeRTOS/Source/queue.o
                0x0000000008009c88                vQueueAddToRegistry
 .text.vQueueUnregisterQueue
                0x0000000008009cdc       0x54 Middlewares/Third_Party/FreeRTOS/Source/queue.o
                0x0000000008009cdc                vQueueUnregisterQueue
 .text.vQueueWaitForMessageRestricted
                0x0000000008009d30       0x68 Middlewares/Third_Party/FreeRTOS/Source/queue.o
                0x0000000008009d30                vQueueWaitForMessageRestricted
 .text.xTaskCreateStatic
                0x0000000008009d98       0xba Middlewares/Third_Party/FreeRTOS/Source/tasks.o
                0x0000000008009d98                xTaskCreateStatic
 .text.xTaskCreate
                0x0000000008009e52       0x8a Middlewares/Third_Party/FreeRTOS/Source/tasks.o
                0x0000000008009e52                xTaskCreate
 .text.prvInitialiseNewTask
                0x0000000008009edc      0x11e Middlewares/Third_Party/FreeRTOS/Source/tasks.o
 *fill*         0x0000000008009ffa        0x2 
 .text.prvAddNewTaskToReadyList
                0x0000000008009ffc       0xe0 Middlewares/Third_Party/FreeRTOS/Source/tasks.o
 .text.vTaskDelay
                0x000000000800a0dc       0x68 Middlewares/Third_Party/FreeRTOS/Source/tasks.o
                0x000000000800a0dc                vTaskDelay
 .text.vTaskStartScheduler
                0x000000000800a144       0xcc Middlewares/Third_Party/FreeRTOS/Source/tasks.o
                0x000000000800a144                vTaskStartScheduler
 .text.vTaskSuspendAll
                0x000000000800a210       0x1c Middlewares/Third_Party/FreeRTOS/Source/tasks.o
                0x000000000800a210                vTaskSuspendAll
 .text.xTaskResumeAll
                0x000000000800a22c      0x13c Middlewares/Third_Party/FreeRTOS/Source/tasks.o
                0x000000000800a22c                xTaskResumeAll
 .text.xTaskGetTickCount
                0x000000000800a368       0x20 Middlewares/Third_Party/FreeRTOS/Source/tasks.o
                0x000000000800a368                xTaskGetTickCount
 .text.xTaskIncrementTick
                0x000000000800a388      0x174 Middlewares/Third_Party/FreeRTOS/Source/tasks.o
                0x000000000800a388                xTaskIncrementTick
 .text.vTaskSwitchContext
                0x000000000800a4fc       0xbc Middlewares/Third_Party/FreeRTOS/Source/tasks.o
                0x000000000800a4fc                vTaskSwitchContext
 .text.vTaskPlaceOnEventList
                0x000000000800a5b8       0x48 Middlewares/Third_Party/FreeRTOS/Source/tasks.o
                0x000000000800a5b8                vTaskPlaceOnEventList
 .text.vTaskPlaceOnUnorderedEventList
                0x000000000800a600       0x78 Middlewares/Third_Party/FreeRTOS/Source/tasks.o
                0x000000000800a600                vTaskPlaceOnUnorderedEventList
 .text.vTaskPlaceOnEventListRestricted
                0x000000000800a678       0x58 Middlewares/Third_Party/FreeRTOS/Source/tasks.o
                0x000000000800a678                vTaskPlaceOnEventListRestricted
 .text.xTaskRemoveFromEventList
                0x000000000800a6d0       0xc8 Middlewares/Third_Party/FreeRTOS/Source/tasks.o
                0x000000000800a6d0                xTaskRemoveFromEventList
 .text.vTaskRemoveFromUnorderedEventList
                0x000000000800a798       0xc4 Middlewares/Third_Party/FreeRTOS/Source/tasks.o
                0x000000000800a798                vTaskRemoveFromUnorderedEventList
 .text.vTaskInternalSetTimeOutState
                0x000000000800a85c       0x2c Middlewares/Third_Party/FreeRTOS/Source/tasks.o
                0x000000000800a85c                vTaskInternalSetTimeOutState
 .text.xTaskCheckForTimeOut
                0x000000000800a888       0xc4 Middlewares/Third_Party/FreeRTOS/Source/tasks.o
                0x000000000800a888                xTaskCheckForTimeOut
 .text.vTaskMissedYield
                0x000000000800a94c       0x18 Middlewares/Third_Party/FreeRTOS/Source/tasks.o
                0x000000000800a94c                vTaskMissedYield
 .text.prvIdleTask
                0x000000000800a964       0x30 Middlewares/Third_Party/FreeRTOS/Source/tasks.o
 .text.prvInitialiseTaskLists
                0x000000000800a994       0x80 Middlewares/Third_Party/FreeRTOS/Source/tasks.o
 .text.prvCheckTasksWaitingTermination
                0x000000000800aa14       0x5c Middlewares/Third_Party/FreeRTOS/Source/tasks.o
 .text.prvDeleteTCB
                0x000000000800aa70       0x5e Middlewares/Third_Party/FreeRTOS/Source/tasks.o
 *fill*         0x000000000800aace        0x2 
 .text.prvResetNextTaskUnblockTime
                0x000000000800aad0       0x40 Middlewares/Third_Party/FreeRTOS/Source/tasks.o
 .text.xTaskGetSchedulerState
                0x000000000800ab10       0x3c Middlewares/Third_Party/FreeRTOS/Source/tasks.o
                0x000000000800ab10                xTaskGetSchedulerState
 .text.xTaskPriorityDisinherit
                0x000000000800ab4c       0xdc Middlewares/Third_Party/FreeRTOS/Source/tasks.o
                0x000000000800ab4c                xTaskPriorityDisinherit
 .text.uxTaskResetEventItemValue
                0x000000000800ac28       0x30 Middlewares/Third_Party/FreeRTOS/Source/tasks.o
                0x000000000800ac28                uxTaskResetEventItemValue
 .text.prvAddCurrentTaskToDelayedList
                0x000000000800ac58       0xa8 Middlewares/Third_Party/FreeRTOS/Source/tasks.o
 .text.xTimerCreateTimerTask
                0x000000000800ad00       0x90 Middlewares/Third_Party/FreeRTOS/Source/timers.o
                0x000000000800ad00                xTimerCreateTimerTask
 .text.xTimerGenericCommand
                0x000000000800ad90       0x9c Middlewares/Third_Party/FreeRTOS/Source/timers.o
                0x000000000800ad90                xTimerGenericCommand
 .text.prvProcessExpiredTimer
                0x000000000800ae2c       0x98 Middlewares/Third_Party/FreeRTOS/Source/timers.o
 .text.prvTimerTask
                0x000000000800aec4       0x24 Middlewares/Third_Party/FreeRTOS/Source/timers.o
 .text.prvProcessTimerOrBlockTask
                0x000000000800aee8       0x9c Middlewares/Third_Party/FreeRTOS/Source/timers.o
 .text.prvGetNextExpireTime
                0x000000000800af84       0x48 Middlewares/Third_Party/FreeRTOS/Source/timers.o
 .text.prvSampleTimeNow
                0x000000000800afcc       0x40 Middlewares/Third_Party/FreeRTOS/Source/timers.o
 .text.prvInsertTimerInActiveList
                0x000000000800b00c       0x84 Middlewares/Third_Party/FreeRTOS/Source/timers.o
 .text.prvProcessReceivedCommands
                0x000000000800b090      0x1c4 Middlewares/Third_Party/FreeRTOS/Source/timers.o
 .text.prvSwitchTimerLists
                0x000000000800b254       0xc8 Middlewares/Third_Party/FreeRTOS/Source/timers.o
 .text.prvCheckForValidListAndQueue
                0x000000000800b31c       0x80 Middlewares/Third_Party/FreeRTOS/Source/timers.o
 .text.xTimerPendFunctionCallFromISR
                0x000000000800b39c       0x40 Middlewares/Third_Party/FreeRTOS/Source/timers.o
                0x000000000800b39c                xTimerPendFunctionCallFromISR
 .text.pxPortInitialiseStack
                0x000000000800b3dc       0x68 Middlewares/Third_Party/FreeRTOS/Source/portable/GCC/ARM_CM4F/port.o
                0x000000000800b3dc                pxPortInitialiseStack
 .text.prvTaskExitError
                0x000000000800b444       0x58 Middlewares/Third_Party/FreeRTOS/Source/portable/GCC/ARM_CM4F/port.o
 *fill*         0x000000000800b49c        0x4 
 .text.SVC_Handler
                0x000000000800b4a0       0x28 Middlewares/Third_Party/FreeRTOS/Source/portable/GCC/ARM_CM4F/port.o
                0x000000000800b4a0                SVC_Handler
 .text.prvPortStartFirstTask
                0x000000000800b4c8       0x28 Middlewares/Third_Party/FreeRTOS/Source/portable/GCC/ARM_CM4F/port.o
 .text.xPortStartScheduler
                0x000000000800b4f0      0x144 Middlewares/Third_Party/FreeRTOS/Source/portable/GCC/ARM_CM4F/port.o
                0x000000000800b4f0                xPortStartScheduler
 .text.vPortEnterCritical
                0x000000000800b634       0x60 Middlewares/Third_Party/FreeRTOS/Source/portable/GCC/ARM_CM4F/port.o
                0x000000000800b634                vPortEnterCritical
 .text.vPortExitCritical
                0x000000000800b694       0x54 Middlewares/Third_Party/FreeRTOS/Source/portable/GCC/ARM_CM4F/port.o
                0x000000000800b694                vPortExitCritical
 *fill*         0x000000000800b6e8        0x8 
 .text.PendSV_Handler
                0x000000000800b6f0       0x68 Middlewares/Third_Party/FreeRTOS/Source/portable/GCC/ARM_CM4F/port.o
                0x000000000800b6f0                PendSV_Handler
 .text.SysTick_Handler
                0x000000000800b758       0x44 Middlewares/Third_Party/FreeRTOS/Source/portable/GCC/ARM_CM4F/port.o
                0x000000000800b758                SysTick_Handler
 .text.vPortSetupTimerInterrupt
                0x000000000800b79c       0x48 Middlewares/Third_Party/FreeRTOS/Source/portable/GCC/ARM_CM4F/port.o
                0x000000000800b79c                vPortSetupTimerInterrupt
 .text.vPortEnableVFP
                0x000000000800b7e4       0x14 Middlewares/Third_Party/FreeRTOS/Source/portable/GCC/ARM_CM4F/port.o
 .text.vPortValidateInterruptPriority
                0x000000000800b7f8       0x80 Middlewares/Third_Party/FreeRTOS/Source/portable/GCC/ARM_CM4F/port.o
                0x000000000800b7f8                vPortValidateInterruptPriority
 .text.pvPortMalloc
                0x000000000800b878      0x188 Middlewares/Third_Party/FreeRTOS/Source/portable/MemMang/heap_4.o
                0x000000000800b878                pvPortMalloc
 .text.vPortFree
                0x000000000800ba00       0xb4 Middlewares/Third_Party/FreeRTOS/Source/portable/MemMang/heap_4.o
                0x000000000800ba00                vPortFree
 .text.prvHeapInit
                0x000000000800bab4       0xc4 Middlewares/Third_Party/FreeRTOS/Source/portable/MemMang/heap_4.o
 .text.prvInsertBlockIntoFreeList
                0x000000000800bb78       0xb4 Middlewares/Third_Party/FreeRTOS/Source/portable/MemMang/heap_4.o
 .text.__libc_init_array
                0x000000000800bc2c       0x48 c:/st/stm32cubeide_1.6.1/stm32cubeide/plugins/com.st.stm32cube.ide.mcu.externaltools.gnu-tools-for-stm32.9-2020-q2-update.win32_1.5.0.202011040924/tools/bin/../lib/gcc/arm-none-eabi/9.3.1/../../../../arm-none-eabi/lib/thumb/v7e-m+fp/hard\libc_nano.a(lib_a-init.o)
                0x000000000800bc2c                __libc_init_array
 .text.memcpy   0x000000000800bc74       0x1c c:/st/stm32cubeide_1.6.1/stm32cubeide/plugins/com.st.stm32cube.ide.mcu.externaltools.gnu-tools-for-stm32.9-2020-q2-update.win32_1.5.0.202011040924/tools/bin/../lib/gcc/arm-none-eabi/9.3.1/../../../../arm-none-eabi/lib/thumb/v7e-m+fp/hard\libc_nano.a(lib_a-memcpy-stub.o)
                0x000000000800bc74                memcpy
 .text.memset   0x000000000800bc90       0x10 c:/st/stm32cubeide_1.6.1/stm32cubeide/plugins/com.st.stm32cube.ide.mcu.externaltools.gnu-tools-for-stm32.9-2020-q2-update.win32_1.5.0.202011040924/tools/bin/../lib/gcc/arm-none-eabi/9.3.1/../../../../arm-none-eabi/lib/thumb/v7e-m+fp/hard\libc_nano.a(lib_a-memset.o)
                0x000000000800bc90                memset
 .text.rand     0x000000000800bca0       0x80 c:/st/stm32cubeide_1.6.1/stm32cubeide/plugins/com.st.stm32cube.ide.mcu.externaltools.gnu-tools-for-stm32.9-2020-q2-update.win32_1.5.0.202011040924/tools/bin/../lib/gcc/arm-none-eabi/9.3.1/../../../../arm-none-eabi/lib/thumb/v7e-m+fp/hard\libc_nano.a(lib_a-rand.o)
                0x000000000800bca0                rand
 .text.__assert_func
                0x000000000800bd20       0x3c c:/st/stm32cubeide_1.6.1/stm32cubeide/plugins/com.st.stm32cube.ide.mcu.externaltools.gnu-tools-for-stm32.9-2020-q2-update.win32_1.5.0.202011040924/tools/bin/../lib/gcc/arm-none-eabi/9.3.1/../../../../arm-none-eabi/lib/thumb/v7e-m+fp/hard\libc_nano.a(lib_a-assert.o)
                0x000000000800bd20                __assert_func
 .text.fprintf  0x000000000800bd5c       0x24 c:/st/stm32cubeide_1.6.1/stm32cubeide/plugins/com.st.stm32cube.ide.mcu.externaltools.gnu-tools-for-stm32.9-2020-q2-update.win32_1.5.0.202011040924/tools/bin/../lib/gcc/arm-none-eabi/9.3.1/../../../../arm-none-eabi/lib/thumb/v7e-m+fp/hard\libc_nano.a(lib_a-fprintf.o)
                0x000000000800bd5c                fiprintf
                0x000000000800bd5c                fprintf
 .text.malloc   0x000000000800bd80       0x10 c:/st/stm32cubeide_1.6.1/stm32cubeide/plugins/com.st.stm32cube.ide.mcu.externaltools.gnu-tools-for-stm32.9-2020-q2-update.win32_1.5.0.202011040924/tools/bin/../lib/gcc/arm-none-eabi/9.3.1/../../../../arm-none-eabi/lib/thumb/v7e-m+fp/hard\libc_nano.a(lib_a-malloc.o)
                0x000000000800bd80                malloc
 .text._free_r  0x000000000800bd90       0xa0 c:/st/stm32cubeide_1.6.1/stm32cubeide/plugins/com.st.stm32cube.ide.mcu.externaltools.gnu-tools-for-stm32.9-2020-q2-update.win32_1.5.0.202011040924/tools/bin/../lib/gcc/arm-none-eabi/9.3.1/../../../../arm-none-eabi/lib/thumb/v7e-m+fp/hard\libc_nano.a(lib_a-nano-freer.o)
                0x000000000800bd90                _free_r
 .text._malloc_r
                0x000000000800be30       0xb4 c:/st/stm32cubeide_1.6.1/stm32cubeide/plugins/com.st.stm32cube.ide.mcu.externaltools.gnu-tools-for-stm32.9-2020-q2-update.win32_1.5.0.202011040924/tools/bin/../lib/gcc/arm-none-eabi/9.3.1/../../../../arm-none-eabi/lib/thumb/v7e-m+fp/hard\libc_nano.a(lib_a-nano-mallocr.o)
                0x000000000800be30                _malloc_r
 .text.__sfputc_r
                0x000000000800bee4       0x2e c:/st/stm32cubeide_1.6.1/stm32cubeide/plugins/com.st.stm32cube.ide.mcu.externaltools.gnu-tools-for-stm32.9-2020-q2-update.win32_1.5.0.202011040924/tools/bin/../lib/gcc/arm-none-eabi/9.3.1/../../../../arm-none-eabi/lib/thumb/v7e-m+fp/hard\libc_nano.a(lib_a-nano-vfprintf.o)
 .text.__sfputs_r
                0x000000000800bf12       0x24 c:/st/stm32cubeide_1.6.1/stm32cubeide/plugins/com.st.stm32cube.ide.mcu.externaltools.gnu-tools-for-stm32.9-2020-q2-update.win32_1.5.0.202011040924/tools/bin/../lib/gcc/arm-none-eabi/9.3.1/../../../../arm-none-eabi/lib/thumb/v7e-m+fp/hard\libc_nano.a(lib_a-nano-vfprintf.o)
                0x000000000800bf12                __sfputs_r
 *fill*         0x000000000800bf36        0x2 
 .text._vfprintf_r
                0x000000000800bf38      0x260 c:/st/stm32cubeide_1.6.1/stm32cubeide/plugins/com.st.stm32cube.ide.mcu.externaltools.gnu-tools-for-stm32.9-2020-q2-update.win32_1.5.0.202011040924/tools/bin/../lib/gcc/arm-none-eabi/9.3.1/../../../../arm-none-eabi/lib/thumb/v7e-m+fp/hard\libc_nano.a(lib_a-nano-vfprintf.o)
                0x000000000800bf38                _vfprintf_r
                0x000000000800bf38                _vfiprintf_r
 .text._printf_common
                0x000000000800c198       0xda c:/st/stm32cubeide_1.6.1/stm32cubeide/plugins/com.st.stm32cube.ide.mcu.externaltools.gnu-tools-for-stm32.9-2020-q2-update.win32_1.5.0.202011040924/tools/bin/../lib/gcc/arm-none-eabi/9.3.1/../../../../arm-none-eabi/lib/thumb/v7e-m+fp/hard\libc_nano.a(lib_a-nano-vfprintf_i.o)
                0x000000000800c198                _printf_common
 *fill*         0x000000000800c272        0x2 
 .text._printf_i
                0x000000000800c274      0x24c c:/st/stm32cubeide_1.6.1/stm32cubeide/plugins/com.st.stm32cube.ide.mcu.externaltools.gnu-tools-for-stm32.9-2020-q2-update.win32_1.5.0.202011040924/tools/bin/../lib/gcc/arm-none-eabi/9.3.1/../../../../arm-none-eabi/lib/thumb/v7e-m+fp/hard\libc_nano.a(lib_a-nano-vfprintf_i.o)
                0x000000000800c274                _printf_i
 .text._sbrk_r  0x000000000800c4c0       0x20 c:/st/stm32cubeide_1.6.1/stm32cubeide/plugins/com.st.stm32cube.ide.mcu.externaltools.gnu-tools-for-stm32.9-2020-q2-update.win32_1.5.0.202011040924/tools/bin/../lib/gcc/arm-none-eabi/9.3.1/../../../../arm-none-eabi/lib/thumb/v7e-m+fp/hard\libc_nano.a(lib_a-sbrkr.o)
                0x000000000800c4c0                _sbrk_r
 .text.__swbuf_r
                0x000000000800c4e0       0xa4 c:/st/stm32cubeide_1.6.1/stm32cubeide/plugins/com.st.stm32cube.ide.mcu.externaltools.gnu-tools-for-stm32.9-2020-q2-update.win32_1.5.0.202011040924/tools/bin/../lib/gcc/arm-none-eabi/9.3.1/../../../../arm-none-eabi/lib/thumb/v7e-m+fp/hard\libc_nano.a(lib_a-wbuf.o)
                0x000000000800c4e0                __swbuf_r
 .text.__swsetup_r
                0x000000000800c584       0xdc c:/st/stm32cubeide_1.6.1/stm32cubeide/plugins/com.st.stm32cube.ide.mcu.externaltools.gnu-tools-for-stm32.9-2020-q2-update.win32_1.5.0.202011040924/tools/bin/../lib/gcc/arm-none-eabi/9.3.1/../../../../arm-none-eabi/lib/thumb/v7e-m+fp/hard\libc_nano.a(lib_a-wsetup.o)
                0x000000000800c584                __swsetup_r
 .text.abort    0x000000000800c660        0xe c:/st/stm32cubeide_1.6.1/stm32cubeide/plugins/com.st.stm32cube.ide.mcu.externaltools.gnu-tools-for-stm32.9-2020-q2-update.win32_1.5.0.202011040924/tools/bin/../lib/gcc/arm-none-eabi/9.3.1/../../../../arm-none-eabi/lib/thumb/v7e-m+fp/hard\libc_nano.a(lib_a-abort.o)
                0x000000000800c660                abort
 *fill*         0x000000000800c66e        0x2 
 .text.__sflush_r
                0x000000000800c670      0x10c c:/st/stm32cubeide_1.6.1/stm32cubeide/plugins/com.st.stm32cube.ide.mcu.externaltools.gnu-tools-for-stm32.9-2020-q2-update.win32_1.5.0.202011040924/tools/bin/../lib/gcc/arm-none-eabi/9.3.1/../../../../arm-none-eabi/lib/thumb/v7e-m+fp/hard\libc_nano.a(lib_a-fflush.o)
                0x000000000800c670                __sflush_r
 .text._fflush_r
                0x000000000800c77c       0x78 c:/st/stm32cubeide_1.6.1/stm32cubeide/plugins/com.st.stm32cube.ide.mcu.externaltools.gnu-tools-for-stm32.9-2020-q2-update.win32_1.5.0.202011040924/tools/bin/../lib/gcc/arm-none-eabi/9.3.1/../../../../arm-none-eabi/lib/thumb/v7e-m+fp/hard\libc_nano.a(lib_a-fflush.o)
                0x000000000800c77c                _fflush_r
 .text.std      0x000000000800c7f4       0x48 c:/st/stm32cubeide_1.6.1/stm32cubeide/plugins/com.st.stm32cube.ide.mcu.externaltools.gnu-tools-for-stm32.9-2020-q2-update.win32_1.5.0.202011040924/tools/bin/../lib/gcc/arm-none-eabi/9.3.1/../../../../arm-none-eabi/lib/thumb/v7e-m+fp/hard\libc_nano.a(lib_a-findfp.o)
 .text._cleanup_r
                0x000000000800c83c        0xc c:/st/stm32cubeide_1.6.1/stm32cubeide/plugins/com.st.stm32cube.ide.mcu.externaltools.gnu-tools-for-stm32.9-2020-q2-update.win32_1.5.0.202011040924/tools/bin/../lib/gcc/arm-none-eabi/9.3.1/../../../../arm-none-eabi/lib/thumb/v7e-m+fp/hard\libc_nano.a(lib_a-findfp.o)
                0x000000000800c83c                _cleanup_r
 .text.__sfmoreglue
                0x000000000800c848       0x2c c:/st/stm32cubeide_1.6.1/stm32cubeide/plugins/com.st.stm32cube.ide.mcu.externaltools.gnu-tools-for-stm32.9-2020-q2-update.win32_1.5.0.202011040924/tools/bin/../lib/gcc/arm-none-eabi/9.3.1/../../../../arm-none-eabi/lib/thumb/v7e-m+fp/hard\libc_nano.a(lib_a-findfp.o)
                0x000000000800c848                __sfmoreglue
 .text.__sfp_lock_acquire
                0x000000000800c874        0xc c:/st/stm32cubeide_1.6.1/stm32cubeide/plugins/com.st.stm32cube.ide.mcu.externaltools.gnu-tools-for-stm32.9-2020-q2-update.win32_1.5.0.202011040924/tools/bin/../lib/gcc/arm-none-eabi/9.3.1/../../../../arm-none-eabi/lib/thumb/v7e-m+fp/hard\libc_nano.a(lib_a-findfp.o)
                0x000000000800c874                __sfp_lock_acquire
 .text.__sfp_lock_release
                0x000000000800c880        0xc c:/st/stm32cubeide_1.6.1/stm32cubeide/plugins/com.st.stm32cube.ide.mcu.externaltools.gnu-tools-for-stm32.9-2020-q2-update.win32_1.5.0.202011040924/tools/bin/../lib/gcc/arm-none-eabi/9.3.1/../../../../arm-none-eabi/lib/thumb/v7e-m+fp/hard\libc_nano.a(lib_a-findfp.o)
                0x000000000800c880                __sfp_lock_release
 .text.__sinit_lock_acquire
                0x000000000800c88c        0xc c:/st/stm32cubeide_1.6.1/stm32cubeide/plugins/com.st.stm32cube.ide.mcu.externaltools.gnu-tools-for-stm32.9-2020-q2-update.win32_1.5.0.202011040924/tools/bin/../lib/gcc/arm-none-eabi/9.3.1/../../../../arm-none-eabi/lib/thumb/v7e-m+fp/hard\libc_nano.a(lib_a-findfp.o)
                0x000000000800c88c                __sinit_lock_acquire
 .text.__sinit_lock_release
                0x000000000800c898        0xc c:/st/stm32cubeide_1.6.1/stm32cubeide/plugins/com.st.stm32cube.ide.mcu.externaltools.gnu-tools-for-stm32.9-2020-q2-update.win32_1.5.0.202011040924/tools/bin/../lib/gcc/arm-none-eabi/9.3.1/../../../../arm-none-eabi/lib/thumb/v7e-m+fp/hard\libc_nano.a(lib_a-findfp.o)
                0x000000000800c898                __sinit_lock_release
 .text.__sinit  0x000000000800c8a4       0x70 c:/st/stm32cubeide_1.6.1/stm32cubeide/plugins/com.st.stm32cube.ide.mcu.externaltools.gnu-tools-for-stm32.9-2020-q2-update.win32_1.5.0.202011040924/tools/bin/../lib/gcc/arm-none-eabi/9.3.1/../../../../arm-none-eabi/lib/thumb/v7e-m+fp/hard\libc_nano.a(lib_a-findfp.o)
                0x000000000800c8a4                __sinit
 .text.__sfp    0x000000000800c914       0x8c c:/st/stm32cubeide_1.6.1/stm32cubeide/plugins/com.st.stm32cube.ide.mcu.externaltools.gnu-tools-for-stm32.9-2020-q2-update.win32_1.5.0.202011040924/tools/bin/../lib/gcc/arm-none-eabi/9.3.1/../../../../arm-none-eabi/lib/thumb/v7e-m+fp/hard\libc_nano.a(lib_a-findfp.o)
                0x000000000800c914                __sfp
 .text._fwalk_reent
                0x000000000800c9a0       0x3e c:/st/stm32cubeide_1.6.1/stm32cubeide/plugins/com.st.stm32cube.ide.mcu.externaltools.gnu-tools-for-stm32.9-2020-q2-update.win32_1.5.0.202011040924/tools/bin/../lib/gcc/arm-none-eabi/9.3.1/../../../../arm-none-eabi/lib/thumb/v7e-m+fp/hard\libc_nano.a(lib_a-fwalk.o)
                0x000000000800c9a0                _fwalk_reent
 .text.__retarget_lock_init_recursive
                0x000000000800c9de        0x2 c:/st/stm32cubeide_1.6.1/stm32cubeide/plugins/com.st.stm32cube.ide.mcu.externaltools.gnu-tools-for-stm32.9-2020-q2-update.win32_1.5.0.202011040924/tools/bin/../lib/gcc/arm-none-eabi/9.3.1/../../../../arm-none-eabi/lib/thumb/v7e-m+fp/hard\libc_nano.a(lib_a-lock.o)
                0x000000000800c9de                __retarget_lock_init_recursive
 .text.__retarget_lock_acquire_recursive
                0x000000000800c9e0        0x2 c:/st/stm32cubeide_1.6.1/stm32cubeide/plugins/com.st.stm32cube.ide.mcu.externaltools.gnu-tools-for-stm32.9-2020-q2-update.win32_1.5.0.202011040924/tools/bin/../lib/gcc/arm-none-eabi/9.3.1/../../../../arm-none-eabi/lib/thumb/v7e-m+fp/hard\libc_nano.a(lib_a-lock.o)
                0x000000000800c9e0                __retarget_lock_acquire_recursive
 .text.__retarget_lock_release_recursive
                0x000000000800c9e2        0x2 c:/st/stm32cubeide_1.6.1/stm32cubeide/plugins/com.st.stm32cube.ide.mcu.externaltools.gnu-tools-for-stm32.9-2020-q2-update.win32_1.5.0.202011040924/tools/bin/../lib/gcc/arm-none-eabi/9.3.1/../../../../arm-none-eabi/lib/thumb/v7e-m+fp/hard\libc_nano.a(lib_a-lock.o)
                0x000000000800c9e2                __retarget_lock_release_recursive
 .text.__swhatbuf_r
                0x000000000800c9e4       0x48 c:/st/stm32cubeide_1.6.1/stm32cubeide/plugins/com.st.stm32cube.ide.mcu.externaltools.gnu-tools-for-stm32.9-2020-q2-update.win32_1.5.0.202011040924/tools/bin/../lib/gcc/arm-none-eabi/9.3.1/../../../../arm-none-eabi/lib/thumb/v7e-m+fp/hard\libc_nano.a(lib_a-makebuf.o)
                0x000000000800c9e4                __swhatbuf_r
 .text.__smakebuf_r
                0x000000000800ca2c       0x80 c:/st/stm32cubeide_1.6.1/stm32cubeide/plugins/com.st.stm32cube.ide.mcu.externaltools.gnu-tools-for-stm32.9-2020-q2-update.win32_1.5.0.202011040924/tools/bin/../lib/gcc/arm-none-eabi/9.3.1/../../../../arm-none-eabi/lib/thumb/v7e-m+fp/hard\libc_nano.a(lib_a-makebuf.o)
                0x000000000800ca2c                __smakebuf_r
 .text.__malloc_lock
                0x000000000800caac        0xc c:/st/stm32cubeide_1.6.1/stm32cubeide/plugins/com.st.stm32cube.ide.mcu.externaltools.gnu-tools-for-stm32.9-2020-q2-update.win32_1.5.0.202011040924/tools/bin/../lib/gcc/arm-none-eabi/9.3.1/../../../../arm-none-eabi/lib/thumb/v7e-m+fp/hard\libc_nano.a(lib_a-mlock.o)
                0x000000000800caac                __malloc_lock
 .text.__malloc_unlock
                0x000000000800cab8        0xc c:/st/stm32cubeide_1.6.1/stm32cubeide/plugins/com.st.stm32cube.ide.mcu.externaltools.gnu-tools-for-stm32.9-2020-q2-update.win32_1.5.0.202011040924/tools/bin/../lib/gcc/arm-none-eabi/9.3.1/../../../../arm-none-eabi/lib/thumb/v7e-m+fp/hard\libc_nano.a(lib_a-mlock.o)
                0x000000000800cab8                __malloc_unlock
 .text._raise_r
                0x000000000800cac4       0x50 c:/st/stm32cubeide_1.6.1/stm32cubeide/plugins/com.st.stm32cube.ide.mcu.externaltools.gnu-tools-for-stm32.9-2020-q2-update.win32_1.5.0.202011040924/tools/bin/../lib/gcc/arm-none-eabi/9.3.1/../../../../arm-none-eabi/lib/thumb/v7e-m+fp/hard\libc_nano.a(lib_a-signal.o)
                0x000000000800cac4                _raise_r
 .text.raise    0x000000000800cb14       0x10 c:/st/stm32cubeide_1.6.1/stm32cubeide/plugins/com.st.stm32cube.ide.mcu.externaltools.gnu-tools-for-stm32.9-2020-q2-update.win32_1.5.0.202011040924/tools/bin/../lib/gcc/arm-none-eabi/9.3.1/../../../../arm-none-eabi/lib/thumb/v7e-m+fp/hard\libc_nano.a(lib_a-signal.o)
                0x000000000800cb14                raise
 .text._kill_r  0x000000000800cb24       0x24 c:/st/stm32cubeide_1.6.1/stm32cubeide/plugins/com.st.stm32cube.ide.mcu.externaltools.gnu-tools-for-stm32.9-2020-q2-update.win32_1.5.0.202011040924/tools/bin/../lib/gcc/arm-none-eabi/9.3.1/../../../../arm-none-eabi/lib/thumb/v7e-m+fp/hard\libc_nano.a(lib_a-signalr.o)
                0x000000000800cb24                _kill_r
 .text._getpid_r
                0x000000000800cb48        0x4 c:/st/stm32cubeide_1.6.1/stm32cubeide/plugins/com.st.stm32cube.ide.mcu.externaltools.gnu-tools-for-stm32.9-2020-q2-update.win32_1.5.0.202011040924/tools/bin/../lib/gcc/arm-none-eabi/9.3.1/../../../../arm-none-eabi/lib/thumb/v7e-m+fp/hard\libc_nano.a(lib_a-signalr.o)
                0x000000000800cb48                _getpid_r
 .text.__sread  0x000000000800cb4c       0x22 c:/st/stm32cubeide_1.6.1/stm32cubeide/plugins/com.st.stm32cube.ide.mcu.externaltools.gnu-tools-for-stm32.9-2020-q2-update.win32_1.5.0.202011040924/tools/bin/../lib/gcc/arm-none-eabi/9.3.1/../../../../arm-none-eabi/lib/thumb/v7e-m+fp/hard\libc_nano.a(lib_a-stdio.o)
                0x000000000800cb4c                __sread
 .text.__swrite
                0x000000000800cb6e       0x38 c:/st/stm32cubeide_1.6.1/stm32cubeide/plugins/com.st.stm32cube.ide.mcu.externaltools.gnu-tools-for-stm32.9-2020-q2-update.win32_1.5.0.202011040924/tools/bin/../lib/gcc/arm-none-eabi/9.3.1/../../../../arm-none-eabi/lib/thumb/v7e-m+fp/hard\libc_nano.a(lib_a-stdio.o)
                0x000000000800cb6e                __swrite
 .text.__sseek  0x000000000800cba6       0x24 c:/st/stm32cubeide_1.6.1/stm32cubeide/plugins/com.st.stm32cube.ide.mcu.externaltools.gnu-tools-for-stm32.9-2020-q2-update.win32_1.5.0.202011040924/tools/bin/../lib/gcc/arm-none-eabi/9.3.1/../../../../arm-none-eabi/lib/thumb/v7e-m+fp/hard\libc_nano.a(lib_a-stdio.o)
                0x000000000800cba6                __sseek
 .text.__sclose
                0x000000000800cbca        0x8 c:/st/stm32cubeide_1.6.1/stm32cubeide/plugins/com.st.stm32cube.ide.mcu.externaltools.gnu-tools-for-stm32.9-2020-q2-update.win32_1.5.0.202011040924/tools/bin/../lib/gcc/arm-none-eabi/9.3.1/../../../../arm-none-eabi/lib/thumb/v7e-m+fp/hard\libc_nano.a(lib_a-stdio.o)
                0x000000000800cbca                __sclose
 *fill*         0x000000000800cbd2        0x2 
 .text._write_r
                0x000000000800cbd4       0x24 c:/st/stm32cubeide_1.6.1/stm32cubeide/plugins/com.st.stm32cube.ide.mcu.externaltools.gnu-tools-for-stm32.9-2020-q2-update.win32_1.5.0.202011040924/tools/bin/../lib/gcc/arm-none-eabi/9.3.1/../../../../arm-none-eabi/lib/thumb/v7e-m+fp/hard\libc_nano.a(lib_a-writer.o)
                0x000000000800cbd4                _write_r
 .text._close_r
                0x000000000800cbf8       0x20 c:/st/stm32cubeide_1.6.1/stm32cubeide/plugins/com.st.stm32cube.ide.mcu.externaltools.gnu-tools-for-stm32.9-2020-q2-update.win32_1.5.0.202011040924/tools/bin/../lib/gcc/arm-none-eabi/9.3.1/../../../../arm-none-eabi/lib/thumb/v7e-m+fp/hard\libc_nano.a(lib_a-closer.o)
                0x000000000800cbf8                _close_r
 .text._fstat_r
                0x000000000800cc18       0x24 c:/st/stm32cubeide_1.6.1/stm32cubeide/plugins/com.st.stm32cube.ide.mcu.externaltools.gnu-tools-for-stm32.9-2020-q2-update.win32_1.5.0.202011040924/tools/bin/../lib/gcc/arm-none-eabi/9.3.1/../../../../arm-none-eabi/lib/thumb/v7e-m+fp/hard\libc_nano.a(lib_a-fstatr.o)
                0x000000000800cc18                _fstat_r
 .text._isatty_r
                0x000000000800cc3c       0x20 c:/st/stm32cubeide_1.6.1/stm32cubeide/plugins/com.st.stm32cube.ide.mcu.externaltools.gnu-tools-for-stm32.9-2020-q2-update.win32_1.5.0.202011040924/tools/bin/../lib/gcc/arm-none-eabi/9.3.1/../../../../arm-none-eabi/lib/thumb/v7e-m+fp/hard\libc_nano.a(lib_a-isattyr.o)
                0x000000000800cc3c                _isatty_r
 .text._lseek_r
                0x000000000800cc5c       0x24 c:/st/stm32cubeide_1.6.1/stm32cubeide/plugins/com.st.stm32cube.ide.mcu.externaltools.gnu-tools-for-stm32.9-2020-q2-update.win32_1.5.0.202011040924/tools/bin/../lib/gcc/arm-none-eabi/9.3.1/../../../../arm-none-eabi/lib/thumb/v7e-m+fp/hard\libc_nano.a(lib_a-lseekr.o)
                0x000000000800cc5c                _lseek_r
 .text._read_r  0x000000000800cc80       0x24 c:/st/stm32cubeide_1.6.1/stm32cubeide/plugins/com.st.stm32cube.ide.mcu.externaltools.gnu-tools-for-stm32.9-2020-q2-update.win32_1.5.0.202011040924/tools/bin/../lib/gcc/arm-none-eabi/9.3.1/../../../../arm-none-eabi/lib/thumb/v7e-m+fp/hard\libc_nano.a(lib_a-readr.o)
                0x000000000800cc80                _read_r
 .text._close   0x000000000800cca4       0x10 c:/st/stm32cubeide_1.6.1/stm32cubeide/plugins/com.st.stm32cube.ide.mcu.externaltools.gnu-tools-for-stm32.9-2020-q2-update.win32_1.5.0.202011040924/tools/bin/../lib/gcc/arm-none-eabi/9.3.1/../../../../arm-none-eabi/lib/thumb/v7e-m+fp/hard\libnosys.a(close.o)
                0x000000000800cca4                _close
 .text._fstat   0x000000000800ccb4       0x10 c:/st/stm32cubeide_1.6.1/stm32cubeide/plugins/com.st.stm32cube.ide.mcu.externaltools.gnu-tools-for-stm32.9-2020-q2-update.win32_1.5.0.202011040924/tools/bin/../lib/gcc/arm-none-eabi/9.3.1/../../../../arm-none-eabi/lib/thumb/v7e-m+fp/hard\libnosys.a(fstat.o)
                0x000000000800ccb4                _fstat
 .text._getpid  0x000000000800ccc4       0x10 c:/st/stm32cubeide_1.6.1/stm32cubeide/plugins/com.st.stm32cube.ide.mcu.externaltools.gnu-tools-for-stm32.9-2020-q2-update.win32_1.5.0.202011040924/tools/bin/../lib/gcc/arm-none-eabi/9.3.1/../../../../arm-none-eabi/lib/thumb/v7e-m+fp/hard\libnosys.a(getpid.o)
                0x000000000800ccc4                _getpid
 .text._isatty  0x000000000800ccd4       0x10 c:/st/stm32cubeide_1.6.1/stm32cubeide/plugins/com.st.stm32cube.ide.mcu.externaltools.gnu-tools-for-stm32.9-2020-q2-update.win32_1.5.0.202011040924/tools/bin/../lib/gcc/arm-none-eabi/9.3.1/../../../../arm-none-eabi/lib/thumb/v7e-m+fp/hard\libnosys.a(isatty.o)
                0x000000000800ccd4                _isatty
 .text._kill    0x000000000800cce4       0x10 c:/st/stm32cubeide_1.6.1/stm32cubeide/plugins/com.st.stm32cube.ide.mcu.externaltools.gnu-tools-for-stm32.9-2020-q2-update.win32_1.5.0.202011040924/tools/bin/../lib/gcc/arm-none-eabi/9.3.1/../../../../arm-none-eabi/lib/thumb/v7e-m+fp/hard\libnosys.a(kill.o)
                0x000000000800cce4                _kill
 .text._lseek   0x000000000800ccf4       0x10 c:/st/stm32cubeide_1.6.1/stm32cubeide/plugins/com.st.stm32cube.ide.mcu.externaltools.gnu-tools-for-stm32.9-2020-q2-update.win32_1.5.0.202011040924/tools/bin/../lib/gcc/arm-none-eabi/9.3.1/../../../../arm-none-eabi/lib/thumb/v7e-m+fp/hard\libnosys.a(lseek.o)
                0x000000000800ccf4                _lseek
 .text._read    0x000000000800cd04       0x10 c:/st/stm32cubeide_1.6.1/stm32cubeide/plugins/com.st.stm32cube.ide.mcu.externaltools.gnu-tools-for-stm32.9-2020-q2-update.win32_1.5.0.202011040924/tools/bin/../lib/gcc/arm-none-eabi/9.3.1/../../../../arm-none-eabi/lib/thumb/v7e-m+fp/hard\libnosys.a(read.o)
                0x000000000800cd04                _read
 .text._sbrk    0x000000000800cd14       0x1c c:/st/stm32cubeide_1.6.1/stm32cubeide/plugins/com.st.stm32cube.ide.mcu.externaltools.gnu-tools-for-stm32.9-2020-q2-update.win32_1.5.0.202011040924/tools/bin/../lib/gcc/arm-none-eabi/9.3.1/../../../../arm-none-eabi/lib/thumb/v7e-m+fp/hard\libnosys.a(sbrk.o)
                0x000000000800cd14                _sbrk
 .text._write   0x000000000800cd30       0x10 c:/st/stm32cubeide_1.6.1/stm32cubeide/plugins/com.st.stm32cube.ide.mcu.externaltools.gnu-tools-for-stm32.9-2020-q2-update.win32_1.5.0.202011040924/tools/bin/../lib/gcc/arm-none-eabi/9.3.1/../../../../arm-none-eabi/lib/thumb/v7e-m+fp/hard\libnosys.a(write.o)
                0x000000000800cd30                _write
 .text._exit    0x000000000800cd40        0x2 c:/st/stm32cubeide_1.6.1/stm32cubeide/plugins/com.st.stm32cube.ide.mcu.externaltools.gnu-tools-for-stm32.9-2020-q2-update.win32_1.5.0.202011040924/tools/bin/../lib/gcc/arm-none-eabi/9.3.1/../../../../arm-none-eabi/lib/thumb/v7e-m+fp/hard\libnosys.a(_exit.o)
                0x000000000800cd40                _exit
 *(.glue_7)
 .glue_7        0x000000000800cd42        0x0 linker stubs
 *(.glue_7t)
 .glue_7t       0x000000000800cd42        0x0 linker stubs
 *(.eh_frame)
 *fill*         0x000000000800cd42        0x2 
 .eh_frame      0x000000000800cd44        0x0 c:/st/stm32cubeide_1.6.1/stm32cubeide/plugins/com.st.stm32cube.ide.mcu.externaltools.gnu-tools-for-stm32.9-2020-q2-update.win32_1.5.0.202011040924/tools/bin/../lib/gcc/arm-none-eabi/9.3.1/thumb/v7e-m+fp/hard/crtbegin.o
 *(.init)
 .init          0x000000000800cd44        0x4 c:/st/stm32cubeide_1.6.1/stm32cubeide/plugins/com.st.stm32cube.ide.mcu.externaltools.gnu-tools-for-stm32.9-2020-q2-update.win32_1.5.0.202011040924/tools/bin/../lib/gcc/arm-none-eabi/9.3.1/thumb/v7e-m+fp/hard/crti.o
                0x000000000800cd44                _init
 .init          0x000000000800cd48        0x8 c:/st/stm32cubeide_1.6.1/stm32cubeide/plugins/com.st.stm32cube.ide.mcu.externaltools.gnu-tools-for-stm32.9-2020-q2-update.win32_1.5.0.202011040924/tools/bin/../lib/gcc/arm-none-eabi/9.3.1/thumb/v7e-m+fp/hard/crtn.o
 *(.fini)
 .fini          0x000000000800cd50        0x4 c:/st/stm32cubeide_1.6.1/stm32cubeide/plugins/com.st.stm32cube.ide.mcu.externaltools.gnu-tools-for-stm32.9-2020-q2-update.win32_1.5.0.202011040924/tools/bin/../lib/gcc/arm-none-eabi/9.3.1/thumb/v7e-m+fp/hard/crti.o
                0x000000000800cd50                _fini
 .fini          0x000000000800cd54        0x8 c:/st/stm32cubeide_1.6.1/stm32cubeide/plugins/com.st.stm32cube.ide.mcu.externaltools.gnu-tools-for-stm32.9-2020-q2-update.win32_1.5.0.202011040924/tools/bin/../lib/gcc/arm-none-eabi/9.3.1/thumb/v7e-m+fp/hard/crtn.o
                0x000000000800cd5c                . = ALIGN (0x4)
                0x000000000800cd5c                _etext = .

.vfp11_veneer   0x000000000800cd5c        0x0
 .vfp11_veneer  0x000000000800cd5c        0x0 linker stubs

.v4_bx          0x000000000800cd5c        0x0
 .v4_bx         0x000000000800cd5c        0x0 linker stubs

.iplt           0x000000000800cd5c        0x0
 .iplt          0x000000000800cd5c        0x0 c:/st/stm32cubeide_1.6.1/stm32cubeide/plugins/com.st.stm32cube.ide.mcu.externaltools.gnu-tools-for-stm32.9-2020-q2-update.win32_1.5.0.202011040924/tools/bin/../lib/gcc/arm-none-eabi/9.3.1/thumb/v7e-m+fp/hard/crtbegin.o

.rodata         0x000000000800cd5c      0x270
                0x000000000800cd5c                . = ALIGN (0x4)
 *(.rodata)
 .rodata        0x000000000800cd5c       0x5c Core/Src/freertos.o
 .rodata        0x000000000800cdb8        0x5 Middlewares/Third_Party/FreeRTOS/Source/tasks.o
 *fill*         0x000000000800cdbd        0x3 
 .rodata        0x000000000800cdc0        0xd Middlewares/Third_Party/FreeRTOS/Source/timers.o
 *(.rodata*)
 *fill*         0x000000000800cdcd        0x3 
 .rodata.low_priority_task_attributes
                0x000000000800cdd0       0x24 Core/Src/freertos.o
                0x000000000800cdd0                low_priority_task_attributes
 .rodata.low2_priority_task_attributes
                0x000000000800cdf4       0x24 Core/Src/freertos.o
                0x000000000800cdf4                low2_priority_task_attributes
 .rodata.high2_priority_task_attributes
                0x000000000800ce18       0x24 Core/Src/freertos.o
                0x000000000800ce18                high2_priority_task_attributes
 .rodata.defaultTask_attributes