Archive member included to satisfy reference by file (symbol)

c:/st/stm32cubeide_1.6.1/stm32cubeide/plugins/com.st.stm32cube.ide.mcu.externaltools.gnu-tools-for-stm32.9-2020-q2-update.win32_1.5.0.202011040924/tools/bin/../lib/gcc/arm-none-eabi/9.3.1/../../../../arm-none-eabi/lib/thumb/v7e-m+fp/hard\libc_nano.a(lib_a-exit.o)
                              c:/st/stm32cubeide_1.6.1/stm32cubeide/plugins/com.st.stm32cube.ide.mcu.externaltools.gnu-tools-for-stm32.9-2020-q2-update.win32_1.5.0.202011040924/tools/bin/../lib/gcc/arm-none-eabi/9.3.1/../../../../arm-none-eabi/lib/thumb/v7e-m+fp/hard/crt0.o (exit)
c:/st/stm32cubeide_1.6.1/stm32cubeide/plugins/com.st.stm32cube.ide.mcu.externaltools.gnu-tools-for-stm32.9-2020-q2-update.win32_1.5.0.202011040924/tools/bin/../lib/gcc/arm-none-eabi/9.3.1/../../../../arm-none-eabi/lib/thumb/v7e-m+fp/hard\libc_nano.a(lib_a-impure.o)
                              c:/st/stm32cubeide_1.6.1/stm32cubeide/plugins/com.st.stm32cube.ide.mcu.externaltools.gnu-tools-for-stm32.9-2020-q2-update.win32_1.5.0.202011040924/tools/bin/../lib/gcc/arm-none-eabi/9.3.1/../../../../arm-none-eabi/lib/thumb/v7e-m+fp/hard\libc_nano.a(lib_a-exit.o) (_global_impure_ptr)
c:/st/stm32cubeide_1.6.1/stm32cubeide/plugins/com.st.stm32cube.ide.mcu.externaltools.gnu-tools-for-stm32.9-2020-q2-update.win32_1.5.0.202011040924/tools/bin/../lib/gcc/arm-none-eabi/9.3.1/../../../../arm-none-eabi/lib/thumb/v7e-m+fp/hard\libc_nano.a(lib_a-init.o)
                              c:/st/stm32cubeide_1.6.1/stm32cubeide/plugins/com.st.stm32cube.ide.mcu.externaltools.gnu-tools-for-stm32.9-2020-q2-update.win32_1.5.0.202011040924/tools/bin/../lib/gcc/arm-none-eabi/9.3.1/../../../../arm-none-eabi/lib/thumb/v7e-m+fp/hard/crt0.o (__libc_init_array)
c:/st/stm32cubeide_1.6.1/stm32cubeide/plugins/com.st.stm32cube.ide.mcu.externaltools.gnu-tools-for-stm32.9-2020-q2-update.win32_1.5.0.202011040924/tools/bin/../lib/gcc/arm-none-eabi/9.3.1/../../../../arm-none-eabi/lib/thumb/v7e-m+fp/hard\libc_nano.a(lib_a-memcpy-stub.o)
                              Core/BSP/Src/bsp_imu.o (memcpy)
c:/st/stm32cubeide_1.6.1/stm32cubeide/plugins/com.st.stm32cube.ide.mcu.externaltools.gnu-tools-for-stm32.9-2020-q2-update.win32_1.5.0.202011040924/tools/bin/../lib/gcc/arm-none-eabi/9.3.1/../../../../arm-none-eabi/lib/thumb/v7e-m+fp/hard\libc_nano.a(lib_a-memset.o)
                              c:/st/stm32cubeide_1.6.1/stm32cubeide/plugins/com.st.stm32cube.ide.mcu.externaltools.gnu-tools-for-stm32.9-2020-q2-update.win32_1.5.0.202011040924/tools/bin/../lib/gcc/arm-none-eabi/9.3.1/../../../../arm-none-eabi/lib/thumb/v7e-m+fp/hard/crt0.o (memset)
c:/st/stm32cubeide_1.6.1/stm32cubeide/plugins/com.st.stm32cube.ide.mcu.externaltools.gnu-tools-for-stm32.9-2020-q2-update.win32_1.5.0.202011040924/tools/bin/../lib/gcc/arm-none-eabi/9.3.1/../../../../arm-none-eabi/lib/thumb/v7e-m+fp/hard\libc_nano.a(lib_a-vsprintf.o)
                              Core/BSP/Src/bsp_oled.o (vsprintf)
c:/st/stm32cubeide_1.6.1/stm32cubeide/plugins/com.st.stm32cube.ide.mcu.externaltools.gnu-tools-for-stm32.9-2020-q2-update.win32_1.5.0.202011040924/tools/bin/../lib/gcc/arm-none-eabi/9.3.1/../../../../arm-none-eabi/lib/thumb/v7e-m+fp/hard\libc_nano.a(lib_a-nano-svfprintf.o)
                              c:/st/stm32cubeide_1.6.1/stm32cubeide/plugins/com.st.stm32cube.ide.mcu.externaltools.gnu-tools-for-stm32.9-2020-q2-update.win32_1.5.0.202011040924/tools/bin/../lib/gcc/arm-none-eabi/9.3.1/../../../../arm-none-eabi/lib/thumb/v7e-m+fp/hard\libc_nano.a(lib_a-vsprintf.o) (_svfprintf_r)
c:/st/stm32cubeide_1.6.1/stm32cubeide/plugins/com.st.stm32cube.ide.mcu.externaltools.gnu-tools-for-stm32.9-2020-q2-update.win32_1.5.0.202011040924/tools/bin/../lib/gcc/arm-none-eabi/9.3.1/../../../../arm-none-eabi/lib/thumb/v7e-m+fp/hard\libc_nano.a(lib_a-nano-vfprintf_i.o)
                              c:/st/stm32cubeide_1.6.1/stm32cubeide/plugins/com.st.stm32cube.ide.mcu.externaltools.gnu-tools-for-stm32.9-2020-q2-update.win32_1.5.0.202011040924/tools/bin/../lib/gcc/arm-none-eabi/9.3.1/../../../../arm-none-eabi/lib/thumb/v7e-m+fp/hard\libc_nano.a(lib_a-nano-svfprintf.o) (_printf_i)
c:/st/stm32cubeide_1.6.1/stm32cubeide/plugins/com.st.stm32cube.ide.mcu.externaltools.gnu-tools-for-stm32.9-2020-q2-update.win32_1.5.0.202011040924/tools/bin/../lib/gcc/arm-none-eabi/9.3.1/../../../../arm-none-eabi/lib/thumb/v7e-m+fp/hard\libc_nano.a(lib_a-memchr.o)
                              c:/st/stm32cubeide_1.6.1/stm32cubeide/plugins/com.st.stm32cube.ide.mcu.externaltools.gnu-tools-for-stm32.9-2020-q2-update.win32_1.5.0.202011040924/tools/bin/../lib/gcc/arm-none-eabi/9.3.1/../../../../arm-none-eabi/lib/thumb/v7e-m+fp/hard\libc_nano.a(lib_a-nano-svfprintf.o) (memchr)
c:/st/stm32cubeide_1.6.1/stm32cubeide/plugins/com.st.stm32cube.ide.mcu.externaltools.gnu-tools-for-stm32.9-2020-q2-update.win32_1.5.0.202011040924/tools/bin/../lib/gcc/arm-none-eabi/9.3.1/../../../../arm-none-eabi/lib/thumb/v7e-m+fp/hard\libc_nano.a(lib_a-memmove.o)
[...]
Memory Configuration

Name             Origin             Length             Attributes
CCMRAM           0x0000000010000000 0x0000000000010000 xrw
RAM              0x0000000020000000 0x0000000000030000 xrw
FLASH            0x0000000008000000 0x0000000000200000 xr
*default*        0x0000000000000000 0xffffffffffffffff

Linker script and memory map

LOAD c:/st/stm32cubeide_1.6.1/stm32cubeide/plugins/com.st.stm32cube.ide.mcu.externaltools.gnu-tools-for-stm32.9-2020-q2-update.win32_1.5.0.202011040924/tools/bin/../lib/gcc/arm-none-eabi/9.3.1/thumb/v7e-m+fp/hard/crti.o
LOAD c:/st/stm32cubeide_1.6.1/stm32cubeide/plugins/com.st.stm32cube.ide.mcu.externaltools.gnu-tools-for-stm32.9-2020-q2-update.win32_1.5.0.202011040924/tools/bin/../lib/gcc/arm-none-eabi/9.3.1/thumb/v7e-m+fp/hard/crtbegin.o
LOAD c:/st/stm32cubeide_1.6.1/stm32cubeide/plugins/com.st.stm32cube.ide.mcu.externaltools.gnu-tools-for-stm32.9-2020-q2-update.win32_1.5.0.202011040924/tools/bin/../lib/gcc/arm-none-eabi/9.3.1/../../../../arm-none-eabi/lib/thumb/v7e-m+fp/hard/crt0.o
LOAD Core/BSP/Src/bsp_buzzer.o
LOAD Core/BSP/Src/bsp_can.o
LOAD Core/BSP/Src/bsp_dbus_input.o
LOAD Core/BSP/Src/bsp_imu.o
LOAD Core/BSP/Src/bsp_led.o
LOAD Core/BSP/Src/bsp_oled.o
LOAD Core/BSP/Src/bsp_usart.o
LOAD Core/Src/can.o
LOAD Core/Src/dma.o
LOAD Core/Src/freertos.o
LOAD Core/Src/gpio.o
LOAD Core/Src/main.o
LOAD Core/Src/spi.o
LOAD Core/Src/stm32f4xx_hal_msp.o
LOAD Core/Src/stm32f4xx_hal_timebase_tim.o
LOAD Core/Src/stm32f4xx_it.o
LOAD Core/Src/system_stm32f4xx.o
LOAD Core/Src/tim.o
LOAD Core/Src/usart.o
LOAD Core/Startup/startup_stm32f427iihx.o
LOAD Core/Tasks/Src/actuator_feedback.o
LOAD Core/Tasks/Src/gimbal_control_task.o
LOAD Core/Tasks/Src/gun_control_task.o
LOAD Core/Tasks/Src/motor_control.o
LOAD Core/Tasks/Src/movement_control_task.o
LOAD Core/Tasks/Src/rc_input.o
LOAD Core/Tasks/Src/startup_task.o
LOAD Drivers/STM32F4xx_HAL_Driver/Src/stm32f4xx_hal.o
LOAD Drivers/STM32F4xx_HAL_Driver/Src/stm32f4xx_hal_can.o
LOAD Drivers/STM32F4xx_HAL_Driver/Src/stm32f4xx_hal_cortex.o
LOAD Drivers/STM32F4xx_HAL_Driver/Src/stm32f4xx_hal_dma.o
LOAD Drivers/STM32F4xx_HAL_Driver/Src/stm32f4xx_hal_dma_ex.o
LOAD Drivers/STM32F4xx_HAL_Driver/Src/stm32f4xx_hal_exti.o
LOAD Drivers/STM32F4xx_HAL_Driver/Src/stm32f4xx_hal_flash.o
LOAD Drivers/STM32F4xx_HAL_Driver/Src/stm32f4xx_hal_flash_ex.o
LOAD Drivers/STM32F4xx_HAL_Driver/Src/stm32f4xx_hal_flash_ramfunc.o
LOAD Drivers/STM32F4xx_HAL_Driver/Src/stm32f4xx_hal_gpio.o
LOAD Drivers/STM32F4xx_HAL_Driver/Src/stm32f4xx_hal_pwr.o
LOAD Drivers/STM32F4xx_HAL_Driver/Src/stm32f4xx_hal_pwr_ex.o
LOAD Drivers/STM32F4xx_HAL_Driver/Src/stm32f4xx_hal_rcc.o
LOAD Drivers/STM32F4xx_HAL_Driver/Src/stm32f4xx_hal_rcc_ex.o
LOAD Drivers/STM32F4xx_HAL_Driver/Src/stm32f4xx_hal_spi.o
LOAD Drivers/STM32F4xx_HAL_Driver/Src/stm32f4xx_hal_tim.o
LOAD Drivers/STM32F4xx_HAL_Driver/Src/stm32f4xx_hal_tim_ex.o
LOAD Drivers/STM32F4xx_HAL_Driver/Src/stm32f4xx_hal_uart.o
LOAD Middlewares/Third_Party/FreeRTOS/Source/CMSIS_RTOS_V2/cmsis_os2.o
LOAD Middlewares/Third_Party/FreeRTOS/Source/croutine.o
LOAD Middlewares/Third_Party/FreeRTOS/Source/event_groups.o
LOAD Middlewares/Third_Party/FreeRTOS/Source/list.o
LOAD Middlewares/Third_Party/FreeRTOS/Source/queue.o
LOAD Middlewares/Third_Party/FreeRTOS/Source/stream_buffer.o
LOAD Middlewares/Third_Party/FreeRTOS/Source/tasks.o
LOAD Middlewares/Third_Party/FreeRTOS/Source/timers.o
LOAD Middlewares/Third_Party/FreeRTOS/Source/portable/GCC/ARM_CM4F/port.o
LOAD Middlewares/Third_Party/FreeRTOS/Source/portable/MemMang/heap_4.o
START GROUP
LOAD c:/st/stm32cubeide_1.6.1/stm32cubeide/plugins/com.st.stm32cube.ide.mcu.externaltools.gnu-tools-for-stm32.9-2020-q2-update.win32_1.5.0.202011040924/tools/bin/../lib/gcc/arm-none-eabi/9.3.1/../../../../arm-none-eabi/lib/thumb/v7e-m+fp/hard\libc_nano.a
LOAD c:/st/stm32cubeide_1.6.1/stm32cubeide/plugins/com.st.stm32cube.ide.mcu.externaltools.gnu-tools-for-stm32.9-2020-q2-update.win32_1.5.0.202011040924/tools/bin/../lib/gcc/arm-none-eabi/9.3.1/../../../../arm-none-eabi/lib/thumb/v7e-m+fp/hard\libm.a
END GROUP
START GROUP
LOAD c:/st/stm32cubeide_1.6.1/stm32cubeide/plugins/com.st.stm32cube.ide.mcu.externaltools.gnu-tools-for-stm32.9-2020-q2-update.win32_1.5.0.202011040924/tools/bin/../lib/gcc/arm-none-eabi/9.3.1/thumb/v7e-m+fp/hard\libgcc.a
LOAD c:/st/stm32cubeide_1.6.1/stm32cubeide/plugins/com.st.stm32cube.ide.mcu.externaltools.gnu-tools-for-stm32.9-2020-q2-update.win32_1.5.0.202011040924/tools/bin/../lib/gcc/arm-none-eabi/9.3.1/../../../../arm-none-eabi/lib/thumb/v7e-m+fp/hard\libc_nano.a
END GROUP
START GROUP
LOAD c:/st/stm32cubeide_1.6.1/stm32cubeide/plugins/com.st.stm32cube.ide.mcu.externaltools.gnu-tools-for-stm32.9-2020-q2-update.win32_1.5.0.202011040924/tools/bin/../lib/gcc/arm-none-eabi/9.3.1/thumb/v7e-m+fp/hard\libgcc.a
LOAD c:/st/stm32cubeide_1.6.1/stm32cubeide/plugins/com.st.stm32cube.ide.mcu.externaltools.gnu-tools-for-stm32.9-2020-q2-update.win32_1.5.0.202011040924/tools/bin/../lib/gcc/arm-none-eabi/9.3.1/../../../../arm-none-eabi/lib/thumb/v7e-m+fp/hard\libc_nano.a
LOAD c:/st/stm32cubeide_1.6.1/stm32cubeide/plugins/com.st.stm32cube.ide.mcu.externaltools.gnu-tools-for-stm32.9-2020-q2-update.win32_1.5.0.202011040924/tools/bin/../lib/gcc/arm-none-eabi/9.3.1/../../../../arm-none-eabi/lib/thumb/v7e-m+fp/hard\libnosys.a
END GROUP
START GROUP
LOAD c:/st/stm32cubeide_1.6.1/stm32cubeide/plugins/com.st.stm32cube.ide.mcu.externaltools.gnu-tools-for-stm32.9-2020-q2-update.win32_1.5.0.202011040924/tools/bin/../lib/gcc/arm-none-eabi/9.3.1/thumb/v7e-m+fp/hard\libgcc.a
LOAD c:/st/stm32cubeide_1.6.1/stm32cubeide/plugins/com.st.stm32cube.ide.mcu.externaltools.gnu-tools-for-stm32.9-2020-q2-update.win32_1.5.0.202011040924/tools/bin/../lib/gcc/arm-none-eabi/9.3.1/../../../../arm-none-eabi/lib/thumb/v7e-m+fp/hard\libc_nano.a
LOAD c:/st/stm32cubeide_1.6.1/stm32cubeide/plugins/com.st.stm32cube.ide.mcu.externaltools.gnu-tools-for-stm32.9-2020-q2-update.win32_1.5.0.202011040924/tools/bin/../lib/gcc/arm-none-eabi/9.3.1/../../../../arm-none-eabi/lib/thumb/v7e-m+fp/hard\libnosys.a
END GROUP
LOAD c:/st/stm32cubeide_1.6.1/stm32cubeide/plugins/com.st.stm32cube.ide.mcu.externaltools.gnu-tools-for-stm32.9-2020-q2-update.win32_1.5.0.202011040924/tools/bin/../lib/gcc/arm-none-eabi/9.3.1/thumb/v7e-m+fp/hard/crtend.o
LOAD c:/st/stm32cubeide_1.6.1/stm32cubeide/plugins/com.st.stm32cube.ide.mcu.externaltools.gnu-tools-for-stm32.9-2020-q2-update.win32_1.5.0.202011040924/tools/bin/../lib/gcc/arm-none-eabi/9.3.1/thumb/v7e-m+fp/hard/crtn.o
                0x0000000020030000                _estack = (ORIGIN (RAM) + LENGTH (RAM))
                0x0000000000000200                _Min_Heap_Size = 0x200
                0x0000000000000400                _Min_Stack_Size = 0x400

.isr_vector     0x0000000008000000      0x1ac
                0x0000000008000000                . = ALIGN (0x4)
 *(.isr_vector)
 .isr_vector    0x0000000008000000      0x1ac Core/Startup/startup_stm32f427iihx.o
                0x0000000008000000                g_pfnVectors
                0x00000000080001ac                . = ALIGN (0x4)

.text           0x00000000080001b0     0xbb18
                0x00000000080001b0                . = ALIGN (0x4)
 *(.text)
 .text          0x00000000080001b0       0x40 c:/st/stm32cubeide_1.6.1/stm32cubeide/plugins/com.st.stm32cube.ide.mcu.externaltools.gnu-tools-for-stm32.9-2020-q2-update.win32_1.5.0.202011040924/tools/bin/../lib/gcc/arm-none-eabi/9.3.1/thumb/v7e-m+fp/hard/crtbegin.o
 .text          0x00000000080001f0      0x378 c:/st/stm32cubeide_1.6.1/stm32cubeide/plugins/com.st.stm32cube.ide.mcu.externaltools.gnu-tools-for-stm32.9-2020-q2-update.win32_1.5.0.202011040924/tools/bin/../lib/gcc/arm-none-eabi/9.3.1/thumb/v7e-m+fp/hard\libgcc.a(_arm_addsubdf3.o)
                0x00000000080001f0                __aeabi_drsub
                0x00000000080001f8                __aeabi_dsub
                0x00000000080001f8                __subdf3
                0x00000000080001fc                __aeabi_dadd
                0x00000000080001fc                __adddf3
                0x0000000008000474                __floatunsidf
                0x0000000008000474                __aeabi_ui2d
                0x0000000008000494                __floatsidf
                0x0000000008000494                __aeabi_i2d
                0x00000000080004b8                __aeabi_f2d
                0x00000000080004b8                __extendsfdf2
                0x00000000080004fc                __floatundidf
                0x00000000080004fc                __aeabi_ul2d
                0x000000000800050c                __floatdidf
                0x000000000800050c                __aeabi_l2d
 .text          0x0000000008000568      0x424 c:/st/stm32cubeide_1.6.1/stm32cubeide/plugins/com.st.stm32cube.ide.mcu.externaltools.gnu-tools-for-stm32.9-2020-q2-update.win32_1.5.0.202011040924/tools/bin/../lib/gcc/arm-none-eabi/9.3.1/thumb/v7e-m+fp/hard\libgcc.a(_arm_muldivdf3.o)
                0x0000000008000568                __aeabi_dmul
                0x0000000008000568                __muldf3
                0x00000000080007bc                __divdf3
                0x00000000080007bc                __aeabi_ddiv
 .text          0x000000000800098c      0x110 c:/st/stm32cubeide_1.6.1/stm32cubeide/plugins/com.st.stm32cube.ide.mcu.externaltools.gnu-tools-for-stm32.9-2020-q2-update.win32_1.5.0.202011040924/tools/bin/../lib/gcc/arm-none-eabi/9.3.1/thumb/v7e-m+fp/hard\libgcc.a(_arm_cmpdf2.o)
                0x000000000800098c                __gtdf2
                0x000000000800098c                __gedf2
                0x0000000008000994                __ltdf2
                0x0000000008000994                __ledf2
                0x000000000800099c                __nedf2
                0x000000000800099c                __eqdf2
                0x000000000800099c                __cmpdf2
                0x0000000008000a18                __aeabi_cdrcmple
                0x0000000008000a28                __aeabi_cdcmpeq
                0x0000000008000a28                __aeabi_cdcmple
                0x0000000008000a38                __aeabi_dcmpeq
                0x0000000008000a4c                __aeabi_dcmplt
                0x0000000008000a60                __aeabi_dcmple
                0x0000000008000a74                __aeabi_dcmpge
                0x0000000008000a88                __aeabi_dcmpgt
 .text          0x0000000008000a9c       0x50 c:/st/stm32cubeide_1.6.1/stm32cubeide/plugins/com.st.stm32cube.ide.mcu.externaltools.gnu-tools-for-stm32.9-2020-q2-update.win32_1.5.0.202011040924/tools/bin/../lib/gcc/arm-none-eabi/9.3.1/thumb/v7e-m+fp/hard\libgcc.a(_arm_fixdfsi.o)
                0x0000000008000a9c                __aeabi_d2iz
                0x0000000008000a9c                __fixdfsi
 .text          0x0000000008000aec       0xa0 c:/st/stm32cubeide_1.6.1/stm32cubeide/plugins/com.st.stm32cube.ide.mcu.externaltools.gnu-tools-for-stm32.9-2020-q2-update.win32_1.5.0.202011040924/tools/bin/../lib/gcc/arm-none-eabi/9.3.1/thumb/v7e-m+fp/hard\libgcc.a(_arm_truncdfsf2.o)
                0x0000000008000aec                __truncdfsf2
                0x0000000008000aec                __aeabi_d2f
 .text          0x0000000008000b8c       0x30 c:/st/stm32cubeide_1.6.1/stm32cubeide/plugins/com.st.stm32cube.ide.mcu.externaltools.gnu-tools-for-stm32.9-2020-q2-update.win32_1.5.0.202011040924/tools/bin/../lib/gcc/arm-none-eabi/9.3.1/thumb/v7e-m+fp/hard\libgcc.a(_aeabi_uldivmod.o)
                0x0000000008000b8c                __aeabi_uldivmod
 .text          0x0000000008000bbc      0x2c4 c:/st/stm32cubeide_1.6.1/stm32cubeide/plugins/com.st.stm32cube.ide.mcu.externaltools.gnu-tools-for-stm32.9-2020-q2-update.win32_1.5.0.202011040924/tools/bin/../lib/gcc/arm-none-eabi/9.3.1/thumb/v7e-m+fp/hard\libgcc.a(_udivmoddi4.o)
                0x0000000008000bbc                __udivmoddi4
 .text          0x0000000008000e80        0x4 c:/st/stm32cubeide_1.6.1/stm32cubeide/plugins/com.st.stm32cube.ide.mcu.externaltools.gnu-tools-for-stm32.9-2020-q2-update.win32_1.5.0.202011040924/tools/bin/../lib/gcc/arm-none-eabi/9.3.1/thumb/v7e-m+fp/hard\libgcc.a(_dvmd_tls.o)
                0x0000000008000e80                __aeabi_idiv0
                0x0000000008000e80                __aeabi_ldiv0
 *(.text*)
 .text.buzzer   0x0000000008000e84       0x44 Core/BSP/Src/bsp_buzzer.o
                0x0000000008000e84                buzzer
 .text.buzzer_init
                0x0000000008000ec8       0x1c Core/BSP/Src/bsp_buzzer.o
                0x0000000008000ec8                buzzer_init
 .text.HAL_CAN_RxFifo0MsgPendingCallback
                0x0000000008000ee4       0x16 Core/BSP/Src/bsp_can.o
                0x0000000008000ee4                HAL_CAN_RxFifo0MsgPendingCallback
 .text.can_get_msg
                0x0000000008000efa       0x22 Core/BSP/Src/bsp_can.o
                0x0000000008000efa                can_get_msg
 .text.can_start
                0x0000000008000f1c       0x84 Core/BSP/Src/bsp_can.o
                0x0000000008000f1c                can_start
 .text.dbus_remote_start
                0x0000000008000fa0       0xe0 Core/BSP/Src/bsp_dbus_input.o
                0x0000000008000fa0                dbus_remote_start
 .text.GPIO_ToggleBits
                0x0000000008001080       0x24 Core/BSP/Src/bsp_led.o
                0x0000000008001080                GPIO_ToggleBits
 .text.led_green_off
                0x00000000080010a4       0x18 Core/BSP/Src/bsp_led.o
                0x00000000080010a4                led_green_off
 .text.led_on   0x00000000080010bc       0x28 Core/BSP/Src/bsp_led.o
                0x00000000080010bc                led_on
 .text.led_toggle
                0x00000000080010e4       0x24 Core/BSP/Src/bsp_led.o
                0x00000000080010e4                led_toggle
 .text.xavier_usart_start
                0x0000000008001108       0xec Core/BSP/Src/bsp_usart.o
                0x0000000008001108                xavier_usart_start
 .text.MX_CAN1_Init
                0x00000000080011f4       0x6c Core/Src/can.o
                0x00000000080011f4                MX_CAN1_Init
 .text.MX_CAN2_Init
                0x0000000008001260       0x6c Core/Src/can.o
                0x0000000008001260                MX_CAN2_Init
 .text.HAL_CAN_MspInit
                0x00000000080012cc      0x160 Core/Src/can.o
                0x00000000080012cc                HAL_CAN_MspInit
 .text.MX_DMA_Init
                0x000000000800142c       0x9c Core/Src/dma.o
                0x000000000800142c                MX_DMA_Init
 .text.MX_FREERTOS_Init
                0x00000000080014c8       0xdc Core/Src/freertos.o
                0x00000000080014c8                MX_FREERTOS_Init
 .text.StartDefaultTask
                0x00000000080015a4       0x10 Core/Src/freertos.o
                0x00000000080015a4                StartDefaultTask
 .text.MX_GPIO_Init
                0x00000000080015b4      0x208 Core/Src/gpio.o
                0x00000000080015b4                MX_GPIO_Init
 .text.main     0x00000000080017bc       0x46 Core/Src/main.o
                0x00000000080017bc                main
 *fill*         0x0000000008001802        0x2 
 .text.SystemClock_Config
                0x0000000008001804       0xd4 Core/Src/main.o
                0x0000000008001804                SystemClock_Config
 .text.HAL_TIM_PeriodElapsedCallback
                0x00000000080018d8       0x24 Core/Src/main.o
                0x00000000080018d8                HAL_TIM_PeriodElapsedCallback
 .text.Error_Handler
                0x00000000080018fc        0xa Core/Src/main.o
                0x00000000080018fc                Error_Handler
 *fill*         0x0000000008001906        0x2 
 .text.MX_SPI5_Init
                0x0000000008001908       0x6c Core/Src/spi.o
                0x0000000008001908                MX_SPI5_Init
 .text.HAL_SPI_MspInit
                0x0000000008001974      0x170 Core/Src/spi.o
                0x0000000008001974                HAL_SPI_MspInit
 .text.HAL_MspInit
                0x0000000008001ae4       0x94 Core/Src/stm32f4xx_hal_msp.o
                0x0000000008001ae4                HAL_MspInit
 .text.HAL_InitTick
                0x0000000008001b78       0xb4 Core/Src/stm32f4xx_hal_timebase_tim.o
                0x0000000008001b78                HAL_InitTick
 .text.NMI_Handler
                0x0000000008001c2c        0x6 Core/Src/stm32f4xx_it.o
                0x0000000008001c2c                NMI_Handler
 .text.HardFault_Handler
                0x0000000008001c32        0x6 Core/Src/stm32f4xx_it.o
                0x0000000008001c32                HardFault_Handler
 .text.MemManage_Handler
                0x0000000008001c38        0x6 Core/Src/stm32f4xx_it.o
                0x0000000008001c38                MemManage_Handler
 .text.BusFault_Handler
                0x0000000008001c3e        0x6 Core/Src/stm32f4xx_it.o
                0x0000000008001c3e                BusFault_Handler
 .text.UsageFault_Handler
                0x0000000008001c44        0x6 Core/Src/stm32f4xx_it.o
                0x0000000008001c44                UsageFault_Handler
 .text.DebugMon_Handler
                0x0000000008001c4a        0xe Core/Src/stm32f4xx_it.o
                0x0000000008001c4a                DebugMon_Handler
 .text.EXTI3_IRQHandler
                0x0000000008001c58        0xe Core/Src/stm32f4xx_it.o
                0x0000000008001c58                EXTI3_IRQHandler
 *fill*         0x0000000008001c66        0x2 
 .text.DMA1_Stream3_IRQHandler
                0x0000000008001c68       0x14 Core/Src/stm32f4xx_it.o
                0x0000000008001c68                DMA1_Stream3_IRQHandler
 .text.CAN1_RX0_IRQHandler
                0x0000000008001c7c       0x14 Core/Src/stm32f4xx_it.o
                0x0000000008001c7c                CAN1_RX0_IRQHandler
 .text.EXTI9_5_IRQHandler
                0x0000000008001c90       0x10 Core/Src/stm32f4xx_it.o
                0x0000000008001c90                EXTI9_5_IRQHandler
 .text.TIM3_IRQHandler
                0x0000000008001ca0       0x14 Core/Src/stm32f4xx_it.o
                0x0000000008001ca0                TIM3_IRQHandler
 .text.DMA2_Stream1_IRQHandler
                0x0000000008001cb4       0x14 Core/Src/stm32f4xx_it.o
                0x0000000008001cb4                DMA2_Stream1_IRQHandler
 .text.DMA2_Stream2_IRQHandler
                0x0000000008001cc8       0x14 Core/Src/stm32f4xx_it.o
                0x0000000008001cc8                DMA2_Stream2_IRQHandler
 .text.DMA2_Stream3_IRQHandler
                0x0000000008001cdc       0x14 Core/Src/stm32f4xx_it.o
                0x0000000008001cdc                DMA2_Stream3_IRQHandler
 .text.DMA2_Stream4_IRQHandler
                0x0000000008001cf0       0x14 Core/Src/stm32f4xx_it.o
                0x0000000008001cf0                DMA2_Stream4_IRQHandler
 .text.CAN2_RX0_IRQHandler
                0x0000000008001d04       0x14 Core/Src/stm32f4xx_it.o
                0x0000000008001d04                CAN2_RX0_IRQHandler
 .text.USART6_IRQHandler
                0x0000000008001d18       0x14 Core/Src/stm32f4xx_it.o
                0x0000000008001d18                USART6_IRQHandler
 .text.UART7_IRQHandler
                0x0000000008001d2c       0x14 Core/Src/stm32f4xx_it.o
                0x0000000008001d2c                UART7_IRQHandler
 .text.SystemInit
                0x0000000008001d40       0x2c Core/Src/system_stm32f4xx.o
                0x0000000008001d40                SystemInit
 .text.MX_TIM4_Init
                0x0000000008001d6c       0xf4 Core/Src/tim.o
                0x0000000008001d6c                MX_TIM4_Init
 .text.MX_TIM12_Init
                0x0000000008001e60       0xc4 Core/Src/tim.o
                0x0000000008001e60                MX_TIM12_Init
 .text.HAL_TIM_PWM_MspInit
                0x0000000008001f24       0x44 Core/Src/tim.o
                0x0000000008001f24                HAL_TIM_PWM_MspInit
 .text.HAL_TIM_Base_MspInit
                0x0000000008001f68       0x44 Core/Src/tim.o
                0x0000000008001f68                HAL_TIM_Base_MspInit
 .text.HAL_TIM_MspPostInit
                0x0000000008001fac       0xc4 Core/Src/tim.o
                0x0000000008001fac                HAL_TIM_MspPostInit
 .text.MX_UART7_Init
                0x0000000008002070       0x54 Core/Src/usart.o
                0x0000000008002070                MX_UART7_Init
 .text.MX_USART1_UART_Init
                0x00000000080020c4       0x58 Core/Src/usart.o
                0x00000000080020c4                MX_USART1_UART_Init
 .text.MX_USART6_UART_Init
                0x000000000800211c       0x54 Core/Src/usart.o
                0x000000000800211c                MX_USART6_UART_Init
 .text.HAL_UART_MspInit
                0x0000000008002170      0x308 Core/Src/usart.o
                0x0000000008002170                HAL_UART_MspInit
 .text.Reset_Handler
                0x0000000008002478       0x50 Core/Startup/startup_stm32f427iihx.o
                0x0000000008002478                Reset_Handler
 .text.Default_Handler
                0x00000000080024c8        0x2 Core/Startup/startup_stm32f427iihx.o
                0x00000000080024c8                RTC_Alarm_IRQHandler
                0x00000000080024c8                HASH_RNG_IRQHandler
                0x00000000080024c8                EXTI2_IRQHandler
                0x00000000080024c8                TIM8_CC_IRQHandler
                0x00000000080024c8                UART8_IRQHandler
                0x00000000080024c8                SPI4_IRQHandler
                0x00000000080024c8                TIM1_CC_IRQHandler
                0x00000000080024c8                DMA2_Stream5_IRQHandler
                0x00000000080024c8                DMA1_Stream5_IRQHandler
                0x00000000080024c8                PVD_IRQHandler
                0x00000000080024c8                SDIO_IRQHandler
                0x00000000080024c8                TAMP_STAMP_IRQHandler
                0x00000000080024c8                CAN2_RX1_IRQHandler
                0x00000000080024c8                TIM8_TRG_COM_TIM14_IRQHandler
                0x00000000080024c8                TIM1_UP_TIM10_IRQHandler
                0x00000000080024c8                TIM8_UP_TIM13_IRQHandler
                0x00000000080024c8                I2C3_ER_IRQHandler
                0x00000000080024c8                EXTI0_IRQHandler
                0x00000000080024c8                I2C2_EV_IRQHandler
                0x00000000080024c8                DMA1_Stream2_IRQHandler
                0x00000000080024c8                FPU_IRQHandler
                0x00000000080024c8                OTG_HS_WKUP_IRQHandler
                0x00000000080024c8                CAN2_SCE_IRQHandler
                0x00000000080024c8                SPI1_IRQHandler
                0x00000000080024c8                TIM6_DAC_IRQHandler
                0x00000000080024c8                TIM1_BRK_TIM9_IRQHandler
                0x00000000080024c8                DCMI_IRQHandler
                0x00000000080024c8                USART3_IRQHandler
                0x00000000080024c8                CAN1_RX1_IRQHandler
                0x00000000080024c8                UART5_IRQHandler
                0x00000000080024c8                DMA2_Stream0_IRQHandler
                0x00000000080024c8                TIM4_IRQHandler
                0x00000000080024c8                I2C1_EV_IRQHandler
                0x00000000080024c8                DMA1_Stream6_IRQHandler
                0x00000000080024c8                DMA1_Stream1_IRQHandler
                0x00000000080024c8                UART4_IRQHandler
                0x00000000080024c8                RCC_IRQHandler
                0x00000000080024c8                TIM8_BRK_TIM12_IRQHandler
                0x00000000080024c8                Default_Handler
                0x00000000080024c8                EXTI15_10_IRQHandler
                0x00000000080024c8                ADC_IRQHandler
                0x00000000080024c8                DMA1_Stream7_IRQHandler
                0x00000000080024c8                SPI5_IRQHandler
                0x00000000080024c8                TIM7_IRQHandler
                0x00000000080024c8                CAN2_TX_IRQHandler
                0x00000000080024c8                TIM5_IRQHandler
                0x00000000080024c8                DMA2_Stream7_IRQHandler
                0x00000000080024c8                I2C3_EV_IRQHandler
                0x00000000080024c8                RTC_WKUP_IRQHandler
                0x00000000080024c8                ETH_WKUP_IRQHandler
                0x00000000080024c8                SPI2_IRQHandler
                0x00000000080024c8                OTG_HS_EP1_IN_IRQHandler
                0x00000000080024c8                DMA1_Stream0_IRQHandler
                0x00000000080024c8                CAN1_TX_IRQHandler
                0x00000000080024c8                EXTI4_IRQHandler
                0x00000000080024c8                ETH_IRQHandler
                0x00000000080024c8                OTG_HS_EP1_OUT_IRQHandler
                0x00000000080024c8                WWDG_IRQHandler
                0x00000000080024c8                SPI6_IRQHandler
                0x00000000080024c8                TIM2_IRQHandler
                0x00000000080024c8                OTG_FS_WKUP_IRQHandler
                0x00000000080024c8                TIM1_TRG_COM_TIM11_IRQHandler
                0x00000000080024c8                OTG_HS_IRQHandler
                0x00000000080024c8                DMA2D_IRQHandler
                0x00000000080024c8                EXTI1_IRQHandler
                0x00000000080024c8                USART2_IRQHandler
                0x00000000080024c8                I2C2_ER_IRQHandler
                0x00000000080024c8                CAN1_SCE_IRQHandler
                0x00000000080024c8                FLASH_IRQHandler
                0x00000000080024c8                USART1_IRQHandler
                0x00000000080024c8                OTG_FS_IRQHandler
                0x00000000080024c8                SPI3_IRQHandler
                0x00000000080024c8                DMA1_Stream4_IRQHandler
                0x00000000080024c8                I2C1_ER_IRQHandler
                0x00000000080024c8                FMC_IRQHandler
                0x00000000080024c8                DMA2_Stream6_IRQHandler
                0x00000000080024c8                SAI1_IRQHandler
 *fill*         0x00000000080024ca        0x2 
 .text.can_ISR  0x00000000080024cc       0xec Core/Tasks/Src/actuator_feedback.o
                0x00000000080024cc                can_ISR
 .text.convert_raw_can_data
                0x00000000080025b8      0x284 Core/Tasks/Src/actuator_feedback.o
                0x00000000080025b8                convert_raw_can_data
 .text.gimbal_offset
                0x000000000800283c       0xb0 Core/Tasks/Src/actuator_feedback.o
                0x000000000800283c                gimbal_offset
 .text.xavier_ISR
                0x00000000080028ec       0xa0 Core/Tasks/Src/gimbal_control_task.o
                0x00000000080028ec                xavier_ISR
 .text.gimbal_control_task
                0x000000000800298c       0x34 Core/Tasks/Src/gimbal_control_task.o
                0x000000000800298c                gimbal_control_task
 .text.yaw_sweep
                0x00000000080029c0       0xc8 Core/Tasks/Src/gimbal_control_task.o
                0x00000000080029c0                yaw_sweep
 .text.gimbal_angle_control
                0x0000000008002a88      0x2bc Core/Tasks/Src/gimbal_control_task.o
                0x0000000008002a88                gimbal_angle_control
 *fill*         0x0000000008002d44        0x4 
 .text.gun_control_task
                0x0000000008002d48      0x21c Core/Tasks/Src/gun_control_task.o
                0x0000000008002d48                gun_control_task
 *fill*         0x0000000008002f64        0x4 
 .text.pewpew   0x0000000008002f68      0x22c Core/Tasks/Src/gun_control_task.o
                0x0000000008002f68                pewpew
 .text.pwm_output
                0x0000000008003194       0x70 Core/Tasks/Src/gun_control_task.o
                0x0000000008003194                pwm_output
 .text.speed_pid
                0x0000000008003204      0x16a Core/Tasks/Src/motor_control.o
                0x0000000008003204                speed_pid
 *fill*         0x000000000800336e        0x2 
 .text.angle_pid
                0x0000000008003370       0xfc Core/Tasks/Src/motor_control.o
                0x0000000008003370                angle_pid
 .text.CANone_cmd
                0x000000000800346c       0x94 Core/Tasks/Src/motor_control.o
                0x000000000800346c                CANone_cmd
 .text.CANtwo_cmd
                0x0000000008003500       0xb0 Core/Tasks/Src/motor_control.o
                0x0000000008003500                CANtwo_cmd
 .text.int_limit
                0x00000000080035b0       0x4c Core/Tasks/Src/motor_control.o
                0x00000000080035b0                int_limit
 *fill*         0x00000000080035fc        0x4 
 .text.movement_control_task
                0x0000000008003600      0x10c Core/Tasks/Src/movement_control_task.o
                0x0000000008003600                movement_control_task
 .text.update_current_position
                0x000000000800370c      0x104 Core/Tasks/Src/movement_control_task.o
                0x000000000800370c                update_current_position
 .text.rpm_to_speed
                0x0000000008003810       0x54 Core/Tasks/Src/movement_control_task.o
                0x0000000008003810                rpm_to_speed
 *fill*         0x0000000008003864        0x4 
 .text.chassis_motion_control
                0x0000000008003868      0x114 Core/Tasks/Src/movement_control_task.o
                0x0000000008003868                chassis_motion_control
 *fill*         0x000000000800397c        0x4 
 .text.chassis_sweep
                0x0000000008003980      0x1dc Core/Tasks/Src/movement_control_task.o
                0x0000000008003980                chassis_sweep
 *fill*         0x0000000008003b5c        0x4 
 .text.generate_goal_position
                0x0000000008003b60       0xa8 Core/Tasks/Src/movement_control_task.o
                0x0000000008003b60                generate_goal_position
 .text.homing_sequence
                0x0000000008003c08      0x164 Core/Tasks/Src/movement_control_task.o
                0x0000000008003c08                homing_sequence
 .text.dbus_remote_ISR
                0x0000000008003d6c      0x1e0 Core/Tasks/Src/rc_input.o
                0x0000000008003d6c                dbus_remote_ISR
 .text.dbus_reset
                0x0000000008003f4c       0x7c Core/Tasks/Src/rc_input.o
                0x0000000008003f4c                dbus_reset
 .text.startup_task
                0x0000000008003fc8      0x1e0 Core/Tasks/Src/startup_task.o
                0x0000000008003fc8                startup_task
 .text.ok_buzzer
                0x00000000080041a8       0x86 Core/Tasks/Src/startup_task.o
                0x00000000080041a8                ok_buzzer
 *fill*         0x000000000800422e        0x2 
 .text.HAL_Init
                0x0000000008004230       0x44 Drivers/STM32F4xx_HAL_Driver/Src/stm32f4xx_hal.o
                0x0000000008004230                HAL_Init
 .text.HAL_IncTick
                0x0000000008004274       0x28 Drivers/STM32F4xx_HAL_Driver/Src/stm32f4xx_hal.o
                0x0000000008004274                HAL_IncTick
 .text.HAL_GetTick
                0x000000000800429c       0x18 Drivers/STM32F4xx_HAL_Driver/Src/stm32f4xx_hal.o
                0x000000000800429c                HAL_GetTick
 .text.HAL_Delay
                0x00000000080042b4       0x48 Drivers/STM32F4xx_HAL_Driver/Src/stm32f4xx_hal.o
                0x00000000080042b4                HAL_Delay
 .text.HAL_CAN_Init
                0x00000000080042fc      0x1f6 Drivers/STM32F4xx_HAL_Driver/Src/stm32f4xx_hal_can.o
                0x00000000080042fc                HAL_CAN_Init
 *fill*         0x00000000080044f2        0x2 
 .text.HAL_CAN_ConfigFilter
                0x00000000080044f4      0x1c0 Drivers/STM32F4xx_HAL_Driver/Src/stm32f4xx_hal_can.o
                0x00000000080044f4                HAL_CAN_ConfigFilter
 .text.HAL_CAN_Start
                0x00000000080046b4       0x88 Drivers/STM32F4xx_HAL_Driver/Src/stm32f4xx_hal_can.o
                0x00000000080046b4                HAL_CAN_Start
 .text.HAL_CAN_AddTxMessage
                0x000000000800473c      0x1b6 Drivers/STM32F4xx_HAL_Driver/Src/stm32f4xx_hal_can.o
                0x000000000800473c                HAL_CAN_AddTxMessage
 .text.HAL_CAN_GetRxMessage
                0x00000000080048f2      0x224 Drivers/STM32F4xx_HAL_Driver/Src/stm32f4xx_hal_can.o
                0x00000000080048f2                HAL_CAN_GetRxMessage
 .text.HAL_CAN_ActivateNotification
                0x0000000008004b16       0x4c Drivers/STM32F4xx_HAL_Driver/Src/stm32f4xx_hal_can.o
                0x0000000008004b16                HAL_CAN_ActivateNotification
 .text.HAL_CAN_DeactivateNotification
                0x0000000008004b62       0x4e Drivers/STM32F4xx_HAL_Driver/Src/stm32f4xx_hal_can.o
                0x0000000008004b62                HAL_CAN_DeactivateNotification
 .text.HAL_CAN_IRQHandler
                0x0000000008004bb0      0x36e Drivers/STM32F4xx_HAL_Driver/Src/stm32f4xx_hal_can.o
                0x0000000008004bb0                HAL_CAN_IRQHandler
 .text.HAL_CAN_TxMailbox0CompleteCallback
                0x0000000008004f1e       0x14 Drivers/STM32F4xx_HAL_Driver/Src/stm32f4xx_hal_can.o
                0x0000000008004f1e                HAL_CAN_TxMailbox0CompleteCallback
 .text.HAL_CAN_TxMailbox1CompleteCallback
                0x0000000008004f32       0x14 Drivers/STM32F4xx_HAL_Driver/Src/stm32f4xx_hal_can.o
                0x0000000008004f32                HAL_CAN_TxMailbox1CompleteCallback
 .text.HAL_CAN_TxMailbox2CompleteCallback
                0x0000000008004f46       0x14 Drivers/STM32F4xx_HAL_Driver/Src/stm32f4xx_hal_can.o
                0x0000000008004f46                HAL_CAN_TxMailbox2CompleteCallback
 .text.HAL_CAN_TxMailbox0AbortCallback
                0x0000000008004f5a       0x14 Drivers/STM32F4xx_HAL_Driver/Src/stm32f4xx_hal_can.o
                0x0000000008004f5a                HAL_CAN_TxMailbox0AbortCallback
 .text.HAL_CAN_TxMailbox1AbortCallback
                0x0000000008004f6e       0x14 Drivers/STM32F4xx_HAL_Driver/Src/stm32f4xx_hal_can.o
                0x0000000008004f6e                HAL_CAN_TxMailbox1AbortCallback
 .text.HAL_CAN_TxMailbox2AbortCallback
                0x0000000008004f82       0x14 Drivers/STM32F4xx_HAL_Driver/Src/stm32f4xx_hal_can.o
                0x0000000008004f82                HAL_CAN_TxMailbox2AbortCallback
 .text.HAL_CAN_RxFifo0FullCallback
                0x0000000008004f96       0x14 Drivers/STM32F4xx_HAL_Driver/Src/stm32f4xx_hal_can.o
                0x0000000008004f96                HAL_CAN_RxFifo0FullCallback
 .text.HAL_CAN_RxFifo1MsgPendingCallback
                0x0000000008004faa       0x14 Drivers/STM32F4xx_HAL_Driver/Src/stm32f4xx_hal_can.o
                0x0000000008004faa                HAL_CAN_RxFifo1MsgPendingCallback
 .text.HAL_CAN_RxFifo1FullCallback
                0x0000000008004fbe       0x14 Drivers/STM32F4xx_HAL_Driver/Src/stm32f4xx_hal_can.o
                0x0000000008004fbe                HAL_CAN_RxFifo1FullCallback
 .text.HAL_CAN_SleepCallback
                0x0000000008004fd2       0x14 Drivers/STM32F4xx_HAL_Driver/Src/stm32f4xx_hal_can.o
                0x0000000008004fd2                HAL_CAN_SleepCallback
 .text.HAL_CAN_WakeUpFromRxMsgCallback
                0x0000000008004fe6       0x14 Drivers/STM32F4xx_HAL_Driver/Src/stm32f4xx_hal_can.o
                0x0000000008004fe6                HAL_CAN_WakeUpFromRxMsgCallback
 .text.HAL_CAN_ErrorCallback
                0x0000000008004ffa       0x14 Drivers/STM32F4xx_HAL_Driver/Src/stm32f4xx_hal_can.o
                0x0000000008004ffa                HAL_CAN_ErrorCallback
 *fill*         0x000000000800500e        0x2 
 .text.__NVIC_SetPriorityGrouping
                0x0000000008005010       0x48 Drivers/STM32F4xx_HAL_Driver/Src/stm32f4xx_hal_cortex.o
 .text.__NVIC_GetPriorityGrouping
                0x0000000008005058       0x1c Drivers/STM32F4xx_HAL_Driver/Src/stm32f4xx_hal_cortex.o
 .text.__NVIC_EnableIRQ
                0x0000000008005074       0x3c Drivers/STM32F4xx_HAL_Driver/Src/stm32f4xx_hal_cortex.o
 .text.__NVIC_SetPriority
                0x00000000080050b0       0x54 Drivers/STM32F4xx_HAL_Driver/Src/stm32f4xx_hal_cortex.o
 .text.NVIC_EncodePriority
                0x0000000008005104       0x66 Drivers/STM32F4xx_HAL_Driver/Src/stm32f4xx_hal_cortex.o
 .text.HAL_NVIC_SetPriorityGrouping
                0x000000000800516a       0x16 Drivers/STM32F4xx_HAL_Driver/Src/stm32f4xx_hal_cortex.o
                0x000000000800516a                HAL_NVIC_SetPriorityGrouping
 .text.HAL_NVIC_SetPriority
                0x0000000008005180       0x38 Drivers/STM32F4xx_HAL_Driver/Src/stm32f4xx_hal_cortex.o
                0x0000000008005180                HAL_NVIC_SetPriority
 .text.HAL_NVIC_EnableIRQ
                0x00000000080051b8       0x1c Drivers/STM32F4xx_HAL_Driver/Src/stm32f4xx_hal_cortex.o
                0x00000000080051b8                HAL_NVIC_EnableIRQ
 .text.HAL_DMA_Init
                0x00000000080051d4      0x15c Drivers/STM32F4xx_HAL_Driver/Src/stm32f4xx_hal_dma.o
                0x00000000080051d4                HAL_DMA_Init
 .text.HAL_DMA_Start_IT
                0x0000000008005330       0xb0 Drivers/STM32F4xx_HAL_Driver/Src/stm32f4xx_hal_dma.o
                0x0000000008005330                HAL_DMA_Start_IT
 .text.HAL_DMA_Abort_IT
                0x00000000080053e0       0x44 Drivers/STM32F4xx_HAL_Driver/Src/stm32f4xx_hal_dma.o
                0x00000000080053e0                HAL_DMA_Abort_IT
 .text.HAL_DMA_IRQHandler
                0x0000000008005424      0x314 Drivers/STM32F4xx_HAL_Driver/Src/stm32f4xx_hal_dma.o
                0x0000000008005424                HAL_DMA_IRQHandler
 .text.DMA_SetConfig
                0x0000000008005738       0x5c Drivers/STM32F4xx_HAL_Driver/Src/stm32f4xx_hal_dma.o
 .text.DMA_CalcBaseAndBitshift
                0x0000000008005794       0x6c Drivers/STM32F4xx_HAL_Driver/Src/stm32f4xx_hal_dma.o
 .text.DMA_CheckFifoParam
                0x0000000008005800       0xf8 Drivers/STM32F4xx_HAL_Driver/Src/stm32f4xx_hal_dma.o
 .text.HAL_GPIO_Init
                0x00000000080058f8      0x358 Drivers/STM32F4xx_HAL_Driver/Src/stm32f4xx_hal_gpio.o
                0x00000000080058f8                HAL_GPIO_Init
 .text.HAL_GPIO_WritePin
                0x0000000008005c50       0x32 Drivers/STM32F4xx_HAL_Driver/Src/stm32f4xx_hal_gpio.o
                0x0000000008005c50                HAL_GPIO_WritePin
 *fill*         0x0000000008005c82        0x2 
 .text.HAL_GPIO_EXTI_IRQHandler
                0x0000000008005c84       0x30 Drivers/STM32F4xx_HAL_Driver/Src/stm32f4xx_hal_gpio.o
                0x0000000008005c84                HAL_GPIO_EXTI_IRQHandler
 .text.HAL_GPIO_EXTI_Callback
                0x0000000008005cb4       0x16 Drivers/STM32F4xx_HAL_Driver/Src/stm32f4xx_hal_gpio.o
                0x0000000008005cb4                HAL_GPIO_EXTI_Callback
 *fill*         0x0000000008005cca        0x2 
 .text.HAL_RCC_OscConfig
                0x0000000008005ccc      0x4e0 Drivers/STM32F4xx_HAL_Driver/Src/stm32f4xx_hal_rcc.o
                0x0000000008005ccc                HAL_RCC_OscConfig
 .text.HAL_RCC_ClockConfig
                0x00000000080061ac      0x1cc Drivers/STM32F4xx_HAL_Driver/Src/stm32f4xx_hal_rcc.o
                0x00000000080061ac                HAL_RCC_ClockConfig
 .text.HAL_RCC_GetSysClockFreq
                0x0000000008006378      0x16c Drivers/STM32F4xx_HAL_Driver/Src/stm32f4xx_hal_rcc.o
                0x0000000008006378                HAL_RCC_GetSysClockFreq
 .text.HAL_RCC_GetHCLKFreq
                0x00000000080064e4       0x18 Drivers/STM32F4xx_HAL_Driver/Src/stm32f4xx_hal_rcc.o
                0x00000000080064e4                HAL_RCC_GetHCLKFreq
 .text.HAL_RCC_GetPCLK1Freq
                0x00000000080064fc       0x28 Drivers/STM32F4xx_HAL_Driver/Src/stm32f4xx_hal_rcc.o
                0x00000000080064fc                HAL_RCC_GetPCLK1Freq
 .text.HAL_RCC_GetPCLK2Freq
                0x0000000008006524       0x28 Drivers/STM32F4xx_HAL_Driver/Src/stm32f4xx_hal_rcc.o
                0x0000000008006524                HAL_RCC_GetPCLK2Freq
 .text.HAL_RCC_GetClockConfig
                0x000000000800654c       0x64 Drivers/STM32F4xx_HAL_Driver/Src/stm32f4xx_hal_rcc.o
                0x000000000800654c                HAL_RCC_GetClockConfig
 .text.HAL_SPI_Init
                0x00000000080065b0       0xc8 Drivers/STM32F4xx_HAL_Driver/Src/stm32f4xx_hal_spi.o
                0x00000000080065b0                HAL_SPI_Init
 .text.HAL_TIM_Base_Init
                0x0000000008006678       0x56 Drivers/STM32F4xx_HAL_Driver/Src/stm32f4xx_hal_tim.o
                0x0000000008006678                HAL_TIM_Base_Init
 .text.HAL_TIM_Base_Start_IT
                0x00000000080066ce       0x48 Drivers/STM32F4xx_HAL_Driver/Src/stm32f4xx_hal_tim.o
                0x00000000080066ce                HAL_TIM_Base_Start_IT
 .text.HAL_TIM_PWM_Init
                0x0000000008006716       0x56 Drivers/STM32F4xx_HAL_Driver/Src/stm32f4xx_hal_tim.o
                0x0000000008006716                HAL_TIM_PWM_Init
 .text.HAL_TIM_PWM_Start
                0x000000000800676c       0x7c Drivers/STM32F4xx_HAL_Driver/Src/stm32f4xx_hal_tim.o
                0x000000000800676c                HAL_TIM_PWM_Start
 .text.HAL_TIM_IRQHandler
                0x00000000080067e8      0x210 Drivers/STM32F4xx_HAL_Driver/Src/stm32f4xx_hal_tim.o
                0x00000000080067e8                HAL_TIM_IRQHandler
 .text.HAL_TIM_PWM_ConfigChannel
                0x00000000080069f8      0x18c Drivers/STM32F4xx_HAL_Driver/Src/stm32f4xx_hal_tim.o
                0x00000000080069f8                HAL_TIM_PWM_ConfigChannel
 .text.HAL_TIM_ConfigClockSource
                0x0000000008006b84      0x188 Drivers/STM32F4xx_HAL_Driver/Src/stm32f4xx_hal_tim.o
                0x0000000008006b84                HAL_TIM_ConfigClockSource
 .text.HAL_TIM_OC_DelayElapsedCallback
                0x0000000008006d0c       0x14 Drivers/STM32F4xx_HAL_Driver/Src/stm32f4xx_hal_tim.o
                0x0000000008006d0c                HAL_TIM_OC_DelayElapsedCallback
 .text.HAL_TIM_IC_CaptureCallback
                0x0000000008006d20       0x14 Drivers/STM32F4xx_HAL_Driver/Src/stm32f4xx_hal_tim.o
                0x0000000008006d20                HAL_TIM_IC_CaptureCallback
 .text.HAL_TIM_PWM_PulseFinishedCallback
                0x0000000008006d34       0x14 Drivers/STM32F4xx_HAL_Driver/Src/stm32f4xx_hal_tim.o
                0x0000000008006d34                HAL_TIM_PWM_PulseFinishedCallback
 .text.HAL_TIM_TriggerCallback
                0x0000000008006d48       0x14 Drivers/STM32F4xx_HAL_Driver/Src/stm32f4xx_hal_tim.o
                0x0000000008006d48                HAL_TIM_TriggerCallback
 .text.TIM_Base_SetConfig
                0x0000000008006d5c      0x140 Drivers/STM32F4xx_HAL_Driver/Src/stm32f4xx_hal_tim.o
                0x0000000008006d5c                TIM_Base_SetConfig
 .text.TIM_OC1_SetConfig
                0x0000000008006e9c       0xe0 Drivers/STM32F4xx_HAL_Driver/Src/stm32f4xx_hal_tim.o
 .text.TIM_OC2_SetConfig
                0x0000000008006f7c       0xec Drivers/STM32F4xx_HAL_Driver/Src/stm32f4xx_hal_tim.o
                0x0000000008006f7c                TIM_OC2_SetConfig
 .text.TIM_OC3_SetConfig
                0x0000000008007068       0xe8 Drivers/STM32F4xx_HAL_Driver/Src/stm32f4xx_hal_tim.o
 .text.TIM_OC4_SetConfig
                0x0000000008007150       0xac Drivers/STM32F4xx_HAL_Driver/Src/stm32f4xx_hal_tim.o
 .text.TIM_TI1_ConfigInputStage
                0x00000000080071fc       0x5e Drivers/STM32F4xx_HAL_Driver/Src/stm32f4xx_hal_tim.o
 .text.TIM_TI2_ConfigInputStage
                0x000000000800725a       0x60 Drivers/STM32F4xx_HAL_Driver/Src/stm32f4xx_hal_tim.o
 .text.TIM_ITRx_SetConfig
                0x00000000080072ba       0x36 Drivers/STM32F4xx_HAL_Driver/Src/stm32f4xx_hal_tim.o
 .text.TIM_ETR_SetConfig
                0x00000000080072f0       0x40 Drivers/STM32F4xx_HAL_Driver/Src/stm32f4xx_hal_tim.o
                0x00000000080072f0                TIM_ETR_SetConfig
 .text.TIM_CCxChannelCmd
                0x0000000008007330       0x4a Drivers/STM32F4xx_HAL_Driver/Src/stm32f4xx_hal_tim.o
                0x0000000008007330                TIM_CCxChannelCmd
 *fill*         0x000000000800737a        0x2 
 .text.HAL_TIMEx_MasterConfigSynchronization
                0x000000000800737c       0xf8 Drivers/STM32F4xx_HAL_Driver/Src/stm32f4xx_hal_tim_ex.o
                0x000000000800737c                HAL_TIMEx_MasterConfigSynchronization
 .text.HAL_TIMEx_CommutCallback
                0x0000000008007474       0x14 Drivers/STM32F4xx_HAL_Driver/Src/stm32f4xx_hal_tim_ex.o
                0x0000000008007474                HAL_TIMEx_CommutCallback
 .text.HAL_TIMEx_BreakCallback
                0x0000000008007488       0x14 Drivers/STM32F4xx_HAL_Driver/Src/stm32f4xx_hal_tim_ex.o
                0x0000000008007488                HAL_TIMEx_BreakCallback
 .text.HAL_UART_Init
                0x000000000800749c       0x9a Drivers/STM32F4xx_HAL_Driver/Src/stm32f4xx_hal_uart.o
                0x000000000800749c                HAL_UART_Init
 *fill*         0x0000000008007536        0x2 
 .text.HAL_UART_Receive_DMA
                0x0000000008007538      0x100 Drivers/STM32F4xx_HAL_Driver/Src/stm32f4xx_hal_uart.o
                0x0000000008007538                HAL_UART_Receive_DMA
 .text.HAL_UART_DMAPause
                0x0000000008007638       0xc8 Drivers/STM32F4xx_HAL_Driver/Src/stm32f4xx_hal_uart.o
                0x0000000008007638                HAL_UART_DMAPause
 .text.HAL_UART_DMAResume
                0x0000000008007700       0xa2 Drivers/STM32F4xx_HAL_Driver/Src/stm32f4xx_hal_uart.o
                0x0000000008007700                HAL_UART_DMAResume
 *fill*         0x00000000080077a2        0x2 
 .text.HAL_UART_IRQHandler
                0x00000000080077a4      0x200 Drivers/STM32F4xx_HAL_Driver/Src/stm32f4xx_hal_uart.o
                0x00000000080077a4                HAL_UART_IRQHandler
 .text.HAL_UART_TxCpltCallback
                0x00000000080079a4       0x14 Drivers/STM32F4xx_HAL_Driver/Src/stm32f4xx_hal_uart.o
                0x00000000080079a4                HAL_UART_TxCpltCallback
 .text.HAL_UART_RxCpltCallback
                0x00000000080079b8       0x14 Drivers/STM32F4xx_HAL_Driver/Src/stm32f4xx_hal_uart.o
                0x00000000080079b8                HAL_UART_RxCpltCallback
 .text.HAL_UART_RxHalfCpltCallback
                0x00000000080079cc       0x14 Drivers/STM32F4xx_HAL_Driver/Src/stm32f4xx_hal_uart.o
                0x00000000080079cc                HAL_UART_RxHalfCpltCallback
 .text.HAL_UART_ErrorCallback
                0x00000000080079e0       0x14 Drivers/STM32F4xx_HAL_Driver/Src/stm32f4xx_hal_uart.o
                0x00000000080079e0                HAL_UART_ErrorCallback
 .text.UART_DMAReceiveCplt
                0x00000000080079f4       0x68 Drivers/STM32F4xx_HAL_Driver/Src/stm32f4xx_hal_uart.o
 .text.UART_DMARxHalfCplt
                0x0000000008007a5c       0x1c Drivers/STM32F4xx_HAL_Driver/Src/stm32f4xx_hal_uart.o
 .text.UART_DMAError
                0x0000000008007a78       0x94 Drivers/STM32F4xx_HAL_Driver/Src/stm32f4xx_hal_uart.o
 .text.UART_EndTxTransfer
                0x0000000008007b0c       0x2c Drivers/STM32F4xx_HAL_Driver/Src/stm32f4xx_hal_uart.o
 .text.UART_EndRxTransfer
                0x0000000008007b38       0x3c Drivers/STM32F4xx_HAL_Driver/Src/stm32f4xx_hal_uart.o
 .text.UART_DMAAbortOnError
                0x0000000008007b74       0x28 Drivers/STM32F4xx_HAL_Driver/Src/stm32f4xx_hal_uart.o
 .text.UART_Transmit_IT
                0x0000000008007b9c       0xac Drivers/STM32F4xx_HAL_Driver/Src/stm32f4xx_hal_uart.o
 .text.UART_EndTransmit_IT
                0x0000000008007c48       0x30 Drivers/STM32F4xx_HAL_Driver/Src/stm32f4xx_hal_uart.o
 .text.UART_Receive_IT
                0x0000000008007c78      0x102 Drivers/STM32F4xx_HAL_Driver/Src/stm32f4xx_hal_uart.o
 *fill*         0x0000000008007d7a        0x2 
 .text.UART_SetConfig
                0x0000000008007d7c      0x738 Drivers/STM32F4xx_HAL_Driver/Src/stm32f4xx_hal_uart.o
 .text.SVC_Setup
                0x00000000080084b4        0xe Middlewares/Third_Party/FreeRTOS/Source/CMSIS_RTOS_V2/cmsis_os2.o
 *fill*         0x00000000080084c2        0x2 
 .text.osKernelInitialize
                0x00000000080084c4       0x68 Middlewares/Third_Party/FreeRTOS/Source/CMSIS_RTOS_V2/cmsis_os2.o
                0x00000000080084c4                osKernelInitialize
 .text.osKernelStart
                0x000000000800852c       0x6c Middlewares/Third_Party/FreeRTOS/Source/CMSIS_RTOS_V2/cmsis_os2.o
                0x000000000800852c                osKernelStart
 .text.osThreadNew
                0x0000000008008598      0x14c Middlewares/Third_Party/FreeRTOS/Source/CMSIS_RTOS_V2/cmsis_os2.o
                0x0000000008008598                osThreadNew
 .text.osDelay  0x00000000080086e4       0x5c Middlewares/Third_Party/FreeRTOS/Source/CMSIS_RTOS_V2/cmsis_os2.o
                0x00000000080086e4                osDelay
 .text.osEventFlagsNew
                0x0000000008008740       0xa4 Middlewares/Third_Party/FreeRTOS/Source/CMSIS_RTOS_V2/cmsis_os2.o
                0x0000000008008740                osEventFlagsNew
 .text.osEventFlagsSet
                0x00000000080087e4       0xb0 Middlewares/Third_Party/FreeRTOS/Source/CMSIS_RTOS_V2/cmsis_os2.o
                0x00000000080087e4                osEventFlagsSet
 .text.osEventFlagsClear
                0x0000000008008894       0x88 Middlewares/Third_Party/FreeRTOS/Source/CMSIS_RTOS_V2/cmsis_os2.o
                0x0000000008008894                osEventFlagsClear
 .text.osEventFlagsWait
                0x000000000800891c       0xec Middlewares/Third_Party/FreeRTOS/Source/CMSIS_RTOS_V2/cmsis_os2.o
                0x000000000800891c                osEventFlagsWait
 .text.osSemaphoreNew
                0x0000000008008a08      0x138 Middlewares/Third_Party/FreeRTOS/Source/CMSIS_RTOS_V2/cmsis_os2.o
                0x0000000008008a08                osSemaphoreNew
 .text.vApplicationGetIdleTaskMemory
                0x0000000008008b40       0x34 Middlewares/Third_Party/FreeRTOS/Source/CMSIS_RTOS_V2/cmsis_os2.o
                0x0000000008008b40                vApplicationGetIdleTaskMemory
 .text.vApplicationGetTimerTaskMemory
                0x0000000008008b74       0x34 Middlewares/Third_Party/FreeRTOS/Source/CMSIS_RTOS_V2/cmsis_os2.o
                0x0000000008008b74                vApplicationGetTimerTaskMemory
 .text.xEventGroupCreateStatic
                0x0000000008008ba8       0x6e Middlewares/Third_Party/FreeRTOS/Source/event_groups.o
                0x0000000008008ba8                xEventGroupCreateStatic
 .text.xEventGroupCreate
                0x0000000008008c16       0x34 Middlewares/Third_Party/FreeRTOS/Source/event_groups.o
                0x0000000008008c16                xEventGroupCreate
 *fill*         0x0000000008008c4a        0x2 
 .text.xEventGroupWaitBits
                0x0000000008008c4c      0x19c Middlewares/Third_Party/FreeRTOS/Source/event_groups.o
                0x0000000008008c4c                xEventGroupWaitBits
 .text.xEventGroupClearBits
                0x0000000008008de8       0x70 Middlewares/Third_Party/FreeRTOS/Source/event_groups.o
                0x0000000008008de8                xEventGroupClearBits
 .text.xEventGroupClearBitsFromISR
                0x0000000008008e58       0x28 Middlewares/Third_Party/FreeRTOS/Source/event_groups.o
                0x0000000008008e58                xEventGroupClearBitsFromISR
 .text.xEventGroupGetBitsFromISR
                0x0000000008008e80       0x48 Middlewares/Third_Party/FreeRTOS/Source/event_groups.o
                0x0000000008008e80                xEventGroupGetBitsFromISR
 .text.xEventGroupSetBits
                0x0000000008008ec8      0x116 Middlewares/Third_Party/FreeRTOS/Source/event_groups.o
                0x0000000008008ec8                xEventGroupSetBits
 .text.vEventGroupSetBitsCallback
                0x0000000008008fde       0x1a Middlewares/Third_Party/FreeRTOS/Source/event_groups.o
                0x0000000008008fde                vEventGroupSetBitsCallback
 .text.vEventGroupClearBitsCallback
                0x0000000008008ff8       0x1a Middlewares/Third_Party/FreeRTOS/Source/event_groups.o
                0x0000000008008ff8                vEventGroupClearBitsCallback
 .text.prvTestWaitCondition
                0x0000000008009012       0x44 Middlewares/Third_Party/FreeRTOS/Source/event_groups.o
 *fill*         0x0000000008009056        0x2 
 .text.xEventGroupSetBitsFromISR
                0x0000000008009058       0x28 Middlewares/Third_Party/FreeRTOS/Source/event_groups.o
                0x0000000008009058                xEventGroupSetBitsFromISR
 .text.vListInitialise
                0x0000000008009080       0x40 Middlewares/Third_Party/FreeRTOS/Source/list.o
                0x0000000008009080                vListInitialise
 .text.vListInitialiseItem
                0x00000000080090c0       0x1a Middlewares/Third_Party/FreeRTOS/Source/list.o
                0x00000000080090c0                vListInitialiseItem
 .text.vListInsertEnd
                0x00000000080090da       0x48 Middlewares/Third_Party/FreeRTOS/Source/list.o
                0x00000000080090da                vListInsertEnd
 .text.vListInsert
                0x0000000008009122       0x72 Middlewares/Third_Party/FreeRTOS/Source/list.o
                0x0000000008009122                vListInsert
 .text.uxListRemove
                0x0000000008009194       0x54 Middlewares/Third_Party/FreeRTOS/Source/list.o
                0x0000000008009194                uxListRemove
 .text.xQueueGenericReset
                0x00000000080091e8       0xd0 Middlewares/Third_Party/FreeRTOS/Source/queue.o
                0x00000000080091e8                xQueueGenericReset
 .text.xQueueGenericCreateStatic
                0x00000000080092b8       0xf0 Middlewares/Third_Party/FreeRTOS/Source/queue.o
                0x00000000080092b8                xQueueGenericCreateStatic
 .text.xQueueGenericCreate
                0x00000000080093a8       0x80 Middlewares/Third_Party/FreeRTOS/Source/queue.o
                0x00000000080093a8                xQueueGenericCreate
 .text.prvInitialiseNewQueue
                0x0000000008009428       0x46 Middlewares/Third_Party/FreeRTOS/Source/queue.o
 .text.xQueueCreateCountingSemaphoreStatic
                0x000000000800946e       0x6e Middlewares/Third_Party/FreeRTOS/Source/queue.o
                0x000000000800946e                xQueueCreateCountingSemaphoreStatic
 .text.xQueueCreateCountingSemaphore
                0x00000000080094dc       0x66 Middlewares/Third_Party/FreeRTOS/Source/queue.o
                0x00000000080094dc                xQueueCreateCountingSemaphore
 *fill*         0x0000000008009542        0x2 
 .text.xQueueGenericSend
                0x0000000008009544      0x1fc Middlewares/Third_Party/FreeRTOS/Source/queue.o
                0x0000000008009544                xQueueGenericSend
 .text.xQueueGenericSendFromISR
                0x0000000008009740      0x130 Middlewares/Third_Party/FreeRTOS/Source/queue.o
                0x0000000008009740                xQueueGenericSendFromISR
 .text.xQueueReceive
                0x0000000008009870      0x1c0 Middlewares/Third_Party/FreeRTOS/Source/queue.o
                0x0000000008009870                xQueueReceive
 .text.vQueueDelete
                0x0000000008009a30       0x46 Middlewares/Third_Party/FreeRTOS/Source/queue.o
                0x0000000008009a30                vQueueDelete
 .text.prvCopyDataToQueue
                0x0000000008009a76       0xd4 Middlewares/Third_Party/FreeRTOS/Source/queue.o
 .text.prvCopyDataFromQueue
                0x0000000008009b4a       0x4c Middlewares/Third_Party/FreeRTOS/Source/queue.o
 .text.prvUnlockQueue
                0x0000000008009b96       0xa4 Middlewares/Third_Party/FreeRTOS/Source/queue.o
 .text.prvIsQueueEmpty
                0x0000000008009c3a       0x2c Middlewares/Third_Party/FreeRTOS/Source/queue.o
 .text.prvIsQueueFull
                0x0000000008009c66       0x30 Middlewares/Third_Party/FreeRTOS/Source/queue.o
 *fill*         0x0000000008009c96        0x2 
 .text.vQueueAddToRegistry
                0x0000000008009c98       0x54 Middlewares/Third_Party/FreeRTOS/Source/queue.o
                0x0000000008009c98                vQueueAddToRegistry
 .text.vQueueUnregisterQueue
                0x0000000008009cec       0x54 Middlewares/Third_Party/FreeRTOS/Source/queue.o
                0x0000000008009cec                vQueueUnregisterQueue
 .text.vQueueWaitForMessageRestricted
                0x0000000008009d40       0x68 Middlewares/Third_Party/FreeRTOS/Source/queue.o
                0x0000000008009d40                vQueueWaitForMessageRestricted
 .text.xTaskCreateStatic
                0x0000000008009da8       0xba Middlewares/Third_Party/FreeRTOS/Source/tasks.o
                0x0000000008009da8                xTaskCreateStatic
 .text.xTaskCreate
                0x0000000008009e62       0x8a Middlewares/Third_Party/FreeRTOS/Source/tasks.o
                0x0000000008009e62                xTaskCreate
 .text.prvInitialiseNewTask
                0x0000000008009eec      0x11e Middlewares/Third_Party/FreeRTOS/Source/tasks.o
 *fill*         0x000000000800a00a        0x2 
 .text.prvAddNewTaskToReadyList
                0x000000000800a00c       0xe0 Middlewares/Third_Party/FreeRTOS/Source/tasks.o
 .text.vTaskDelay
                0x000000000800a0ec       0x68 Middlewares/Third_Party/FreeRTOS/Source/tasks.o
                0x000000000800a0ec                vTaskDelay
 .text.vTaskStartScheduler
                0x000000000800a154       0xcc Middlewares/Third_Party/FreeRTOS/Source/tasks.o
                0x000000000800a154                vTaskStartScheduler
 .text.vTaskSuspendAll
                0x000000000800a220       0x1c Middlewares/Third_Party/FreeRTOS/Source/tasks.o
                0x000000000800a220                vTaskSuspendAll
 .text.xTaskResumeAll
                0x000000000800a23c      0x13c Middlewares/Third_Party/FreeRTOS/Source/tasks.o
                0x000000000800a23c                xTaskResumeAll
 .text.xTaskGetTickCount
                0x000000000800a378       0x20 Middlewares/Third_Party/FreeRTOS/Source/tasks.o
                0x000000000800a378                xTaskGetTickCount
 .text.xTaskIncrementTick
                0x000000000800a398      0x174 Middlewares/Third_Party/FreeRTOS/Source/tasks.o
                0x000000000800a398                xTaskIncrementTick
 .text.vTaskSwitchContext
                0x000000000800a50c       0xbc Middlewares/Third_Party/FreeRTOS/Source/tasks.o
                0x000000000800a50c                vTaskSwitchContext
 .text.vTaskPlaceOnEventList
                0x000000000800a5c8       0x48 Middlewares/Third_Party/FreeRTOS/Source/tasks.o
                0x000000000800a5c8                vTaskPlaceOnEventList
 .text.vTaskPlaceOnUnorderedEventList
                0x000000000800a610       0x78 Middlewares/Third_Party/FreeRTOS/Source/tasks.o
                0x000000000800a610                vTaskPlaceOnUnorderedEventList
 .text.vTaskPlaceOnEventListRestricted
                0x000000000800a688       0x58 Middlewares/Third_Party/FreeRTOS/Source/tasks.o
                0x000000000800a688                vTaskPlaceOnEventListRestricted
 .text.xTaskRemoveFromEventList
                0x000000000800a6e0       0xc8 Middlewares/Third_Party/FreeRTOS/Source/tasks.o
                0x000000000800a6e0                xTaskRemoveFromEventList
 .text.vTaskRemoveFromUnorderedEventList
                0x000000000800a7a8       0xc4 Middlewares/Third_Party/FreeRTOS/Source/tasks.o
                0x000000000800a7a8                vTaskRemoveFromUnorderedEventList
 .text.vTaskInternalSetTimeOutState
                0x000000000800a86c       0x2c Middlewares/Third_Party/FreeRTOS/Source/tasks.o
                0x000000000800a86c                vTaskInternalSetTimeOutState
 .text.xTaskCheckForTimeOut
                0x000000000800a898       0xc4 Middlewares/Third_Party/FreeRTOS/Source/tasks.o
                0x000000000800a898                xTaskCheckForTimeOut
 .text.vTaskMissedYield
                0x000000000800a95c       0x18 Middlewares/Third_Party/FreeRTOS/Source/tasks.o
                0x000000000800a95c                vTaskMissedYield
 .text.prvIdleTask
                0x000000000800a974       0x30 Middlewares/Third_Party/FreeRTOS/Source/tasks.o
 .text.prvInitialiseTaskLists
                0x000000000800a9a4       0x80 Middlewares/Third_Party/FreeRTOS/Source/tasks.o
 .text.prvCheckTasksWaitingTermination
                0x000000000800aa24       0x5c Middlewares/Third_Party/FreeRTOS/Source/tasks.o
 .text.prvDeleteTCB
                0x000000000800aa80       0x5e Middlewares/Third_Party/FreeRTOS/Source/tasks.o
 *fill*         0x000000000800aade        0x2 
 .text.prvResetNextTaskUnblockTime
                0x000000000800aae0       0x40 Middlewares/Third_Party/FreeRTOS/Source/tasks.o
 .text.xTaskGetSchedulerState
                0x000000000800ab20       0x3c Middlewares/Third_Party/FreeRTOS/Source/tasks.o
                0x000000000800ab20                xTaskGetSchedulerState
 .text.xTaskPriorityDisinherit
                0x000000000800ab5c       0xdc Middlewares/Third_Party/FreeRTOS/Source/tasks.o
                0x000000000800ab5c                xTaskPriorityDisinherit
 .text.uxTaskResetEventItemValue
                0x000000000800ac38       0x30 Middlewares/Third_Party/FreeRTOS/Source/tasks.o
                0x000000000800ac38                uxTaskResetEventItemValue
 .text.prvAddCurrentTaskToDelayedList
                0x000000000800ac68       0xa8 Middlewares/Third_Party/FreeRTOS/Source/tasks.o
 .text.xTimerCreateTimerTask
                0x000000000800ad10       0x90 Middlewares/Third_Party/FreeRTOS/Source/timers.o
                0x000000000800ad10                xTimerCreateTimerTask
 .text.xTimerGenericCommand
                0x000000000800ada0       0x9c Middlewares/Third_Party/FreeRTOS/Source/timers.o
                0x000000000800ada0                xTimerGenericCommand
 .text.prvProcessExpiredTimer
                0x000000000800ae3c       0x98 Middlewares/Third_Party/FreeRTOS/Source/timers.o
 .text.prvTimerTask
                0x000000000800aed4       0x24 Middlewares/Third_Party/FreeRTOS/Source/timers.o
 .text.prvProcessTimerOrBlockTask
                0x000000000800aef8       0x9c Middlewares/Third_Party/FreeRTOS/Source/timers.o
 .text.prvGetNextExpireTime
                0x000000000800af94       0x48 Middlewares/Third_Party/FreeRTOS/Source/timers.o
 .text.prvSampleTimeNow
                0x000000000800afdc       0x40 Middlewares/Third_Party/FreeRTOS/Source/timers.o
 .text.prvInsertTimerInActiveList
                0x000000000800b01c       0x84 Middlewares/Third_Party/FreeRTOS/Source/timers.o
 .text.prvProcessReceivedCommands
                0x000000000800b0a0      0x1c4 Middlewares/Third_Party/FreeRTOS/Source/timers.o
 .text.prvSwitchTimerLists
                0x000000000800b264       0xc8 Middlewares/Third_Party/FreeRTOS/Source/timers.o
 .text.prvCheckForValidListAndQueue
                0x000000000800b32c       0x80 Middlewares/Third_Party/FreeRTOS/Source/timers.o
 .text.xTimerPendFunctionCallFromISR
                0x000000000800b3ac       0x40 Middlewares/Third_Party/FreeRTOS/Source/timers.o
                0x000000000800b3ac                xTimerPendFunctionCallFromISR
 .text.pxPortInitialiseStack
                0x000000000800b3ec       0x68 Middlewares/Third_Party/FreeRTOS/Source/portable/GCC/ARM_CM4F/port.o
                0x000000000800b3ec                pxPortInitialiseStack
 .text.prvTaskExitError
                0x000000000800b454       0x58 Middlewares/Third_Party/FreeRTOS/Source/portable/GCC/ARM_CM4F/port.o
 *fill*         0x000000000800b4ac        0x4 
 .text.SVC_Handler
                0x000000000800b4b0       0x28 Middlewares/Third_Party/FreeRTOS/Source/portable/GCC/ARM_CM4F/port.o
                0x000000000800b4b0                SVC_Handler
 .text.prvPortStartFirstTask
                0x000000000800b4d8       0x28 Middlewares/Third_Party/FreeRTOS/Source/portable/GCC/ARM_CM4F/port.o
 .text.xPortStartScheduler
                0x000000000800b500      0x144 Middlewares/Third_Party/FreeRTOS/Source/portable/GCC/ARM_CM4F/port.o
                0x000000000800b500                xPortStartScheduler
 .text.vPortEnterCritical
                0x000000000800b644       0x60 Middlewares/Third_Party/FreeRTOS/Source/portable/GCC/ARM_CM4F/port.o
                0x000000000800b644                vPortEnterCritical
 .text.vPortExitCritical
                0x000000000800b6a4       0x54 Middlewares/Third_Party/FreeRTOS/Source/portable/GCC/ARM_CM4F/port.o
                0x000000000800b6a4                vPortExitCritical
 *fill*         0x000000000800b6f8        0x8 
 .text.PendSV_Handler
                0x000000000800b700       0x68 Middlewares/Third_Party/FreeRTOS/Source/portable/GCC/ARM_CM4F/port.o
                0x000000000800b700                PendSV_Handler
 .text.SysTick_Handler
                0x000000000800b768       0x44 Middlewares/Third_Party/FreeRTOS/Source/portable/GCC/ARM_CM4F/port.o
                0x000000000800b768                SysTick_Handler
 .text.vPortSetupTimerInterrupt
                0x000000000800b7ac       0x48 Middlewares/Third_Party/FreeRTOS/Source/portable/GCC/ARM_CM4F/port.o
                0x000000000800b7ac                vPortSetupTimerInterrupt
 .text.vPortEnableVFP
                0x000000000800b7f4       0x14 Middlewares/Third_Party/FreeRTOS/Source/portable/GCC/ARM_CM4F/port.o
 .text.vPortValidateInterruptPriority
                0x000000000800b808       0x80 Middlewares/Third_Party/FreeRTOS/Source/portable/GCC/ARM_CM4F/port.o
                0x000000000800b808                vPortValidateInterruptPriority
 .text.pvPortMalloc
                0x000000000800b888      0x188 Middlewares/Third_Party/FreeRTOS/Source/portable/MemMang/heap_4.o
                0x000000000800b888                pvPortMalloc
 .text.vPortFree
                0x000000000800ba10       0xb4 Middlewares/Third_Party/FreeRTOS/Source/portable/MemMang/heap_4.o
                0x000000000800ba10                vPortFree
 .text.prvHeapInit
                0x000000000800bac4       0xc4 Middlewares/Third_Party/FreeRTOS/Source/portable/MemMang/heap_4.o
 .text.prvInsertBlockIntoFreeList
                0x000000000800bb88       0xb4 Middlewares/Third_Party/FreeRTOS/Source/portable/MemMang/heap_4.o
 .text.__libc_init_array
                0x000000000800bc3c       0x48 c:/st/stm32cubeide_1.6.1/stm32cubeide/plugins/com.st.stm32cube.ide.mcu.externaltools.gnu-tools-for-stm32.9-2020-q2-update.win32_1.5.0.202011040924/tools/bin/../lib/gcc/arm-none-eabi/9.3.1/../../../../arm-none-eabi/lib/thumb/v7e-m+fp/hard\libc_nano.a(lib_a-init.o)
                0x000000000800bc3c                __libc_init_array
 .text.memcpy   0x000000000800bc84       0x1c c:/st/stm32cubeide_1.6.1/stm32cubeide/plugins/com.st.stm32cube.ide.mcu.externaltools.gnu-tools-for-stm32.9-2020-q2-update.win32_1.5.0.202011040924/tools/bin/../lib/gcc/arm-none-eabi/9.3.1/../../../../arm-none-eabi/lib/thumb/v7e-m+fp/hard\libc_nano.a(lib_a-memcpy-stub.o)
                0x000000000800bc84                memcpy
 .text.memset   0x000000000800bca0       0x10 c:/st/stm32cubeide_1.6.1/stm32cubeide/plugins/com.st.stm32cube.ide.mcu.externaltools.gnu-tools-for-stm32.9-2020-q2-update.win32_1.5.0.202011040924/tools/bin/../lib/gcc/arm-none-eabi/9.3.1/../../../../arm-none-eabi/lib/thumb/v7e-m+fp/hard\libc_nano.a(lib_a-memset.o)
                0x000000000800bca0                memset
 *(.glue_7)
 .glue_7        0x000000000800bcb0        0x0 linker stubs
 *(.glue_7t)
 .glue_7t       0x000000000800bcb0        0x0 linker stubs
 *(.eh_frame)
 .eh_frame      0x000000000800bcb0        0x0 c:/st/stm32cubeide_1.6.1/stm32cubeide/plugins/com.st.stm32cube.ide.mcu.externaltools.gnu-tools-for-stm32.9-2020-q2-update.win32_1.5.0.202011040924/tools/bin/../lib/gcc/arm-none-eabi/9.3.1/thumb/v7e-m+fp/hard/crtbegin.o
 *(.init)
 .init          0x000000000800bcb0        0x4 c:/st/stm32cubeide_1.6.1/stm32cubeide/plugins/com.st.stm32cube.ide.mcu.externaltools.gnu-tools-for-stm32.9-2020-q2-update.win32_1.5.0.202011040924/tools/bin/../lib/gcc/arm-none-eabi/9.3.1/thumb/v7e-m+fp/hard/crti.o
                0x000000000800bcb0                _init
 .init          0x000000000800bcb4        0x8 c:/st/stm32cubeide_1.6.1/stm32cubeide/plugins/com.st.stm32cube.ide.mcu.externaltools.gnu-tools-for-stm32.9-2020-q2-update.win32_1.5.0.202011040924/tools/bin/../lib/gcc/arm-none-eabi/9.3.1/thumb/v7e-m+fp/hard/crtn.o
 *(.fini)
 .fini          0x000000000800bcbc        0x4 c:/st/stm32cubeide_1.6.1/stm32cubeide/plugins/com.st.stm32cube.ide.mcu.externaltools.gnu-tools-for-stm32.9-2020-q2-update.win32_1.5.0.202011040924/tools/bin/../lib/gcc/arm-none-eabi/9.3.1/thumb/v7e-m+fp/hard/crti.o
                0x000000000800bcbc                _fini
 .fini          0x000000000800bcc0        0x8 c:/st/stm32cubeide_1.6.1/stm32cubeide/plugins/com.st.stm32cube.ide.mcu.externaltools.gnu-tools-for-stm32.9-2020-q2-update.win32_1.5.0.202011040924/tools/bin/../lib/gcc/arm-none-eabi/9.3.1/thumb/v7e-m+fp/hard/crtn.o
                0x000000000800bcc8                . = ALIGN (0x4)
                0x000000000800bcc8                _etext = .

.vfp11_veneer   0x000000000800bcc8        0x0
 .vfp11_veneer  0x000000000800bcc8        0x0 linker stubs

.v4_bx          0x000000000800bcc8        0x0
 .v4_bx         0x000000000800bcc8        0x0 linker stubs

.iplt           0x000000000800bcc8        0x0
 .iplt          0x000000000800bcc8        0x0 c:/st/stm32cubeide_1.6.1/stm32cubeide/plugins/com.st.stm32cube.ide.mcu.externaltools.gnu-tools-for-stm32.9-2020-q2-update.win32_1.5.0.202011040924/tools/bin/../lib/gcc/arm-none-eabi/9.3.1/thumb/v7e-m+fp/hard/crtbegin.o

.rodata         0x000000000800bcc8      0x124
                0x000000000800bcc8                . = ALIGN (0x4)
 *(.rodata)
 .rodata        0x000000000800bcc8       0x5c Core/Src/freertos.o
 .rodata        0x000000000800bd24        0x5 Middlewares/Third_Party/FreeRTOS/Source/tasks.o
 *fill*         0x000000000800bd29        0x3 
 .rodata        0x000000000800bd2c        0xd Middlewares/Third_Party/FreeRTOS/Source/timers.o
 *(.rodata*)
 *fill*         0x000000000800bd39        0x3 
 .rodata.low_priority_task_attributes
                0x000000000800bd3c       0x24 Core/Src/freertos.o
                0x000000000800bd3c                low_priority_task_attributes
 .rodata.low2_priority_task_attributes
                0x000000000800bd60       0x24 Core/Src/freertos.o
                0x000000000800bd60                low2_priority_task_attributes
 .rodata.high_priority_task_attributes
                0x000000000800bd84       0x24 Core/Src/freertos.o
                0x000000000800bd84                high_priority_task_attributes
 .rodata.defaultTask_attributes
                0x000000000800bda8       0x24 Core/Src/freertos.o
                0x000000000800bda8                defaultTask_attributes
 .rodata.AHBPrescTable
                0x000000000800bdcc       0x10 Core/Src/system_stm32f4xx.o
                0x000000000800bdcc                AHBPrescTable
 .rodata.APBPrescTable
                0x000000000800bddc        0x8 Core/Src/system_stm32f4xx.o
                0x000000000800bddc                APBPrescTable
 .rodata.flagBitshiftOffset.8613
                0x000000000800bde4        0x8 Drivers/STM32F4xx_HAL_Driver/Src/stm32f4xx_hal_dma.o
                0x000000000800bdec                . = ALIGN (0x4)

.ARM.extab      0x000000000800bdec        0x0
                0x000000000800bdec                . = ALIGN (0x4)
 *(.ARM.extab* .gnu.linkonce.armextab.*)
                0x000000000800bdec                . = ALIGN (0x4)

.ARM            0x000000000800bdec        0x8
                0x000000000800bdec                . = ALIGN (0x4)
                0x000000000800bdec                __exidx_start = .
 *(.ARM.exidx*)
 .ARM.exidx     0x000000000800bdec        0x8 c:/st/stm32cubeide_1.6.1/stm32cubeide/plugins/com.st.stm32cube.ide.mcu.externaltools.gnu-tools-for-stm32.9-2020-q2-update.win32_1.5.0.202011040924/tools/bin/../lib/gcc/arm-none-eabi/9.3.1/thumb/v7e-m+fp/hard\libgcc.a(_udivmoddi4.o)
                0x000000000800bdf4                __exidx_end = .
                0x000000000800bdf4                . = ALIGN (0x4)

.rel.dyn        0x000000000800bdf4        0x0
 .rel.iplt      0x000000000800bdf4        0x0 c:/st/stm32cubeide_1.6.1/stm32cubeide/plugins/com.st.stm32cube.ide.mcu.externaltools.gnu-tools-for-stm32.9-2020-q2-update.win32_1.5.0.202011040924/tools/bin/../lib/gcc/arm-none-eabi/9.3.1/thumb/v7e-m+fp/hard/crtbegin.o

.preinit_array  0x000000000800bdf4        0x0
                0x000000000800bdf4                . = ALIGN (0x4)
                0x000000000800bdf4                PROVIDE (__preinit_array_start = .)
 *(.preinit_array*)
                0x000000000800bdf4                PROVIDE (__preinit_array_end = .)
                0x000000000800bdf4                . = ALIGN (0x4)

.init_array     0x000000000800bdf4        0x4
                0x000000000800bdf4                . = ALIGN (0x4)
                0x000000000800bdf4                PROVIDE (__init_array_start = .)
 *(SORT_BY_NAME(.init_array.*))
 *(.init_array*)
 .init_array    0x000000000800bdf4        0x4 c:/st/stm32cubeide_1.6.1/stm32cubeide/plugins/com.st.stm32cube.ide.mcu.externaltools.gnu-tools-for-stm32.9-2020-q2-update.win32_1.5.0.202011040924/tools/bin/../lib/gcc/arm-none-eabi/9.3.1/thumb/v7e-m+fp/hard/crtbegin.o
                0x000000000800bdf8                PROVIDE (__init_array_end = .)
                0x000000000800bdf8                . = ALIGN (0x4)

.fini_array     0x000000000800bdf8        0x4
                0x000000000800bdf8                . = ALIGN (0x4)
                [!provide]                        PROVIDE (__fini_array_start = .)
 *(SORT_BY_NAME(.fini_array.*))
 *(.fini_array*)
 .fini_array    0x000000000800bdf8        0x4 c:/st/stm32cubeide_1.6.1/stm32cubeide/plugins/com.st.stm32cube.ide.mcu.externaltools.gnu-tools-for-stm32.9-2020-q2-update.win32_1.5.0.202011040924/tools/bin/../lib/gcc/arm-none-eabi/9.3.1/thumb/v7e-m+fp/hard/crtbegin.o
                [!provide]                        PROVIDE (__fini_array_end = .)
                0x000000000800bdfc                . = ALIGN (0x4)
                0x000000000800bdfc                _sidata = LOADADDR (.data)

.data           0x0000000020000000       0x14 load address 0x000000000800bdfc
                0x0000000020000000                . = ALIGN (0x4)
                0x0000000020000000                _sdata = .
 *(.data)
 *(.data*)
 .data.SystemCoreClock
                0x0000000020000000        0x4 Core/Src/system_stm32f4xx.o
                0x0000000020000000                SystemCoreClock
 .data.sweep_right
                0x0000000020000004        0x1 Core/Tasks/Src/gimbal_control_task.o
                0x0000000020000004                sweep_right
 *fill*         0x0000000020000005        0x1 
 .data.rotation_freq
                0x0000000020000006        0x2 Core/Tasks/Src/gun_control_task.o
                0x0000000020000006                rotation_freq
 .data.uwTickPrio
                0x0000000020000008        0x4 Drivers/STM32F4xx_HAL_Driver/Src/stm32f4xx_hal.o
                0x0000000020000008                uwTickPrio
 .data.uwTickFreq
                0x000000002000000c        0x1 Drivers/STM32F4xx_HAL_Driver/Src/stm32f4xx_hal.o
                0x000000002000000c                uwTickFreq
 *fill*         0x000000002000000d        0x3 
 .data.uxCriticalNesting
                0x0000000020000010        0x4 Middlewares/Third_Party/FreeRTOS/Source/portable/GCC/ARM_CM4F/port.o
 *(.RamFunc)
 *(.RamFunc*)
                0x0000000020000014                . = ALIGN (0x4)
                0x0000000020000014                _edata = .

.igot.plt       0x0000000020000014        0x0 load address 0x000000000800be10
 .igot.plt      0x0000000020000014        0x0 c:/st/stm32cubeide_1.6.1/stm32cubeide/plugins/com.st.stm32cube.ide.mcu.externaltools.gnu-tools-for-stm32.9-2020-q2-update.win32_1.5.0.202011040924/tools/bin/../lib/gcc/arm-none-eabi/9.3.1/thumb/v7e-m+fp/hard/crtbegin.o
                0x0000000020000014                . = ALIGN (0x4)

.bss            0x0000000020000018     0x9f6c load address 0x000000000800be10
                0x0000000020000018                _sbss = .
                0x0000000020000018                __bss_start__ = _sbss
 *(.bss)
 .bss           0x0000000020000018       0x1c c:/st/stm32cubeide_1.6.1/stm32cubeide/plugins/com.st.stm32cube.ide.mcu.externaltools.gnu-tools-for-stm32.9-2020-q2-update.win32_1.5.0.202011040924/tools/bin/../lib/gcc/arm-none-eabi/9.3.1/thumb/v7e-m+fp/hard/crtbegin.o
 *(.bss*)
 .bss.remote_raw_data
                0x0000000020000034       0x12 Core/BSP/Src/bsp_dbus_input.o
                0x0000000020000034                remote_raw_data
 *fill*         0x0000000020000046        0x2 
 .bss.HAL_RCC_CAN1_CLK_ENABLED
                0x0000000020000048        0x4 Core/Src/can.o
 .bss.history   0x000000002000004c     0x4e20 Core/Tasks/Src/actuator_feedback.o
                0x000000002000004c                history
 .bss.history_index
                0x0000000020004e6c        0x2 Core/Tasks/Src/actuator_feedback.o
                0x0000000020004e6c                history_index
 *fill*         0x0000000020004e6e        0x2 
 .bss.pitch     0x0000000020004e70        0x4 Core/Tasks/Src/gimbal_control_task.o
                0x0000000020004e70                pitch
 .bss.yaw       0x0000000020004e74        0x4 Core/Tasks/Src/gimbal_control_task.o
                0x0000000020004e74                yaw
 .bss.xavier_rx_buffer
                0x0000000020004e78        0x8 Core/Tasks/Src/gimbal_control_task.o
                0x0000000020004e78                xavier_rx_buffer
 .bss.jam_time  0x0000000020004e80        0x8 Core/Tasks/Src/gun_control_task.o
 .bss.start_time
                0x0000000020004e88        0x8 Core/Tasks/Src/gun_control_task.o
 .bss.unjamming
                0x0000000020004e90        0x2 Core/Tasks/Src/gun_control_task.o
 *fill*         0x0000000020004e92        0x2 
 .bss.firing    0x0000000020004e94        0x2 Core/Tasks/Src/gun_control_task.o
 *fill*         0x0000000020004e96        0x2 
 .bss.last_fed_time
                0x0000000020004e98        0x4 Core/Tasks/Src/gun_control_task.o
                0x0000000020004e98                last_fed_time
 .bss.CANtwo_tx_message.12666
                0x0000000020004e9c       0x18 Core/Tasks/Src/motor_control.o
 .bss.CANtwo_send_data.12667
                0x0000000020004eb4        0x8 Core/Tasks/Src/motor_control.o
 .bss.current_position
                0x0000000020004ebc        0x4 Core/Tasks/Src/movement_control_task.o
                0x0000000020004ebc                current_position
 .bss.track_length
                0x0000000020004ec0        0x4 Core/Tasks/Src/movement_control_task.o
                0x0000000020004ec0                track_length
 .bss.last_position_update_time
                0x0000000020004ec4        0x4 Core/Tasks/Src/movement_control_task.o
                0x0000000020004ec4                last_position_update_time
 .bss.goal_position
                0x0000000020004ec8        0x4 Core/Tasks/Src/movement_control_task.o
                0x0000000020004ec8                goal_position
 .bss.last_speed_commanded
                0x0000000020004ecc        0x4 Core/Tasks/Src/movement_control_task.o
                0x0000000020004ecc                last_speed_commanded
 .bss.last_goal_reach_time
                0x0000000020004ed0        0x4 Core/Tasks/Src/movement_control_task.o
                0x0000000020004ed0                last_goal_reach_time
 .bss.moving_towards_goal
                0x0000000020004ed4        0x1 Core/Tasks/Src/movement_control_task.o
                0x0000000020004ed4                moving_towards_goal
 .bss.stopping  0x0000000020004ed5        0x1 Core/Tasks/Src/movement_control_task.o
                0x0000000020004ed5                stopping
 *fill*         0x0000000020004ed6        0x2 
 .bss.remote_cmd
                0x0000000020004ed8       0x20 Core/Tasks/Src/rc_input.o
                0x0000000020004ed8                remote_cmd
 .bss.remote_control_mode
                0x0000000020004ef8        0x1 Core/Tasks/Src/rc_input.o
                0x0000000020004ef8                remote_control_mode
 *fill*         0x0000000020004ef9        0x3 
 .bss.KernelState
                0x0000000020004efc        0x4 Middlewares/Third_Party/FreeRTOS/Source/CMSIS_RTOS_V2/cmsis_os2.o
 .bss.Idle_TCB  0x0000000020004f00       0x5c Middlewares/Third_Party/FreeRTOS/Source/CMSIS_RTOS_V2/cmsis_os2.o
 .bss.Idle_Stack
                0x0000000020004f5c      0x200 Middlewares/Third_Party/FreeRTOS/Source/CMSIS_RTOS_V2/cmsis_os2.o
 .bss.Timer_TCB
                0x000000002000515c       0x5c Middlewares/Third_Party/FreeRTOS/Source/CMSIS_RTOS_V2/cmsis_os2.o
 .bss.Timer_Stack
                0x00000000200051b8      0x400 Middlewares/Third_Party/FreeRTOS/Source/CMSIS_RTOS_V2/cmsis_os2.o
 .bss.pxCurrentTCB
                0x00000000200055b8        0x4 Middlewares/Third_Party/FreeRTOS/Source/tasks.o
                0x00000000200055b8                pxCurrentTCB
 .bss.pxReadyTasksLists
                0x00000000200055bc      0x460 Middlewares/Third_Party/FreeRTOS/Source/tasks.o
 .bss.xDelayedTaskList1
                0x0000000020005a1c       0x14 Middlewares/Third_Party/FreeRTOS/Source/tasks.o
 .bss.xDelayedTaskList2
                0x0000000020005a30       0x14 Middlewares/Third_Party/FreeRTOS/Source/tasks.o
 .bss.pxDelayedTaskList
                0x0000000020005a44        0x4 Middlewares/Third_Party/FreeRTOS/Source/tasks.o
 .bss.pxOverflowDelayedTaskList
                0x0000000020005a48        0x4 Middlewares/Third_Party/FreeRTOS/Source/tasks.o
 .bss.xPendingReadyList
                0x0000000020005a4c       0x14 Middlewares/Third_Party/FreeRTOS/Source/tasks.o
 .bss.xTasksWaitingTermination
                0x0000000020005a60       0x14 Middlewares/Third_Party/FreeRTOS/Source/tasks.o
 .bss.uxDeletedTasksWaitingCleanUp
                0x0000000020005a74        0x4 Middlewares/Third_Party/FreeRTOS/Source/tasks.o
 .bss.xSuspendedTaskList
                0x0000000020005a78       0x14 Middlewares/Third_Party/FreeRTOS/Source/tasks.o
 .bss.uxCurrentNumberOfTasks
                0x0000000020005a8c        0x4 Middlewares/Third_Party/FreeRTOS/Source/tasks.o
 .bss.xTickCount
                0x0000000020005a90        0x4 Middlewares/Third_Party/FreeRTOS/Source/tasks.o
 .bss.uxTopReadyPriority
                0x0000000020005a94        0x4 Middlewares/Third_Party/FreeRTOS/Source/tasks.o
 .bss.xSchedulerRunning
                0x0000000020005a98        0x4 Middlewares/Third_Party/FreeRTOS/Source/tasks.o
 .bss.uxPendedTicks
                0x0000000020005a9c        0x4 Middlewares/Third_Party/FreeRTOS/Source/tasks.o
 .bss.xYieldPending
                0x0000000020005aa0        0x4 Middlewares/Third_Party/FreeRTOS/Source/tasks.o
 .bss.xNumOfOverflows
                0x0000000020005aa4        0x4 Middlewares/Third_Party/FreeRTOS/Source/tasks.o
 .bss.uxTaskNumber
                0x0000000020005aa8        0x4 Middlewares/Third_Party/FreeRTOS/Source/tasks.o
 .bss.xNextTaskUnblockTime
                0x0000000020005aac        0x4 Middlewares/Third_Party/FreeRTOS/Source/tasks.o
 .bss.xIdleTaskHandle
                0x0000000020005ab0        0x4 Middlewares/Third_Party/FreeRTOS/Source/tasks.o
 .bss.uxSchedulerSuspended
                0x0000000020005ab4        0x4 Middlewares/Third_Party/FreeRTOS/Source/tasks.o
 .bss.xActiveTimerList1
                0x0000000020005ab8       0x14 Middlewares/Third_Party/FreeRTOS/Source/timers.o
 .bss.xActiveTimerList2
                0x0000000020005acc       0x14 Middlewares/Third_Party/FreeRTOS/Source/timers.o
 .bss.pxCurrentTimerList
                0x0000000020005ae0        0x4 Middlewares/Third_Party/FreeRTOS/Source/timers.o
 .bss.pxOverflowTimerList
                0x0000000020005ae4        0x4 Middlewares/Third_Party/FreeRTOS/Source/timers.o
 .bss.xTimerQueue
                0x0000000020005ae8        0x4 Middlewares/Third_Party/FreeRTOS/Source/timers.o
 .bss.xTimerTaskHandle
                0x0000000020005aec        0x4 Middlewares/Third_Party/FreeRTOS/Source/timers.o
 .bss.xLastTime.6901
                0x0000000020005af0        0x4 Middlewares/Third_Party/FreeRTOS/Source/timers.o
 .bss.ucStaticTimerQueueStorage.6952
                0x0000000020005af4       0xa0 Middlewares/Third_Party/FreeRTOS/Source/timers.o
 .bss.xStaticTimerQueue.6951
                0x0000000020005b94       0x50 Middlewares/Third_Party/FreeRTOS/Source/timers.o
 .bss.ucMaxSysCallPriority
                0x0000000020005be4        0x1 Middlewares/Third_Party/FreeRTOS/Source/portable/GCC/ARM_CM4F/port.o
 *fill*         0x0000000020005be5        0x3 
 .bss.ulMaxPRIGROUPValue
                0x0000000020005be8        0x4 Middlewares/Third_Party/FreeRTOS/Source/portable/GCC/ARM_CM4F/port.o
 .bss.ucHeap    0x0000000020005bec     0x3c00 Middlewares/Third_Party/FreeRTOS/Source/portable/MemMang/heap_4.o
 .bss.xStart    0x00000000200097ec        0x8 Middlewares/Third_Party/FreeRTOS/Source/portable/MemMang/heap_4.o
 .bss.pxEnd     0x00000000200097f4        0x4 Middlewares/Third_Party/FreeRTOS/Source/portable/MemMang/heap_4.o
 .bss.xFreeBytesRemaining
                0x00000000200097f8        0x4 Middlewares/Third_Party/FreeRTOS/Source/portable/MemMang/heap_4.o
 .bss.xMinimumEverFreeBytesRemaining
                0x00000000200097fc        0x4 Middlewares/Third_Party/FreeRTOS/Source/portable/MemMang/heap_4.o
 .bss.xBlockAllocatedBit
                0x0000000020009800        0x4 Middlewares/Third_Party/FreeRTOS/Source/portable/MemMang/heap_4.o
 *(COMMON)
 COMMON         0x0000000020009804       0x50 Core/Src/can.o
                0x0000000020009804                hcan2
                0x000000002000982c                hcan1
 COMMON         0x0000000020009854       0x34 Core/Src/freertos.o
                0x0000000020009854                defaultTaskHandle
                0x0000000020009858                rc_data_flag
                0x000000002000985c                movement_control_task_handle
                0x0000000020009860                gimbal_data_flag
                0x0000000020009864                gun_data_flag
                0x0000000020009868                control_data_flag
                0x000000002000986c                gun_control_task_handle
                0x0000000020009870                m_gimbal_heading
                0x0000000020009874                sem_refUart
                0x0000000020009878                chassis_data_flag
                0x000000002000987c                gimbal_control_task_handle
                0x0000000020009880                m_chassis_output
                0x0000000020009884                m_gun_output
 COMMON         0x0000000020009888      0x118 Core/Src/spi.o
                0x0000000020009888                hspi5
                0x00000000200098e0                hdma_spi5_rx
                0x0000000020009940                hdma_spi5_tx
 COMMON         0x00000000200099a0       0x40 Core/Src/stm32f4xx_hal_timebase_tim.o
                0x00000000200099a0                htim3
 COMMON         0x00000000200099e0       0x80 Core/Src/tim.o
                0x00000000200099e0                htim4
                0x0000000020009a20                htim12
 COMMON         0x0000000020009a60      0x1e0 Core/Src/usart.o
                0x0000000020009a60                hdma_usart6_rx
                0x0000000020009ac0                huart7
                0x0000000020009b00                hdma_uart7_rx
                0x0000000020009b60                hdma_usart1_rx
                0x0000000020009bc0                huart1
                0x0000000020009c00                huart6
 COMMON         0x0000000020009c40      0x238 Core/Tasks/Src/actuator_feedback.o
                0x0000000020009c40                canone_data
 COMMON         0x0000000020009e78       0xc8 Core/Tasks/Src/gimbal_control_task.o
                0x0000000020009e78                xavier_data
 COMMON         0x0000000020009f40        0x4 Drivers/STM32F4xx_HAL_Driver/Src/stm32f4xx_hal.o
                0x0000000020009f40                uwTick
 COMMON         0x0000000020009f44       0x40 Middlewares/Third_Party/FreeRTOS/Source/queue.o
                0x0000000020009f44                xQueueRegistry
                0x0000000020009f84                . = ALIGN (0x4)
                0x0000000020009f84                _ebss = .
                0x0000000020009f84                __bss_end__ = _ebss

._user_heap_stack
                0x0000000020009f84      0x604 load address 0x000000000800be10
                0x0000000020009f88                . = ALIGN (0x8)
 *fill*         0x0000000020009f84        0x4 
                0x0000000020009f88                PROVIDE (end = .)
                [!provide]                        PROVIDE (_end = .)
                0x000000002000a188                . = (. + _Min_Heap_Size)
 *fill*         0x0000000020009f88      0x200 
                0x000000002000a588                . = (. + _Min_Stack_Size)
 *fill*         0x000000002000a188      0x400 
                0x000000002000a588                . = ALIGN (0x8)

/DISCARD/
 libc.a(*)
 libm.a(*)
 libgcc.a(*)

.ARM.attributes
                0x0000000000000000       0x30
 *(.ARM.attributes)
 .ARM.attributes
                0x0000000000000000       0x1e c:/st/stm32cubeide_1.6.1/stm32cubeide/plugins/com.st.stm32cube.ide.mcu.externaltools.gnu-tools-for-stm32.9-2020-q2-update.win32_1.5.0.202011040924/tools/bin/../lib/gcc/arm-none-eabi/9.3.1/thumb/v7e-m+fp/hard/crti.o
 .ARM.attributes
                0x000000000000001e       0x34 c:/st/stm32cubeide_1.6.1/stm32cubeide/plugins/com.st.stm32cube.ide.mcu.externaltools.gnu-tools-for-stm32.9-2020-q2-update.win32_1.5.0.202011040924/tools/bin/../lib/gcc/arm-none-eabi/9.3.1/thumb/v7e-m+fp/hard/crtbegin.o
 .ARM.attributes
                0x0000000000000052       0x34 Core/BSP/Src/bsp_buzzer.o
 .ARM.attributes
                0x0000000000000086       0x34 Core/BSP/Src/bsp_can.o
 .ARM.attributes
                0x00000000000000ba       0x34 Core/BSP/Src/bsp_dbus_input.o
 .ARM.attributes
                0x00000000000000ee       0x34 Core/BSP/Src/bsp_led.o
 .ARM.attributes
                0x0000000000000122       0x34 Core/BSP/Src/bsp_usart.o
 .ARM.attributes
                0x0000000000000156       0x34 Core/Src/can.o
 .ARM.attributes
                0x000000000000018a       0x34 Core/Src/dma.o
 .ARM.attributes
                0x00000000000001be       0x34 Core/Src/freertos.o
 .ARM.attributes
                0x00000000000001f2       0x34 Core/Src/gpio.o
 .ARM.attributes
                0x0000000000000226       0x34 Core/Src/main.o
 .ARM.attributes
                0x000000000000025a       0x34 Core/Src/spi.o
 .ARM.attributes
                0x000000000000028e       0x34 Core/Src/stm32f4xx_hal_msp.o
 .ARM.attributes
                0x00000000000002c2       0x34 Core/Src/stm32f4xx_hal_timebase_tim.o
 .ARM.attributes
                0x00000000000002f6       0x34 Core/Src/stm32f4xx_it.o
 .ARM.attributes
                0x000000000000032a       0x34 Core/Src/system_stm32f4xx.o
 .ARM.attributes
                0x000000000000035e       0x34 Core/Src/tim.o
 .ARM.attributes
                0x0000000000000392       0x34 Core/Src/usart.o
 .ARM.attributes
                0x00000000000003c6       0x21 Core/Startup/startup_stm32f427iihx.o
 .ARM.attributes
                0x00000000000003e7       0x34 Core/Tasks/Src/actuator_feedback.o
 .ARM.attributes
                0x000000000000041b       0x34 Core/Tasks/Src/gimbal_control_task.o
 .ARM.attributes
                0x000000000000044f       0x34 Core/Tasks/Src/gun_control_task.o
 .ARM.attributes
                0x0000000000000483       0x34 Core/Tasks/Src/motor_control.o
 .ARM.attributes
                0x00000000000004b7       0x34 Core/Tasks/Src/movement_control_task.o
 .ARM.attributes
                0x00000000000004eb       0x34 Core/Tasks/Src/rc_input.o
 .ARM.attributes
                0x000000000000051f       0x34 Core/Tasks/Src/startup_task.o
 .ARM.attributes
                0x0000000000000553       0x34 Drivers/STM32F4xx_HAL_Driver/Src/stm32f4xx_hal.o
 .ARM.attributes
                0x0000000000000587       0x34 Drivers/STM32F4xx_HAL_Driver/Src/stm32f4xx_hal_can.o
 .ARM.attributes
                0x00000000000005bb       0x34 Drivers/STM32F4xx_HAL_Driver/Src/stm32f4xx_hal_cortex.o
 .ARM.attributes
                0x00000000000005ef       0x34 Drivers/STM32F4xx_HAL_Driver/Src/stm32f4xx_hal_dma.o
 .ARM.attributes
                0x0000000000000623       0x34 Drivers/STM32F4xx_HAL_Driver/Src/stm32f4xx_hal_gpio.o
 .ARM.attributes
                0x0000000000000657       0x34 Drivers/STM32F4xx_HAL_Driver/Src/stm32f4xx_hal_rcc.o
 .ARM.attributes
                0x000000000000068b       0x34 Drivers/STM32F4xx_HAL_Driver/Src/stm32f4xx_hal_spi.o
 .ARM.attributes
                0x00000000000006bf       0x34 Drivers/STM32F4xx_HAL_Driver/Src/stm32f4xx_hal_tim.o
 .ARM.attributes
                0x00000000000006f3       0x34 Drivers/STM32F4xx_HAL_Driver/Src/stm32f4xx_hal_tim_ex.o
 .ARM.attributes
                0x0000000000000727       0x34 Drivers/STM32F4xx_HAL_Driver/Src/stm32f4xx_hal_uart.o
 .ARM.attributes
                0x000000000000075b       0x34 Middlewares/Third_Party/FreeRTOS/Source/CMSIS_RTOS_V2/cmsis_os2.o
 .ARM.attributes
                0x000000000000078f       0x34 Middlewares/Third_Party/FreeRTOS/Source/event_groups.o
 .ARM.attributes
                0x00000000000007c3       0x34 Middlewares/Third_Party/FreeRTOS/Source/list.o
 .ARM.attributes
                0x00000000000007f7       0x34 Middlewares/Third_Party/FreeRTOS/Source/queue.o
 .ARM.attributes