bsp_imu.c:75:7:inv_sqrt	32	static
bsp_imu.c:101:9:mpu_write_byte	24	static
bsp_imu.c:119:9:mpu_read_byte	24	static
bsp_imu.c:137:9:mpu_read_bytes	24	static
bsp_imu.c:148:9:mpu_read_bytes_DMA	24	static
bsp_imu.c:167:13:ist_reg_write_by_mpu	16	static
bsp_imu.c:188:16:ist_reg_read_by_mpu	24	static
bsp_imu.c:208:13:mpu_master_i2c_auto_read_config	16	static
bsp_imu.c:248:9:ist8310_init	8	static
bsp_imu.c:315:6:ist8310_get_data	16	static
bsp_imu.c:327:6:mpu_get_data	8	static
bsp_imu.c:341:9:mpu_set_gyro_fsr	16	static
bsp_imu.c:353:9:mpu_set_accel_fsr	16	static
bsp_imu.c:359:6:reset_imu_data	4	static
bsp_imu.c:374:9:imu_init	40	static
bsp_imu.c:416:6:mpu_offset_call	16	static
bsp_imu.c:448:6:init_quaternion	48	static
bsp_imu.c:609:6:imu_ahrs_update	128	static
bsp_imu.c:712:6:imu_attitude_update	16	static
bsp_imu.c:736:6:HAL_SPI_TxRxCpltCallback	16	static
